 nxmydb

 Timestamp is 46f9b90f (Tue Sep 25 19:42:39 2007)

 Preferred load address is 10000000

 Start         Length     Name                   Class
 0001:00000000 0006a3beH .text                   CODE
 0001:0006a3c0 00001143H .text$x                 CODE
 0002:00000000 00000104H .CRT$XCA                DATA
 0002:00000104 00000104H .CRT$XCZ                DATA
 0002:00000208 00000104H .CRT$XIA                DATA
 0002:0000030c 00000118H .CRT$XIC                DATA
 0002:00000424 00000104H .CRT$XIY                DATA
 0002:00000528 00000104H .CRT$XIZ                DATA
 0002:0000062c 00000104H .CRT$XPA                DATA
 0002:00000730 00000109H .CRT$XPX                DATA
 0002:0000083c 00000104H .CRT$XPXA               DATA
 0002:00000940 00000104H .CRT$XPZ                DATA
 0002:00000a44 00000104H .CRT$XTA                DATA
 0002:00000b48 00000104H .CRT$XTB                DATA
 0002:00000c4c 00000104H .CRT$XTZ                DATA
 0002:00000d50 0000d3a8H .rdata                  DATA
 0002:0000e0f8 00000140H .rdata$debug            DATA
 0002:0000e238 000004e1H .rdata$r                DATA
 0002:0000e720 00000134H .rdata$sxdata           DATA
 0002:0000e854 00000104H .rtc$IAA                DATA
 0002:0000e958 00000104H .rtc$IZZ                DATA
 0002:0000ea5c 00000104H .rtc$TAA                DATA
 0002:0000eb60 00000104H .rtc$TZZ                DATA
 0002:0000ec68 00000fc1H .xdata$x                DATA
 0002:0000fc30 000001acH .edata                  DATA
 0003:00000000 00012f20H .data                   DATA
 0003:00012f20 00002330H .bss                    DATA
 0004:00000000 0000003cH .idata$2                DATA
 0004:0000003c 00000014H .idata$3                DATA
 0004:00000050 000002f4H .idata$4                DATA
 0004:00000344 000002f4H .idata$5                DATA
 0004:00000638 00000bc4H .idata$6                DATA
 0005:00000000 00000169H .rsrc$01                DATA
 0005:00000170 0000041cH .rsrc$02                DATA

  Address         Publics by Value              Rva+Base       Lib:Object

 0000:00000000       __except_list              00000000     <absolute>
 0000:0000000b       ___safe_se_handler_count   0000000b     <absolute>
 0000:00000000       ___ImageBase               10000000     <linker-defined>
 0001:000003c0       @ArraySearch@20            100013c0 f   array.obj
 0001:00000550       @ArraySort@16              10001550 f   array.obj
 0001:000005f0       @ArrayDelete@20            100015f0 f   array.obj
 0001:000006d0       @ArrayPtrInsert@16         100016d0 f   array.obj
 0001:00000810       @ArrayPtrSearch@16         10001810 f   array.obj
 0001:00000920       @ArrayPtrSort@12           10001920 f   array.obj
 0001:000009a0       @ArrayPtrDelete@16         100019a0 f   array.obj
 0001:00000c10       @ConditionVariableCreate@4 10001c10 f   condvar.obj
 0001:00000c70       @ConditionVariableDestroy@4 10001c70 f   condvar.obj
 0001:00000cd0       @ConditionVariableBroadcast@4 10001cd0 f   condvar.obj
 0001:00000d30       @ConditionVariableSignal@4 10001d30 f   condvar.obj
 0001:00000d80       @ConditionVariableWait@12  10001d80 f   condvar.obj
 0001:00000eb0       @DbInit@4                  10001eb0 f   database.obj
 0001:00001b60       @DbFinalize@0              10002b60 f   database.obj
 0001:00001cf0       @DbSyncStart@0             10002cf0 f   database.obj
 0001:00002050       @DbSyncStop@0              10003050 f   database.obj
 0001:00002080       @DbMapError@4              10003080 f   database.obj
 0001:00002190       @DbAcquire@4               10003190 f   database.obj
 0001:00002210       @DbRelease@4               10003210 f   database.obj
 0001:00002790       _StringCchCopyA@12         10003790 f i database.obj
 0001:000027f0       @DbMapErrorFromStmt@4      100037f0 f i database.obj
 0001:00002840       _DebugAllocate@16          10003840 f   debug.obj
 0001:00002980       _DebugReallocate@20        10003980 f   debug.obj
 0001:00002c00       _DebugFree@16              10003c00 f   debug.obj
 0001:00002e00       _DebugCheck@16             10003e00 f   debug.obj
 0001:00003000       @TraceHeader@0             10004000 f   debug.obj
 0001:00003040       _TraceFormat               10004040 f   debug.obj
 0001:00003140       @TraceFooter@0             10004140 f   debug.obj
 0001:000033b0       _StringCchVPrintfA@16      100043b0 f i debug.obj
 0001:00003410       _StringCchPrintfExA        10004410 f i debug.obj
 0001:00003600       _DllMain@12                10004600 f   dllentry.obj
 0001:00003740       _EventInit                 10004740 f   event.obj
 0001:00003920       _EventDeInit               10004920 f   event.obj
 0001:00003a00       _GroupModuleInit           10004a00 f   group.obj
 0001:000042a0       _GroupRegister             100052a0 f   group.obj
 0001:000043c0       _GroupRegisterAs           100053c0 f   group.obj
 0001:000044b0       _GroupUnregister           100054b0 f   group.obj
 0001:00004570       _GroupUpdate               10005570 f   group.obj
 0001:00004630       _GroupUpdateByName         10005630 f   group.obj
 0001:00004ae0       _DbGroupRead               10005ae0 f   groupdb.obj
 0001:00004f50       _DbGroupCreate             10005f50 f   groupdb.obj
 0001:00005460       _DbGroupRename             10006460 f   groupdb.obj
 0001:00005500       _DbGroupDelete             10006500 f   groupdb.obj
 0001:00005940       _DbGroupLock               10006940 f   groupdb.obj
 0001:00005c00       _DbGroupUnlock             10006c00 f   groupdb.obj
 0001:00005e00       _DbGroupOpen               10006e00 f   groupdb.obj
 0001:00005eb0       _DbGroupWrite              10006eb0 f   groupdb.obj
 0001:00006120       _DbGroupClose              10007120 f   groupdb.obj
 0001:000066c0       @DbMapErrorFromConn@4      100076c0 f i groupdb.obj
 0001:00006710       _DbGroupSync               10007710 f   groupdbsync.obj
 0001:00008030       _FileGroupDefault          10009030 f   groupfile.obj
 0001:000082e0       _FileGroupCreate           100092e0 f   groupfile.obj
 0001:000084a0       _FileGroupDelete           100094a0 f   groupfile.obj
 0001:000085a0       _FileGroupOpen             100095a0 f   groupfile.obj
 0001:00008710       _FileGroupWrite            10009710 f   groupfile.obj
 0001:00008870       _FileGroupClose            10009870 f   groupfile.obj
 0001:00008b10       _StringCchPrintfA          10009b10 f i groupfile.obj
 0001:00008b80       @NameListCreate@8          10009b80 f   namelist.obj
 0001:00009240       @NameListCreateGroups@4    1000a240 f   namelist.obj
 0001:000092c0       @NameListCreateUsers@4     1000a2c0 f   namelist.obj
 0001:00009340       @NameListDestroy@4         1000a340 f   namelist.obj
 0001:000093f0       @NameListExists@8          1000a3f0 f   namelist.obj
 0001:000094b0       @NameListRemove@8          1000a4b0 f   namelist.obj
 0001:00009840       _StringCchCopyNA@16        1000a840 f i namelist.obj
 0001:000098c0       _PoolCreate@36             1000a8c0 f   pool.obj
 0001:0000a310       @PoolDestroy@4             1000b310 f   pool.obj
 0001:0000a5a0       @PoolAcquire@8             1000b5a0 f   pool.obj
 0001:0000a770       @PoolRelease@8             1000b770 f   pool.obj
 0001:0000a860       @PoolValidate@8            1000b860 f   pool.obj
 0001:0000a910       @PoolInvalidate@8          1000b910 f   pool.obj
 0001:0000add0       @ProcTableInit@4           1000bdd0 f   proctable.obj
 0001:0000b2f0       @ProcTableFinalize@0       1000c2f0 f   proctable.obj
 0001:0000b460       _UserModuleInit            1000c460 f   user.obj
 0001:0000bcf0       _UserRegister              1000ccf0 f   user.obj
 0001:0000be10       _UserRegisterAs            1000ce10 f   user.obj
 0001:0000bf00       _UserUnregister            1000cf00 f   user.obj
 0001:0000bfc0       _UserUpdate                1000cfc0 f   user.obj
 0001:0000c080       _UserUpdateByName          1000d080 f   user.obj
 0001:0000c530       _DbUserReadExtra           1000d530 f   userdb.obj
 0001:0000d000       _DbUserRead                1000e000 f   userdb.obj
 0001:0000d6c0       _DbUserCreate              1000e6c0 f   userdb.obj
 0001:0000e440       _DbUserRename              1000f440 f   userdb.obj
 0001:0000ee40       _DbUserDelete              1000fe40 f   userdb.obj
 0001:0000f750       _DbUserLock                10010750 f   userdb.obj
 0001:0000fa10       _DbUserUnlock              10010a10 f   userdb.obj
 0001:0000fc10       _DbUserOpen                10010c10 f   userdb.obj
 0001:0000fcc0       _DbUserWrite               10010cc0 f   userdb.obj
 0001:00010ca0       _DbUserClose               10011ca0 f   userdb.obj
 0001:00011e90       _DbUserSync                10012e90 f   userdbsync.obj
 0001:00013ce0       _FileUserDefault           10014ce0 f   userfile.obj
 0001:00013fa0       _FileUserCreate            10014fa0 f   userfile.obj
 0001:00014160       _FileUserDelete            10015160 f   userfile.obj
 0001:00014260       _FileUserOpen              10015260 f   userfile.obj
 0001:000143d0       _FileUserWrite             100153d0 f   userfile.obj
 0001:00014530       _FileUserClose             10015530 f   userfile.obj
 0001:000147d0       _RpcStringFreeA@4          100157d0 f   rpcrt4:RPCRT4.dll
 0001:000147d6       _UuidToStringA@8           100157d6 f   rpcrt4:RPCRT4.dll
 0001:000147dc       _UuidCreate@4              100157dc f   rpcrt4:RPCRT4.dll
 0001:000147e2       _mysql_get_client_info@0   100157e2 f   libmysql:LIBMYSQL.dll
 0001:000147e8       _mysql_get_host_info@4     100157e8 f   libmysql:LIBMYSQL.dll
 0001:000147ee       _mysql_get_server_info@4   100157ee f   libmysql:LIBMYSQL.dll
 0001:000147f4       _mysql_stmt_init@4         100157f4 f   libmysql:LIBMYSQL.dll
 0001:000147fa       _mysql_error@4             100157fa f   libmysql:LIBMYSQL.dll
 0001:00014800       _mysql_real_connect@32     10015800 f   libmysql:LIBMYSQL.dll
 0001:00014806       _mysql_ssl_set@24          10015806 f   libmysql:LIBMYSQL.dll
 0001:0001480c       _mysql_init@4              1001580c f   libmysql:LIBMYSQL.dll
 0001:00014812       _mysql_ping@4              10015812 f   libmysql:LIBMYSQL.dll
 0001:00014818       _mysql_close@4             10015818 f   libmysql:LIBMYSQL.dll
 0001:0001481e       _mysql_stmt_close@4        1001581e f   libmysql:LIBMYSQL.dll
 0001:00014824       _mysql_free_result@4       10015824 f   libmysql:LIBMYSQL.dll
 0001:0001482a       _mysql_stmt_fetch@4        1001582a f   libmysql:LIBMYSQL.dll
 0001:00014830       _mysql_stmt_store_result@4 10015830 f   libmysql:LIBMYSQL.dll
 0001:00014836       _mysql_stmt_bind_result@8  10015836 f   libmysql:LIBMYSQL.dll
 0001:0001483c       _mysql_num_fields@4        1001583c f   libmysql:LIBMYSQL.dll
 0001:00014842       _mysql_stmt_execute@4      10015842 f   libmysql:LIBMYSQL.dll
 0001:00014848       _mysql_stmt_result_metadata@4 10015848 f   libmysql:LIBMYSQL.dll
 0001:0001484e       _mysql_stmt_error@4        1001584e f   libmysql:LIBMYSQL.dll
 0001:00014854       _mysql_stmt_prepare@12     10015854 f   libmysql:LIBMYSQL.dll
 0001:0001485a       _mysql_stmt_errno@4        1001585a f   libmysql:LIBMYSQL.dll
 0001:00014860       _mysql_stmt_bind_param@8   10015860 f   libmysql:LIBMYSQL.dll
 0001:00014866       _mysql_stmt_param_count@4  10015866 f   libmysql:LIBMYSQL.dll
 0001:0001486c       _mysql_query@8             1001586c f   libmysql:LIBMYSQL.dll
 0001:00014872       _mysql_errno@4             10015872 f   libmysql:LIBMYSQL.dll
 0001:00014878       _mysql_stmt_affected_rows@4 10015878 f   libmysql:LIBMYSQL.dll
 0001:0001487e       _StringLengthWorkerA@12    1001587e f   strsafe:strsafe.obj
 0001:000148bc       _StringLengthWorkerW@12    100158bc f   strsafe:strsafe.obj
 0001:000148fc       _StringExValidateSrcA@16   100158fc f   strsafe:strsafe.obj
 0001:00014937       _StringExValidateSrcW@16   10015937 f   strsafe:strsafe.obj
 0001:00014972       _StringValidateDestA@16    10015972 f   strsafe:strsafe.obj
 0001:000149aa       _StringValidateDestW@16    100159aa f   strsafe:strsafe.obj
 0001:000149e2       _StringExValidateDestA@20  100159e2 f   strsafe:strsafe.obj
 0001:00014a42       _StringExValidateDestW@20  10015a42 f   strsafe:strsafe.obj
 0001:00014aa2       _StringCopyWorkerA@20      10015aa2 f   strsafe:strsafe.obj
 0001:00014af1       _StringCopyWorkerW@20      10015af1 f   strsafe:strsafe.obj
 0001:00014b47       _StringVPrintfWorkerA@20   10015b47 f   strsafe:strsafe.obj
 0001:00014b93       _StringVPrintfWorkerW@20   10015b93 f   strsafe:strsafe.obj
 0001:00014be1       _StringExHandleFillBehindNullA@12 10015be1 f   strsafe:strsafe.obj
 0001:00014c0c       _StringExHandleFillBehindNullW@12 10015c0c f   strsafe:strsafe.obj
 0001:00014c3b       _StringExHandleOtherFlagsA@24 10015c3b f   strsafe:strsafe.obj
 0001:00014cce       _StringExHandleOtherFlagsW@24 10015cce f   strsafe:strsafe.obj
 0001:00014d70       __CrtSetReportHookW2       10015d70 f   LIBCMTD:dbgrptw.obj
 0001:00015090       __CrtDbgReportW            10016090 f   LIBCMTD:dbgrptw.obj
 0001:000150d0       __CrtDbgReportWV           100160d0 f i LIBCMTD:dbgrptw.obj
 0001:00015410       __invoke_watson_if_error   10016410 f i LIBCMTD:dbgrptw.obj
 0001:00015440       __invoke_watson_if_oneof   10016440 f i LIBCMTD:dbgrptw.obj
 0001:00015480       ___crtMessageWindowW       10016480 f   LIBCMTD:dbgrptw.obj
 0001:00015880       ?_CrtDbgReportW@@YAHHPBGH00ZZ 10016880 f   LIBCMTD:dbgrptw.obj
 0001:000158c0       _qsort                     100168c0 f   LIBCMTD:qsort.obj
 0001:00015e70       _memcpy                    10016e70 f   LIBCMTD:memcpy.obj
 0001:000161e0       _memmove                   100171e0 f   LIBCMTD:memmove.obj
 0001:00016550       _memset                    10017550 f   LIBCMTD:memset.obj
 0001:000165d0       __aulldiv                  100175d0 f   LIBCMTD:ulldiv.obj
 0001:00016640       __isalpha_l                10017640 f i LIBCMTD:_ctype.obj
 0001:000166d0       ??0_LocaleUpdate@@QAE@PAUlocaleinfo_struct@@@Z 100176d0 f i LIBCMTD:_ctype.obj
 0001:000167b0       ??1_LocaleUpdate@@QAE@XZ   100177b0 f i LIBCMTD:_ctype.obj
 0001:000167e0       ?GetLocaleT@_LocaleUpdate@@QAEPAUlocaleinfo_struct@@XZ 100177e0 f i LIBCMTD:_ctype.obj
 0001:000167f0       _isalpha                   100177f0 f i LIBCMTD:_ctype.obj
 0001:00016830       __isupper_l                10017830 f i LIBCMTD:_ctype.obj
 0001:000168b0       _isupper                   100178b0 f i LIBCMTD:_ctype.obj
 0001:000168e0       __islower_l                100178e0 f i LIBCMTD:_ctype.obj
 0001:00016960       _islower                   10017960 f i LIBCMTD:_ctype.obj
 0001:00016990       __isdigit_l                10017990 f i LIBCMTD:_ctype.obj
 0001:00016a10       _isdigit                   10017a10 f i LIBCMTD:_ctype.obj
 0001:00016a40       __isxdigit_l               10017a40 f i LIBCMTD:_ctype.obj
 0001:00016ad0       _isxdigit                  10017ad0 f i LIBCMTD:_ctype.obj
 0001:00016b10       __isspace_l                10017b10 f i LIBCMTD:_ctype.obj
 0001:00016b90       _isspace                   10017b90 f i LIBCMTD:_ctype.obj
 0001:00016bc0       __ispunct_l                10017bc0 f i LIBCMTD:_ctype.obj
 0001:00016c40       _ispunct                   10017c40 f i LIBCMTD:_ctype.obj
 0001:00016c70       __isalnum_l                10017c70 f i LIBCMTD:_ctype.obj
 0001:00016d00       _isalnum                   10017d00 f i LIBCMTD:_ctype.obj
 0001:00016d40       __isprint_l                10017d40 f i LIBCMTD:_ctype.obj
 0001:00016dd0       _isprint                   10017dd0 f i LIBCMTD:_ctype.obj
 0001:00016e10       __isgraph_l                10017e10 f i LIBCMTD:_ctype.obj
 0001:00016ea0       _isgraph                   10017ea0 f i LIBCMTD:_ctype.obj
 0001:00016ee0       __iscntrl_l                10017ee0 f i LIBCMTD:_ctype.obj
 0001:00016f60       _iscntrl                   10017f60 f i LIBCMTD:_ctype.obj
 0001:00016f90       ___isascii                 10017f90 f i LIBCMTD:_ctype.obj
 0001:00016fa0       ___toascii                 10017fa0 f i LIBCMTD:_ctype.obj
 0001:00016fb0       __iscsymf_l                10017fb0 f i LIBCMTD:_ctype.obj
 0001:00016ff0       ___iscsymf                 10017ff0 f i LIBCMTD:_ctype.obj
 0001:00017030       __iscsym_l                 10018030 f i LIBCMTD:_ctype.obj
 0001:00017070       ___iscsym                  10018070 f i LIBCMTD:_ctype.obj
 0001:000170b0       _strlen                    100180b0 f   LIBCMTD:strlen.obj
 0001:00017140       @__security_check_cookie@4 10018140 f   LIBCMTD:secchk.obj
 0001:00017150       __stricmp_l                10018150 f   LIBCMTD:stricmp.obj
 0001:00017300       ___ascii_stricmp           10018300 f   LIBCMTD:stricmp.obj
 0001:00017370       __stricmp                  10018370 f   LIBCMTD:stricmp.obj
 0001:00017480       _memcmp                    10018480 f   LIBCMTD:memcmp.obj
 0001:00017ef0       _strtol                    10018ef0 f   LIBCMTD:strtol.obj
 0001:00018420       __strtol_l                 10019420 f   LIBCMTD:strtol.obj
 0001:00018440       _strtoul                   10019440 f   LIBCMTD:strtol.obj
 0001:00018490       __strtoul_l                10019490 f   LIBCMTD:strtol.obj
 0001:000184b0       _strcmp                    100194b0 f   LIBCMTD:strcmp.obj
 0001:00018540       __alloca_probe             10019540     LIBCMTD:chkstk.obj
 0001:00018540       __chkstk                   10019540 f   LIBCMTD:chkstk.obj
 0001:00018570       __CRT_INIT@12              10019570 f   LIBCMTD:dllcrt0.obj
 0001:00018850       __set_osplatform           10019850 f i LIBCMTD:dllcrt0.obj
 0001:00018860       __set_osver                10019860 f i LIBCMTD:dllcrt0.obj
 0001:00018870       __set_winver               10019870 f i LIBCMTD:dllcrt0.obj
 0001:00018880       __set_winmajor             10019880 f i LIBCMTD:dllcrt0.obj
 0001:00018890       __set_winminor             10019890 f i LIBCMTD:dllcrt0.obj
 0001:000188a0       __DllMainCRTStartup@12     100198a0 f   LIBCMTD:dllcrt0.obj
 0001:00018a80       __vsnprintf_l              10019a80 f   LIBCMTD:vsnprint.obj
 0001:00018c20       __vsnprintf                10019c20 f   LIBCMTD:vsnprint.obj
 0001:00018c40       __vsnwprintf_l             10019c40 f   LIBCMTD:vsnwprnt.obj
 0001:00018e40       __vsnwprintf               10019e40 f   LIBCMTD:vsnwprnt.obj
 0001:00018e60       __mtinitlocks              10019e60 f   LIBCMTD:mlock.obj
 0001:00018ef0       __mtdeletelocks            10019ef0 f   LIBCMTD:mlock.obj
 0001:00018fb0       __mtinitlocknum            10019fb0 f   LIBCMTD:mlock.obj
 0001:00019100       __lock                     1001a100 f   LIBCMTD:mlock.obj
 0001:00019140       __unlock                   1001a140 f   LIBCMTD:mlock.obj
 0001:00019160       __lockerr_exit             1001a160 f   LIBCMTD:mlock.obj
 0001:00019180       _malloc                    1001a180 f   LIBCMTD:dbgheap.obj
 0001:000191b0       __malloc_dbg               1001a1b0 f   LIBCMTD:dbgheap.obj
 0001:000191e0       __nh_malloc                1001a1e0 f   LIBCMTD:dbgheap.obj
 0001:00019200       __nh_malloc_dbg            1001a200 f   LIBCMTD:dbgheap.obj
 0001:00019270       __heap_alloc               1001a270 f   LIBCMTD:dbgheap.obj
 0001:00019290       __heap_alloc_dbg           1001a290 f   LIBCMTD:dbgheap.obj
 0001:00019630       _calloc                    1001a630 f   LIBCMTD:dbgheap.obj
 0001:00019660       __calloc_dbg               1001a660 f   LIBCMTD:dbgheap.obj
 0001:00019720       _realloc                   1001a720 f   LIBCMTD:dbgheap.obj
 0001:00019750       __recalloc                 1001a750 f   LIBCMTD:dbgheap.obj
 0001:000197f0       __realloc_dbg              1001a7f0 f   LIBCMTD:dbgheap.obj
 0001:00019dc0       __recalloc_dbg             1001adc0 f   LIBCMTD:dbgheap.obj
 0001:00019e70       __expand                   1001ae70 f   LIBCMTD:dbgheap.obj
 0001:00019ea0       __expand_dbg               1001aea0 f   LIBCMTD:dbgheap.obj
 0001:00019fb0       _free                      1001afb0 f   LIBCMTD:dbgheap.obj
 0001:00019fd0       __free_nolock              1001afd0 f   LIBCMTD:dbgheap.obj
 0001:00019ff0       __free_dbg                 1001aff0 f   LIBCMTD:dbgheap.obj
 0001:0001a070       __free_dbg_nolock          1001b070 f   LIBCMTD:dbgheap.obj
 0001:0001a4a0       __msize                    1001b4a0 f   LIBCMTD:dbgheap.obj
 0001:0001a4c0       __msize_dbg                1001b4c0 f   LIBCMTD:dbgheap.obj
 0001:0001a6b0       __CrtSetBreakAlloc         1001b6b0 f   LIBCMTD:dbgheap.obj
 0001:0001a6d0       __CrtSetDbgBlockType       1001b6d0 f   LIBCMTD:dbgheap.obj
 0001:0001a7c0       __CrtSetAllocHook          1001b7c0 f   LIBCMTD:dbgheap.obj
 0001:0001a7e0       __CrtGetAllocHook          1001b7e0 f   LIBCMTD:dbgheap.obj
 0001:0001a840       __CrtCheckMemory           1001b840 f   LIBCMTD:dbgheap.obj
 0001:0001abc0       __CrtSetDbgFlag            1001bbc0 f   LIBCMTD:dbgheap.obj
 0001:0001ad10       __CrtDoForAllClientObjects 1001bd10 f   LIBCMTD:dbgheap.obj
 0001:0001ae30       __CrtIsValidPointer        1001be30 f   LIBCMTD:dbgheap.obj
 0001:0001ae40       __CrtIsValidHeapPointer    1001be40 f   LIBCMTD:dbgheap.obj
 0001:0001af30       __CrtIsMemoryBlock         1001bf30 f   LIBCMTD:dbgheap.obj
 0001:0001b0a0       __CrtReportBlockType       1001c0a0 f   LIBCMTD:dbgheap.obj
 0001:0001b0d0       __CrtSetDumpClient         1001c0d0 f   LIBCMTD:dbgheap.obj
 0001:0001b0f0       __CrtGetDumpClient         1001c0f0 f   LIBCMTD:dbgheap.obj
 0001:0001b100       __CrtMemCheckpoint         1001c100 f   LIBCMTD:dbgheap.obj
 0001:0001b2e0       __CrtMemDifference         1001c2e0 f   LIBCMTD:dbgheap.obj
 0001:0001b500       __CrtMemDumpAllObjectsSince 1001c500 f   LIBCMTD:dbgheap.obj
 0001:0001b9f0       __CrtDumpMemoryLeaks       1001c9f0 f   LIBCMTD:dbgheap.obj
 0001:0001ba60       __CrtMemDumpStatistics     1001ca60 f   LIBCMTD:dbgheap.obj
 0001:0001bb70       __aligned_malloc           1001cb70 f   LIBCMTD:dbgheap.obj
 0001:0001bb90       __aligned_malloc_dbg       1001cb90 f   LIBCMTD:dbgheap.obj
 0001:0001bbb0       __aligned_realloc          1001cbb0 f   LIBCMTD:dbgheap.obj
 0001:0001bbd0       __aligned_recalloc         1001cbd0 f   LIBCMTD:dbgheap.obj
 0001:0001bc00       __aligned_realloc_dbg      1001cc00 f   LIBCMTD:dbgheap.obj
 0001:0001bc30       __aligned_recalloc_dbg     1001cc30 f   LIBCMTD:dbgheap.obj
 0001:0001bc60       __aligned_offset_malloc    1001cc60 f   LIBCMTD:dbgheap.obj
 0001:0001bc80       __aligned_offset_malloc_dbg 1001cc80 f   LIBCMTD:dbgheap.obj
 0001:0001be20       __aligned_offset_realloc   1001ce20 f   LIBCMTD:dbgheap.obj
 0001:0001be50       __aligned_offset_recalloc  1001ce50 f   LIBCMTD:dbgheap.obj
 0001:0001be80       __aligned_offset_realloc_dbg 1001ce80 f   LIBCMTD:dbgheap.obj
 0001:0001c150       __aligned_offset_recalloc_dbg 1001d150 f   LIBCMTD:dbgheap.obj
 0001:0001c200       __aligned_free             1001d200 f   LIBCMTD:dbgheap.obj
 0001:0001c220       __aligned_free_dbg         1001d220 f   LIBCMTD:dbgheap.obj
 0001:0001c2d0       __CrtSetDebugFillThreshold 1001d2d0 f   LIBCMTD:dbgheap.obj
 0001:0001c2f0       __CrtSetCheckCount         1001d2f0 f   LIBCMTD:dbgheap.obj
 0001:0001c310       __CrtGetCheckCount         1001d310 f   LIBCMTD:dbgheap.obj
 0001:0001c320       __CrtDbgBreak              1001d320 f   LIBCMTD:dbgrptt.obj
 0001:0001c330       __CrtSetReportMode         1001d330 f   LIBCMTD:dbgrptt.obj
 0001:0001c470       __CrtSetReportFile         1001d470 f   LIBCMTD:dbgrptt.obj
 0001:0001c560       __CrtSetReportHook         1001d560 f   LIBCMTD:dbgrptt.obj
 0001:0001c580       __CrtGetReportHook         1001d580 f   LIBCMTD:dbgrptt.obj
 0001:0001c590       __VCrtDbgReportA           1001d590 f   LIBCMTD:dbgrptt.obj
 0001:0001cda0       __VCrtDbgReportW           1001dda0 f   LIBCMTD:dbgrptt.obj
 0001:0001d6b0       __initp_misc_invarg        1001e6b0 f   LIBCMTD:invarg.obj
 0001:0001d6c0       __invalid_parameter        1001e6c0 f   LIBCMTD:invarg.obj
 0001:0001d730       __invoke_watson            1001e730 f   LIBCMTD:invarg.obj
 0001:0001d870       __set_invalid_parameter_handler 1001e870 f   LIBCMTD:invarg.obj
 0001:0001d8b0       __get_invalid_parameter_handler 1001e8b0 f   LIBCMTD:invarg.obj
 0001:0001d8e0       ?_invalid_parameter@@YAXPBG00II@Z 1001e8e0 f   LIBCMTD:invarg.obj
 0001:0001d910       ?_invoke_watson@@YAXPBG00II@Z 1001e910 f   LIBCMTD:invarg.obj
 0001:0001d940       __dosmaperr                1001e940 f   LIBCMTD:dosmap.obj
 0001:0001d970       __get_errno_from_oserr     1001e970 f   LIBCMTD:dosmap.obj
 0001:0001d9f0       __set_errno                1001e9f0 f   LIBCMTD:dosmap.obj
 0001:0001da20       __get_errno                1001ea20 f   LIBCMTD:dosmap.obj
 0001:0001daa0       __set_doserrno             1001eaa0 f   LIBCMTD:dosmap.obj
 0001:0001dad0       __get_doserrno             1001ead0 f   LIBCMTD:dosmap.obj
 0001:0001db50       __errno                    1001eb50 f   LIBCMTD:dosmap.obj
 0001:0001db80       ___doserrno                1001eb80 f   LIBCMTD:dosmap.obj
 0001:0001dbb0       __except_handler4          1001ebb0 f   LIBCMTD:chandler4.obj
 0001:0001ddd0       _strcpy_s                  1001edd0 f   LIBCMTD:strcpy_s.obj
 0001:0001e0b0       _strcat_s                  1001f0b0 f   LIBCMTD:strcat_s.obj
 0001:0001e490       __wcstombs_l_helper        1001f490 f   LIBCMTD:wcstombs.obj
 0001:0001e9e0       __wcstombs_l               1001f9e0 f   LIBCMTD:wcstombs.obj
 0001:0001ea00       _wcstombs                  1001fa00 f   LIBCMTD:wcstombs.obj
 0001:0001ea20       __wcstombs_s_l             1001fa20 f   LIBCMTD:wcstombs.obj
 0001:0001ece0       _wcstombs_s                1001fce0 f   LIBCMTD:wcstombs.obj
 0001:0001ed10       __cinit                    1001fd10 f   LIBCMTD:crt0dat.obj
 0001:0001edb0       _exit                      1001fdb0 f   LIBCMTD:crt0dat.obj
 0001:0001edd0       __exit                     1001fdd0 f   LIBCMTD:crt0dat.obj
 0001:0001edf0       __cexit                    1001fdf0 f   LIBCMTD:crt0dat.obj
 0001:0001ee10       __c_exit                   1001fe10 f   LIBCMTD:crt0dat.obj
 0001:0001ee30       __amsg_exit                1001fe30 f   LIBCMTD:crt0dat.obj
 0001:0001ee70       ___freeCrtMemory           1001fe70 f   LIBCMTD:crt0dat.obj
 0001:0001f110       ___crtCorExitProcess       10020110 f   LIBCMTD:crt0dat.obj
 0001:0001f150       ___crtExitProcess          10020150 f   LIBCMTD:crt0dat.obj
 0001:0001f170       __lockexit                 10020170 f   LIBCMTD:crt0dat.obj
 0001:0001f180       __unlockexit               10020180 f   LIBCMTD:crt0dat.obj
 0001:0001f190       __init_pointers            10020190 f   LIBCMTD:crt0dat.obj
 0001:0001f250       __initterm_e               10020250 f   LIBCMTD:crt0dat.obj
 0001:0001f290       __get_osplatform           10020290 f   LIBCMTD:crt0dat.obj
 0001:0001f380       __get_osver                10020380 f   LIBCMTD:crt0dat.obj
 0001:0001f470       __get_winver               10020470 f   LIBCMTD:crt0dat.obj
 0001:0001f560       __get_winmajor             10020560 f   LIBCMTD:crt0dat.obj
 0001:0001f650       __get_winminor             10020650 f   LIBCMTD:crt0dat.obj
 0001:0001f740       __get_wpgmptr              10020740 f   LIBCMTD:crt0dat.obj
 0001:0001f830       __get_pgmptr               10020830 f   LIBCMTD:crt0dat.obj
 0001:0001f920       __initp_misc_winsig        10020920 f   LIBCMTD:winsig.obj
 0001:0001f950       _signal                    10020950 f   LIBCMTD:winsig.obj
 0001:0001fdf0       _raise                     10020df0 f   LIBCMTD:winsig.obj
 0001:00020160       ___get_sigabrt             10021160 f   LIBCMTD:winsig.obj
 0001:00020180       ___fpecode                 10021180 f   LIBCMTD:winsig.obj
 0001:00020190       ___pxcptinfoptrs           10021190 f   LIBCMTD:winsig.obj
 0001:000201a0       ___crtMessageBoxW          100211a0 f   LIBCMTD:crtmboxw.obj
 0001:00020400       __swprintf                 10021400 f   LIBCMTD:swprintf.obj
 0001:000205c0       ___swprintf_l              100215c0 f   LIBCMTD:swprintf.obj
 0001:000205f0       _swprintf_s                100215f0 f   LIBCMTD:swprintf.obj
 0001:00020620       __snwprintf_s              10021620 f   LIBCMTD:swprintf.obj
 0001:00020650       __swprintf_p               10021650 f   LIBCMTD:swprintf.obj
 0001:00020680       __swprintf_s_l             10021680 f   LIBCMTD:swprintf.obj
 0001:000206b0       __snwprintf_s_l            100216b0 f   LIBCMTD:swprintf.obj
 0001:000206e0       __swprintf_p_l             100216e0 f   LIBCMTD:swprintf.obj
 0001:00020710       __scwprintf                10021710 f   LIBCMTD:swprintf.obj
 0001:00020730       __scwprintf_p              10021730 f   LIBCMTD:swprintf.obj
 0001:00020750       __scwprintf_l              10021750 f   LIBCMTD:swprintf.obj
 0001:00020780       __scwprintf_p_l            10021780 f   LIBCMTD:swprintf.obj
 0001:000207b0       _wcsncpy_s                 100217b0 f   LIBCMTD:wcsncpy_s.obj
 0001:00020bb0       _wcslen                    10021bb0 f   LIBCMTD:wcslen.obj
 0001:00020be0       _wcscpy_s                  10021be0 f   LIBCMTD:wcscpy_s.obj
 0001:00020ec0       __VEC_memcpy               10021ec0 f   LIBCMTD:p4_memcpy.obj
 0001:00021040       __sse2_mathfcns_init       10022040 f   LIBCMTD:mathfcns.obj
 0001:00021060       __set_SSE2_enable          10022060 f   LIBCMTD:mathfcns.obj
 0001:00021080       __VEC_memzero              10022080 f   LIBCMTD:p4_memset.obj
 0001:00021170       __chvalidator              10022170 f   LIBCMTD:isctype.obj
 0001:000211c0       __chvalidator_l            100221c0 f   LIBCMTD:isctype.obj
 0001:00021270       __isctype_l                10022270 f   LIBCMTD:isctype.obj
 0001:00021380       __isctype                  10022380 f   LIBCMTD:isctype.obj
 0001:000213c0       ___updatetmbcinfo          100223c0 f   LIBCMTD:mbctype.obj
 0001:000214d0       __setmbcp                  100224d0 f   LIBCMTD:mbctype.obj
 0001:00021870       __setmbcp_nolock           10022870 f   LIBCMTD:mbctype.obj
 0001:00022030       __getmbcp                  10023030 f   LIBCMTD:mbctype.obj
 0001:000220a0       ___initmbctable            100230a0 f   LIBCMTD:mbctype.obj
 0001:000220d0       ____setlc_active_func      100230d0 f   LIBCMTD:setlocal.obj
 0001:000220e0       ____unguarded_readlc_active_add_func 100230e0 f   LIBCMTD:setlocal.obj
 0001:000220f0       ___freetlocinfo            100230f0 f   LIBCMTD:setlocal.obj
 0001:000223d0       ___addlocaleref            100233d0 f   LIBCMTD:setlocal.obj
 0001:000224f0       ___removelocaleref         100234f0 f   LIBCMTD:setlocal.obj
 0001:00022620       ___updatetlocinfo          10023620 f   LIBCMTD:setlocal.obj
 0001:00022770       __configthreadlocale       10023770 f   LIBCMTD:setlocal.obj
 0001:00022880       __locterm                  10023880 f   LIBCMTD:setlocal.obj
 0001:00022910       __free_locale              10023910 f   LIBCMTD:setlocal.obj
 0001:00022a20       ___free_locale             10023a20 f   LIBCMTD:setlocal.obj
 0001:00022a40       __create_locale            10023a40 f   LIBCMTD:setlocal.obj
 0001:00022c60       ___create_locale           10023c60 f   LIBCMTD:setlocal.obj
 0001:00022c80       __get_current_locale       10023c80 f   LIBCMTD:setlocal.obj
 0001:00022d70       ___get_current_locale      10023d70 f   LIBCMTD:setlocal.obj
 0001:00022d80       _setlocale                 10023d80 f   LIBCMTD:setlocal.obj
 0001:00023c90       __expandlocale             10024c90 f   LIBCMTD:setlocal.obj
 0001:00023f40       ___init_dummy              10024f40 f   LIBCMTD:setlocal.obj
 0001:00023f50       __strcats                  10024f50 f   LIBCMTD:setlocal.obj
 0001:00023fd0       ___lc_strtolc              10024fd0 f   LIBCMTD:setlocal.obj
 0001:000241d0       ___lc_lctostr              100251d0 f   LIBCMTD:setlocal.obj
 0001:00024260       __encode_pointer           10025260 f   LIBCMTD:tidtable.obj
 0001:000242f0       __encoded_null             100252f0 f   LIBCMTD:tidtable.obj
 0001:00024300       __decode_pointer           10025300 f   LIBCMTD:tidtable.obj
 0001:00024390       ___crtTlsAlloc@4           10025390 f   LIBCMTD:tidtable.obj
 0001:000243a0       ___fls_getvalue@4          100253a0 f   LIBCMTD:tidtable.obj
 0001:000243c0       ___get_flsindex            100253c0 f   LIBCMTD:tidtable.obj
 0001:000243d0       ___set_flsgetvalue         100253d0 f   LIBCMTD:tidtable.obj
 0001:00024410       ___fls_setvalue@8          10025410 f   LIBCMTD:tidtable.obj
 0001:00024430       __mtinit                   10025430 f   LIBCMTD:tidtable.obj
 0001:00024640       __mtterm                   10025640 f   LIBCMTD:tidtable.obj
 0001:000246a0       __initptd                  100256a0 f   LIBCMTD:tidtable.obj
 0001:000247d0       __getptd_noexit            100257d0 f   LIBCMTD:tidtable.obj
 0001:00024890       __getptd                   10025890 f   LIBCMTD:tidtable.obj
 0001:000248c0       __freefls@4                100258c0 f   LIBCMTD:tidtable.obj
 0001:00024ab0       __freeptd                  10025ab0 f   LIBCMTD:tidtable.obj
 0001:00024b30       ___threadid                10025b30 f   LIBCMTD:tidtable.obj
 0001:00024b40       ___threadhandle            10025b40 f   LIBCMTD:tidtable.obj
 0001:00024b50       ___report_gsfailure        10025b50 f   LIBCMTD:gs_report.obj
 0001:00024c60       __tolower                  10025c60 f   LIBCMTD:tolower.obj
 0001:00024c70       __tolower_l                10025c70 f   LIBCMTD:tolower.obj
 0001:00024e50       _tolower                   10025e50 f   LIBCMTD:tolower.obj
 0001:00024ea0       ?_JumpToContinuation@@YGXPAXPAUEHRegistrationNode@@@Z 10025ea0 f   LIBCMTD:trnsctrl.obj
 0001:00024ee0       ?_CallMemberFunction0@@YGXPAX0@Z 10025ee0 f   LIBCMTD:trnsctrl.obj
 0001:00024ef0       ?_CallMemberFunction1@@YGXPAX00@Z 10025ef0 f   LIBCMTD:trnsctrl.obj
 0001:00024f00       ?_CallMemberFunction2@@YGXPAX00H@Z 10025f00 f   LIBCMTD:trnsctrl.obj
 0001:00024f10       ?_UnwindNestedFrames@@YGXPAUEHRegistrationNode@@PAUEHExceptionRecord@@@Z 10025f10 f   LIBCMTD:trnsctrl.obj
 0001:00024f70       ___CxxFrameHandler         10025f70 f   LIBCMTD:trnsctrl.obj
 0001:00024fb0       ___CxxFrameHandler3        10025fb0 f   LIBCMTD:trnsctrl.obj
 0001:00024ff0       ___CxxFrameHandler2        10025ff0 f   LIBCMTD:trnsctrl.obj
 0001:00025030       ___CxxLongjmpUnwind@4      10026030 f   LIBCMTD:trnsctrl.obj
 0001:00025060       ?_CallCatchBlock2@@YAPAXPAUEHRegistrationNode@@PBU_s_FuncInfo@@PAXHK@Z 10026060 f   LIBCMTD:trnsctrl.obj
 0001:00025120       ?_CallSETranslator@@YAHPAUEHExceptionRecord@@PAUEHRegistrationNode@@PAX2PBU_s_FuncInfo@@H1@Z 10026120 f   LIBCMTD:trnsctrl.obj
 0001:000252c0       ?_GetRangeOfTrysToCheck@@YAPBU_s_TryBlockMapEntry@@PBU_s_FuncInfo@@HHPAI1@Z 100262c0 f   LIBCMTD:trnsctrl.obj
 0001:00025350       __CreateFrameInfo          10026350 f   LIBCMTD:trnsctrl.obj
 0001:00025380       __IsExceptionObjectToBeDestroyed 10026380 f   LIBCMTD:trnsctrl.obj
 0001:000253b0       __FindAndUnlinkFrame       100263b0 f   LIBCMTD:trnsctrl.obj
 0001:00025410       __ioinit                   10026410 f   LIBCMTD:ioinit.obj
 0001:00025890       __ioterm                   10026890 f   LIBCMTD:ioinit.obj
 0001:00025930       __setenvp                  10026930 f   LIBCMTD:stdenvp.obj
 0001:00025ad0       __setargv                  10026ad0 f   LIBCMTD:stdargv.obj
 0001:00025bf0       __set_pgmptr               10026bf0 f i LIBCMTD:stdargv.obj
 0001:00025f60       ___crtGetEnvironmentStringsA 10026f60 f   LIBCMTD:a_env.obj
 0001:00026180       __RTC_Initialize           10027180 f   LIBCMTD:initsect.obj
 0001:000261b0       __RTC_Terminate            100271b0 f   LIBCMTD:initsect.obj
 0001:000261e0       ___heap_select             100271e0 f   LIBCMTD:heapinit.obj
 0001:00026270       __heap_init                10027270 f   LIBCMTD:heapinit.obj
 0001:000262f0       __heap_term                100272f0 f   LIBCMTD:heapinit.obj
 0001:00026390       __get_heap_handle          10027390 f   LIBCMTD:heapinit.obj
 0001:000263d0       ___security_init_cookie    100273d0 f   LIBCMTD:gs_support.obj
 0001:000264f0       __initp_misc_winxfltr      100274f0 f   LIBCMTD:winxfltr.obj
 0001:00026500       ___CppXcptFilter           10027500 f   LIBCMTD:winxfltr.obj
 0001:00026530       __XcptFilter               10027530 f   LIBCMTD:winxfltr.obj
 0001:00026770       __flsbuf                   10027770 f   LIBCMTD:_flsbuf.obj
 0001:00026a30       __output_l                 10027a30 f   LIBCMTD:output.obj
 0001:00027ea0       _get_int_arg               10028ea0 f i LIBCMTD:output.obj
 0001:00027ec0       _get_int64_arg             10028ec0 f i LIBCMTD:output.obj
 0001:00027ee0       _get_short_arg             10028ee0 f i LIBCMTD:output.obj
 0001:00027f00       __woutput_l                10028f00 f   LIBCMTD:woutput.obj
 0001:000290d0       __initp_misc_initcrit      1002a0d0 f   LIBCMTD:initcrit.obj
 0001:000290e0       ___crtInitCritSecAndSpinCount 1002a0e0 f   LIBCMTD:initcrit.obj
 0001:00029250       __FF_MSGBANNER             1002a250 f   LIBCMTD:crt0msg.obj
 0001:000292a0       __NMSG_WRITE               1002a2a0 f   LIBCMTD:crt0msg.obj
 0001:00029530       __GET_RTERRMSG             1002a530 f   LIBCMTD:crt0msg.obj
 0001:00029570       __initp_heap_handler       1002a570 f   LIBCMTD:handler.obj
 0001:00029580       ?_set_new_handler@@YAP6AHI@ZP6AHI@Z@Z 1002a580 f   LIBCMTD:handler.obj
 0001:000295d0       ?_set_new_handler@@YAP6AHI@ZH@Z 1002a5d0 f   LIBCMTD:handler.obj
 0001:00029610       ?_query_new_handler@@YAP6AHI@ZXZ 1002a610 f   LIBCMTD:handler.obj
 0001:00029630       __callnewh                 1002a630 f   LIBCMTD:handler.obj
 0001:00029670       _V6_HeapAlloc              1002a670 f   LIBCMTD:malloc.obj
 0001:00029700       __malloc_base              1002a700 f   LIBCMTD:malloc.obj
 0001:00029790       __heap_alloc_base          1002a790 f i LIBCMTD:malloc.obj
 0001:00029850       __CrtSetReportHook2        1002a850 f   LIBCMTD:dbgrpt.obj
 0001:00029b70       __CrtDbgReport             1002ab70 f   LIBCMTD:dbgrpt.obj
 0001:00029bb0       __CrtDbgReportV            1002abb0 f i LIBCMTD:dbgrpt.obj
 0001:00029be0       ___crtMessageWindowA       1002abe0 f   LIBCMTD:dbgrpt.obj
 0001:00029fe0       __CrtDefaultAllocHook      1002afe0 f   LIBCMTD:dbghook.obj
 0001:00029ff0       __crt_debugger_hook        1002aff0 f   LIBCMTD:dbghook.obj
 0001:0002a000       __expand_base              1002b000 f   LIBCMTD:expand.obj
 0001:0002a1d0       __realloc_base             1002b1d0 f   LIBCMTD:realloc.obj
 0001:0002a570       __recalloc_base            1002b570 f   LIBCMTD:realloc.obj
 0001:0002a610       __free_base                1002b610 f   LIBCMTD:free.obj
 0001:0002a730       __heapchk                  1002b730 f   LIBCMTD:heapchk.obj
 0001:0002a800       __heapset                  1002b800 f   LIBCMTD:heapchk.obj
 0001:0002a810       __get_sbh_threshold        1002b810 f   LIBCMTD:sbheap.obj
 0001:0002a860       __set_sbh_threshold        1002b860 f   LIBCMTD:sbheap.obj
 0001:0002a9f0       __set_amblksiz             1002b9f0 f   LIBCMTD:sbheap.obj
 0001:0002aaf0       __get_amblksiz             1002baf0 f   LIBCMTD:sbheap.obj
 0001:0002abe0       ___sbh_heap_init           1002bbe0 f   LIBCMTD:sbheap.obj
 0001:0002ac50       ___sbh_find_block          1002bc50 f   LIBCMTD:sbheap.obj
 0001:0002acb0       ___sbh_verify_block        1002bcb0 f   LIBCMTD:sbheap.obj
 0001:0002ad10       ___sbh_free_block          1002bd10 f   LIBCMTD:sbheap.obj
 0001:0002b2d0       ___sbh_alloc_block         1002c2d0 f   LIBCMTD:sbheap.obj
 0001:0002b7f0       ___sbh_alloc_new_region    1002c7f0 f   LIBCMTD:sbheap.obj
 0001:0002b900       ___sbh_alloc_new_group     1002c900 f   LIBCMTD:sbheap.obj
 0001:0002baf0       ___sbh_resize_block        1002caf0 f   LIBCMTD:sbheap.obj
 0001:0002c0c0       ___sbh_heapmin             1002d0c0 f   LIBCMTD:sbheap.obj
 0001:0002c1f0       ___sbh_heap_check          1002d1f0 f   LIBCMTD:sbheap.obj
 0001:0002c6e0       _sprintf                   1002d6e0 f   LIBCMTD:sprintf.obj
 0001:0002c860       __sprintf_l                1002d860 f   LIBCMTD:sprintf.obj
 0001:0002c890       _sprintf_s                 1002d890 f   LIBCMTD:sprintf.obj
 0001:0002c8c0       __sprintf_s_l              1002d8c0 f   LIBCMTD:sprintf.obj
 0001:0002c8f0       __snprintf_s               1002d8f0 f   LIBCMTD:sprintf.obj
 0001:0002c920       __snprintf_s_l             1002d920 f   LIBCMTD:sprintf.obj
 0001:0002c950       __sprintf_p                1002d950 f   LIBCMTD:sprintf.obj
 0001:0002c980       __sprintf_p_l              1002d980 f   LIBCMTD:sprintf.obj
 0001:0002c9b0       __scprintf                 1002d9b0 f   LIBCMTD:sprintf.obj
 0001:0002c9d0       __scprintf_p               1002d9d0 f   LIBCMTD:sprintf.obj
 0001:0002c9f0       __scprintf_l               1002d9f0 f   LIBCMTD:sprintf.obj
 0001:0002ca20       __scprintf_p_l             1002da20 f   LIBCMTD:sprintf.obj
 0001:0002ca50       __mbstowcs_l_helper        1002da50 f   LIBCMTD:mbstowcs.obj
 0001:0002ce00       __mbstowcs_l               1002de00 f   LIBCMTD:mbstowcs.obj
 0001:0002ce20       _mbstowcs                  1002de20 f   LIBCMTD:mbstowcs.obj
 0001:0002ce70       __mbstowcs_s_l             1002de70 f   LIBCMTD:mbstowcs.obj
 0001:0002d170       _mbstowcs_s                1002e170 f   LIBCMTD:mbstowcs.obj
 0001:0002d1a0       __vsnprintf_helper         1002e1a0 f   LIBCMTD:vsnprnc.obj
 0001:0002d370       __vsnprintf_c              1002e370 f   LIBCMTD:vsnprnc.obj
 0001:0002d3c0       __vsnprintf_c_l            1002e3c0 f   LIBCMTD:vsnprnc.obj
 0001:0002d410       __vsprintf_s_l             1002e410 f   LIBCMTD:vsnprnc.obj
 0001:0002d670       _vsprintf_s                1002e670 f   LIBCMTD:vsnprnc.obj
 0001:0002d690       __vsnprintf_s_l            1002e690 f   LIBCMTD:vsnprnc.obj
 0001:0002da30       __vsnprintf_s              1002ea30 f   LIBCMTD:vsnprnc.obj
 0001:0002da60       __vsprintf_p               1002ea60 f   LIBCMTD:vsnprnc.obj
 0001:0002dab0       __vsprintf_p_l             1002eab0 f   LIBCMTD:vsnprnc.obj
 0001:0002db00       __itoa_s                   1002eb00 f   LIBCMTD:xtoas.obj
 0001:0002dec0       __ltoa_s                   1002eec0 f   LIBCMTD:xtoas.obj
 0001:0002df00       __ultoa_s                  1002ef00 f   LIBCMTD:xtoas.obj
 0001:0002df20       __i64toa_s                 1002ef20 f   LIBCMTD:xtoas.obj
 0001:0002e320       __ui64toa_s                1002f320 f   LIBCMTD:xtoas.obj
 0001:0002e340       _wcscat_s                  1002f340 f   LIBCMTD:wcscat_s.obj
 0001:0002e730       __vswprintf_helper         1002f730 f   LIBCMTD:vswprnc.obj
 0001:0002e960       __vswprintf_c              1002f960 f   LIBCMTD:vswprnc.obj
 0001:0002e9b0       __vswprintf_c_l            1002f9b0 f   LIBCMTD:vswprnc.obj
 0001:0002ea00       __vswprintf_s_l            1002fa00 f   LIBCMTD:vswprnc.obj
 0001:0002ec70       _vswprintf_s               1002fc70 f   LIBCMTD:vswprnc.obj
 0001:0002ec90       __vsnwprintf_s_l           1002fc90 f   LIBCMTD:vswprnc.obj
 0001:0002f040       __vsnwprintf_s             10030040 f   LIBCMTD:vswprnc.obj
 0001:0002f070       __vswprintf_p              10030070 f   LIBCMTD:vswprnc.obj
 0001:0002f0c0       __vswprintf_p_l            100300c0 f   LIBCMTD:vswprnc.obj
 0001:0002f110       __itow_s                   10030110 f   LIBCMTD:xtows.obj
 0001:0002f4f0       __ltow_s                   100304f0 f   LIBCMTD:xtows.obj
 0001:0002f530       __ultow_s                  10030530 f   LIBCMTD:xtows.obj
 0001:0002f550       __i64tow_s                 10030550 f   LIBCMTD:xtows.obj
 0001:0002f960       __ui64tow_s                10030960 f   LIBCMTD:xtows.obj
 0001:0002f980       __local_unwind4            10030980 f   LIBCMTD:exsup4.obj
 0001:0002fa56       __seh_longjmp_unwind4@4    10030a56 f   LIBCMTD:exsup4.obj
 0001:0002fa72       @_EH4_CallFilterFunc@8     10030a72 f   LIBCMTD:exsup4.obj
 0001:0002fa89       @_EH4_TransferToHandler@8  10030a89 f   LIBCMTD:exsup4.obj
 0001:0002faa2       @_EH4_GlobalUnwind@4       10030aa2 f   LIBCMTD:exsup4.obj
 0001:0002fabc       @_EH4_LocalUnwind@16       10030abc f   LIBCMTD:exsup4.obj
 0001:0002fae0       __ValidateImageBase        10030ae0 f   LIBCMTD:pesect.obj
 0001:0002fb40       __FindPESection            10030b40 f   LIBCMTD:pesect.obj
 0001:0002fbc0       __IsNonwritableInCurrentImage 10030bc0 f   LIBCMTD:pesect.obj
 0001:0002fcd0       __onexit                   10030cd0 f   LIBCMTD:onexit.obj
 0001:0002fea0       _atexit                    10030ea0 f   LIBCMTD:onexit.obj
 0001:0002fec0       ___onexitinit              10030ec0 f   LIBCMTD:onexit.obj
 0001:0002ff20       __initp_misc_cfltcvt_tab   10030f20 f   LIBCMTD:cmiscdat.obj
 0001:0002ff60       __initp_eh_hooks           10030f60 f   LIBCMTD:hooks.obj
 0001:0002ff80       ?terminate@@YAXXZ          10030f80 f   LIBCMTD:hooks.obj
 0001:00030000       ?unexpected@@YAXXZ         10031000 f   LIBCMTD:hooks.obj
 0001:00030030       ?_inconsistency@@YAXXZ     10031030 f   LIBCMTD:hooks.obj
 0001:000300c0       __initp_misc_rand_s        100310c0 f   LIBCMTD:rand_s.obj
 0001:000300d0       _rand_s                    100310d0 f   LIBCMTD:rand_s.obj
 0001:000302f0       ___getlocaleinfo           100312f0 f   LIBCMTD:inithelp.obj
 0001:00030590       __initp_misc_purevirt      10031590 f   LIBCMTD:inithelp.obj
 0001:000305a0       __vswprintf_l              100315a0 f   LIBCMTD:vswprint.obj
 0001:00030770       __vswprintf                10031770 f   LIBCMTD:vswprint.obj
 0001:00030790       ___vswprintf_l             10031790 f   LIBCMTD:vswprint.obj
 0001:000307b0       __vscwprintf_helper        100317b0 f   LIBCMTD:vswprint.obj
 0001:00030870       __vscwprintf               10031870 f   LIBCMTD:vswprint.obj
 0001:00030890       __vscwprintf_l             10031890 f   LIBCMTD:vswprint.obj
 0001:000308b0       __vscwprintf_p             100318b0 f   LIBCMTD:vswprint.obj
 0001:000308d0       __vscwprintf_p_l           100318d0 f   LIBCMTD:vswprint.obj
 0001:000308f0       __get_sse2_info            100318f0 f   LIBCMTD:cpu_disp.obj
 0001:00030a10       ___sse2_available_init     10031a10 f   LIBCMTD:cpu_disp.obj
 0001:00030a30       ___crtGetStringTypeA       10031a30 f   LIBCMTD:a_str.obj
 0001:00030cc0       __MarkAllocaS              10031cc0 f i LIBCMTD:a_str.obj
 0001:00030ce0       __freea                    10031ce0 f i LIBCMTD:a_str.obj
 0001:00030d50       __isleadbyte_l             10031d50 f i LIBCMTD:_wctype.obj
 0001:00030da0       _isleadbyte                10031da0 f i LIBCMTD:_wctype.obj
 0001:00030dc0       __iswalpha_l               10031dc0 f i LIBCMTD:_wctype.obj
 0001:00030de0       _iswalpha                  10031de0 f i LIBCMTD:_wctype.obj
 0001:00030e00       __iswupper_l               10031e00 f i LIBCMTD:_wctype.obj
 0001:00030e20       _iswupper                  10031e20 f i LIBCMTD:_wctype.obj
 0001:00030e40       __iswlower_l               10031e40 f i LIBCMTD:_wctype.obj
 0001:00030e60       _iswlower                  10031e60 f i LIBCMTD:_wctype.obj
 0001:00030e80       __iswdigit_l               10031e80 f i LIBCMTD:_wctype.obj
 0001:00030ea0       _iswdigit                  10031ea0 f i LIBCMTD:_wctype.obj
 0001:00030ec0       __iswxdigit_l              10031ec0 f i LIBCMTD:_wctype.obj
 0001:00030ee0       _iswxdigit                 10031ee0 f i LIBCMTD:_wctype.obj
 0001:00030f00       __iswspace_l               10031f00 f i LIBCMTD:_wctype.obj
 0001:00030f20       _iswspace                  10031f20 f i LIBCMTD:_wctype.obj
 0001:00030f40       __iswpunct_l               10031f40 f i LIBCMTD:_wctype.obj
 0001:00030f60       _iswpunct                  10031f60 f i LIBCMTD:_wctype.obj
 0001:00030f80       __iswalnum_l               10031f80 f i LIBCMTD:_wctype.obj
 0001:00030fa0       _iswalnum                  10031fa0 f i LIBCMTD:_wctype.obj
 0001:00030fc0       __iswprint_l               10031fc0 f i LIBCMTD:_wctype.obj
 0001:00030fe0       _iswprint                  10031fe0 f i LIBCMTD:_wctype.obj
 0001:00031000       __iswgraph_l               10032000 f i LIBCMTD:_wctype.obj
 0001:00031020       _iswgraph                  10032020 f i LIBCMTD:_wctype.obj
 0001:00031040       __iswcntrl_l               10032040 f i LIBCMTD:_wctype.obj
 0001:00031060       _iswcntrl                  10032060 f i LIBCMTD:_wctype.obj
 0001:00031080       _iswascii                  10032080 f i LIBCMTD:_wctype.obj
 0001:000310a0       __iswcsym_l                100320a0 f i LIBCMTD:_wctype.obj
 0001:000310e0       ___iswcsym                 100320e0 f i LIBCMTD:_wctype.obj
 0001:00031120       __iswcsymf_l               10032120 f i LIBCMTD:_wctype.obj
 0001:00031160       ___iswcsymf                10032160 f i LIBCMTD:_wctype.obj
 0001:000311a0       ___crtLCMapStringA         100321a0 f   LIBCMTD:a_map.obj
 0001:00031750       ___pwctype_func            10032750 f   LIBCMTD:ctype.obj
 0001:00031760       ___pctype_func             10032760 f   LIBCMTD:ctype.obj
 0001:000317b0       ___init_time               100327b0 f   LIBCMTD:inittime.obj
 0001:00031ed0       ___free_lc_time            10032ed0 f   LIBCMTD:inittime.obj
 0001:000321e0       ___init_numeric            100331e0 f   LIBCMTD:initnum.obj
 0001:00032530       ___free_lconv_num          10033530 f   LIBCMTD:initnum.obj
 0001:000325a0       ___init_monetary           100335a0 f   LIBCMTD:initmon.obj
 0001:00032aa0       ___free_lconv_mon          10033aa0 f   LIBCMTD:initmon.obj
 0001:00032b90       ___init_ctype              10033b90 f   LIBCMTD:initctyp.obj
 0001:00033140       ____mb_cur_max_func        10034140 f   LIBCMTD:initctyp.obj
 0001:00033190       ____mb_cur_max_l_func      10034190 f   LIBCMTD:initctyp.obj
 0001:000331c0       ____lc_codepage_func       100341c0 f   LIBCMTD:initctyp.obj
 0001:00033210       ____lc_collate_cp_func     10034210 f   LIBCMTD:initctyp.obj
 0001:00033260       ____lc_handle_func         10034260 f   LIBCMTD:initctyp.obj
 0001:000332b0       ___init_collate            100342b0 f   LIBCMTD:initcoll.obj
 0001:000332c0       __Getdays_l                100342c0 f   LIBCMTD:strftime.obj
 0001:00033480       __Getdays                  10034480 f   LIBCMTD:strftime.obj
 0001:00033490       __Getmonths_l              10034490 f   LIBCMTD:strftime.obj
 0001:00033650       __Getmonths                10034650 f   LIBCMTD:strftime.obj
 0001:00033660       __Gettnames_l              10034660 f   LIBCMTD:strftime.obj
 0001:00033bd0       __Gettnames                10034bd0 f   LIBCMTD:strftime.obj
 0001:00033be0       __strftime_l               10034be0 f   LIBCMTD:strftime.obj
 0001:00033c10       _strftime                  10034c10 f   LIBCMTD:strftime.obj
 0001:00033c40       __Strftime                 10034c40 f   LIBCMTD:strftime.obj
 0001:00033c70       __Strftime_l               10034c70 f   LIBCMTD:strftime.obj
 0001:00035d90       _localeconv                10036d90 f   LIBCMTD:lconv.obj
 0001:00035de0       _strncpy_s                 10036de0 f   LIBCMTD:strncpy_s.obj
 0001:000361d0       _strcspn                   100371d0 f   LIBCMTD:strcspn.obj
 0001:00036220       _strncmp                   10037220 f   LIBCMTD:strncmp.obj
 0001:00036390       _strpbrk                   10037390 f   LIBCMTD:strpbrk.obj
 0001:000363d0       ___get_qualified_locale    100373d0 f   LIBCMTD:getqloc.obj
 0001:00037240       ___InternalCxxFrameHandler 10038240 f   LIBCMTD:frame.obj
 0001:00037830       ??0bad_exception@std@@QAE@PBD@Z 10038830 f i LIBCMTD:frame.obj
 0001:00037860       ??1bad_exception@std@@UAE@XZ 10038860 f i LIBCMTD:frame.obj
 0001:00037880       ??_Ebad_exception@std@@UAEPAXI@Z 10038880 f i LIBCMTD:frame.obj
 0001:00037880       ??_Gbad_exception@std@@UAEPAXI@Z 10038880 f i LIBCMTD:frame.obj
 0001:000378b0       ??0bad_exception@std@@QAE@ABV01@@Z 100388b0 f i LIBCMTD:frame.obj
 0001:00037a60       ___TypeMatch               10038a60 f   LIBCMTD:frame.obj
 0001:00037b10       ___FrameUnwindFilter       10038b10 f   LIBCMTD:frame.obj
 0001:00037b80       ___FrameUnwindToState      10038b80 f   LIBCMTD:frame.obj
 0001:000380c0       ___BuildCatchObjectHelper  100390c0 f   LIBCMTD:frame.obj
 0001:00038330       ___BuildCatchObject        10039330 f   LIBCMTD:frame.obj
 0001:00038440       ___DestructExceptionObject 10039440 f   LIBCMTD:frame.obj
 0001:000384f0       ___AdjustPointer           100394f0 f   LIBCMTD:frame.obj
 0001:00038540       ?__uncaught_exception@@YA_NXZ 10039540 f   LIBCMTD:frame.obj
 0001:00038560       ___CxxExceptionFilter      10039560 f   LIBCMTD:frame.obj
 0001:00038750       ___CxxRegisterExceptionObject 10039750 f   LIBCMTD:frame.obj
 0001:00038880       ___CxxDetectRethrow        10039880 f   LIBCMTD:frame.obj
 0001:00038900       ___CxxUnregisterExceptionObject 10039900 f   LIBCMTD:frame.obj
 0001:00038a80       ___CxxQueryExceptionSize   10039a80 f   LIBCMTD:frame.obj
 0001:00038a90       ___CxxCallUnwindDtor       10039a90 f   LIBCMTD:frame.obj
 0001:00038b10       ___CxxCallUnwindDelDtor    10039b10 f   LIBCMTD:frame.obj
 0001:00038b90       ___CxxCallUnwindStdDelDtor 10039b90 f   LIBCMTD:frame.obj
 0001:00038c10       ___CxxCallUnwindVecDtor    10039c10 f   LIBCMTD:frame.obj
 0001:00038e30       ?_is_exception_typeof@@YAHABVtype_info@@PAU_EXCEPTION_POINTERS@@@Z 10039e30 f   LIBCMTD:frame.obj
 0001:00038f10       __CallSettingFrame@12      10039f10 f   LIBCMTD:lowhelpr.obj
 0001:00038f37       __NLG_Return               10039f37     LIBCMTD:lowhelpr.obj
 0001:00038f60       __ismbbkalnum_l            10039f60 f   LIBCMTD:ismbbyte.obj
 0001:00038f80       __ismbbkalnum              10039f80 f   LIBCMTD:ismbbyte.obj
 0001:00038fa0       __ismbbkprint_l            10039fa0 f   LIBCMTD:ismbbyte.obj
 0001:00038fc0       __ismbbkprint              10039fc0 f   LIBCMTD:ismbbyte.obj
 0001:00038fe0       __ismbbkpunct_l            10039fe0 f   LIBCMTD:ismbbyte.obj
 0001:00039000       __ismbbkpunct              1003a000 f   LIBCMTD:ismbbyte.obj
 0001:00039020       __ismbbalnum_l             1003a020 f   LIBCMTD:ismbbyte.obj
 0001:00039040       __ismbbalnum               1003a040 f   LIBCMTD:ismbbyte.obj
 0001:00039060       __ismbbalpha_l             1003a060 f   LIBCMTD:ismbbyte.obj
 0001:00039080       __ismbbalpha               1003a080 f   LIBCMTD:ismbbyte.obj
 0001:000390a0       __ismbbgraph_l             1003a0a0 f   LIBCMTD:ismbbyte.obj
 0001:000390c0       __ismbbgraph               1003a0c0 f   LIBCMTD:ismbbyte.obj
 0001:000390e0       __ismbbprint_l             1003a0e0 f   LIBCMTD:ismbbyte.obj
 0001:00039100       __ismbbprint               1003a100 f   LIBCMTD:ismbbyte.obj
 0001:00039120       __ismbbpunct_l             1003a120 f   LIBCMTD:ismbbyte.obj
 0001:00039140       __ismbbpunct               1003a140 f   LIBCMTD:ismbbyte.obj
 0001:00039160       __ismbblead_l              1003a160 f   LIBCMTD:ismbbyte.obj
 0001:00039180       __ismbblead                1003a180 f   LIBCMTD:ismbbyte.obj
 0001:000391a0       __ismbbtrail_l             1003a1a0 f   LIBCMTD:ismbbyte.obj
 0001:000391c0       __ismbbtrail               1003a1c0 f   LIBCMTD:ismbbyte.obj
 0001:000391e0       __ismbbkana_l              1003a1e0 f   LIBCMTD:ismbbyte.obj
 0001:00039250       __ismbbkana                1003a250 f   LIBCMTD:ismbbyte.obj
 0001:00039330       __lseeki64                 1003a330 f   LIBCMTD:lseeki64.obj
 0001:00039580       __lseeki64_nolock          1003a580 f   LIBCMTD:lseeki64.obj
 0001:00039670       __write                    1003a670 f   LIBCMTD:write.obj
 0001:00039890       __write_nolock             1003a890 f   LIBCMTD:write.obj
 0001:0003a2b0       __getbuf                   1003b2b0 f   LIBCMTD:_getbuf.obj
 0001:0003a370       __isatty                   1003b370 f   LIBCMTD:isatty.obj
 0001:0003a450       ___iob_func                1003b450 f   LIBCMTD:_file.obj
 0001:0003a460       ___initstdio               1003b460 f   LIBCMTD:_file.obj
 0001:0003a5b0       ___endstdio                1003b5b0 f   LIBCMTD:_file.obj
 0001:0003a5e0       __lock_file                1003b5e0 f   LIBCMTD:_file.obj
 0001:0003a620       __lock_file2               1003b620 f   LIBCMTD:_file.obj
 0001:0003a650       __unlock_file              1003b650 f   LIBCMTD:_file.obj
 0001:0003a690       __unlock_file2             1003b690 f   LIBCMTD:_file.obj
 0001:0003a6c0       __fileno                   1003b6c0 f   LIBCMTD:fileno.obj
 0001:0003a730       _printf                    1003b730 f   LIBCMTD:printf.obj
 0001:0003a870       __printf_l                 1003b870 f   LIBCMTD:printf.obj
 0001:0003a8a0       __printf_s_l               1003b8a0 f   LIBCMTD:printf.obj
 0001:0003a8d0       _printf_s                  1003b8d0 f   LIBCMTD:printf.obj
 0001:0003a8f0       __printf_p_l               1003b8f0 f   LIBCMTD:printf.obj
 0001:0003a920       __printf_p                 1003b920 f   LIBCMTD:printf.obj
 0001:0003a940       __set_printf_count_output  1003b940 f   LIBCMTD:printf.obj
 0001:0003a990       __get_printf_count_output  1003b990 f   LIBCMTD:printf.obj
 0001:0003a9b0       __wctomb_s_l               1003b9b0 f   LIBCMTD:wctomb.obj
 0001:0003acb0       _wctomb_s                  1003bcb0 f   LIBCMTD:wctomb.obj
 0001:0003acd0       __wctomb_l                 1003bcd0 f   LIBCMTD:wctomb.obj
 0001:0003ad50       _wctomb                    1003bd50 f   LIBCMTD:wctomb.obj
 0001:0003ada0       __aullrem                  1003bda0 f   LIBCMTD:ullrem.obj
 0001:0003ae20       __mbtowc_l                 1003be20 f   LIBCMTD:mbtowc.obj
 0001:0003b040       _mbtowc                    1003c040 f   LIBCMTD:mbtowc.obj
 0001:0003b060       _fputwc                    1003c060 f   LIBCMTD:fputwc.obj
 0001:0003b160       __fputwc_nolock            1003c160 f   LIBCMTD:fputwc.obj
 0001:0003b540       _putwc                     1003c540 f   LIBCMTD:fputwc.obj
 0001:0003b560       __set_error_mode           1003c560 f   LIBCMTD:errmode.obj
 0001:0003b620       ___set_app_type            1003c620 f   LIBCMTD:errmode.obj
 0001:0003b630       ___get_app_type            1003c630 f   LIBCMTD:errmode.obj
 0001:0003b640       ___crtMessageBoxA          1003c640 f   LIBCMTD:crtmbox.obj
 0001:0003b8a0       __mbsnbcpy_s               1003c8a0 f   LIBCMTD:mbsnbcpy_s.obj
 0001:0003b8c0       __vsprintf_l               1003c8c0 f   LIBCMTD:vsprintf.obj
 0001:0003ba30       _vsprintf                  1003ca30 f   LIBCMTD:vsprintf.obj
 0001:0003ba50       __vscprintf_helper         1003ca50 f   LIBCMTD:vsprintf.obj
 0001:0003bb10       __vscprintf                1003cb10 f   LIBCMTD:vsprintf.obj
 0001:0003bb30       __vscprintf_l              1003cb30 f   LIBCMTD:vsprintf.obj
 0001:0003bb50       __vscprintf_p              1003cb50 f   LIBCMTD:vsprintf.obj
 0001:0003bb70       __vscprintf_p_l            1003cb70 f   LIBCMTD:vsprintf.obj
 0001:0003bb90       __output_s_l               1003cb90 f   LIBCMTD:outputs.obj
 0001:0003d140       __validate_param_reuseA    1003e140 f   LIBCMTD:outputp.obj
 0001:0003d3b0       __output_p_l               1003e3b0 f   LIBCMTD:outputp.obj
 0001:00040f90       _get_crtdouble_arg         10041f90 f i LIBCMTD:outputp.obj
 0001:00040fb0       __woutput_s_l              10041fb0 f   LIBCMTD:woutputs.obj
 0001:000422b0       __validate_param_reuseW    100432b0 f   LIBCMTD:woutputp.obj
 0001:00042520       __woutput_p_l              10043520 f   LIBCMTD:woutputp.obj
 0001:00045c50       __global_unwind2           10046c50 f   LIBCMTD:exsup.obj
 0001:00045cb5       __local_unwind2            10046cb5 f   LIBCMTD:exsup.obj
 0001:00045d39       __abnormal_termination     10046d39 f   LIBCMTD:exsup.obj
 0001:00045d5c       __NLG_Notify1              10046d5c f   LIBCMTD:exsup.obj
 0001:00045d65       __NLG_Notify               10046d65 f   LIBCMTD:exsup.obj
 0001:00045d7c       __NLG_Dispatch             10046d7c     LIBCMTD:exsup.obj
 0001:00045d7c       __NLG_Dispatch2            10046d7c     LIBCMTD:exsup.obj
 0001:00045d84       __NLG_Call                 10046d84 f   LIBCMTD:exsup.obj
 0001:00045d86       __NLG_Return2              10046d86     LIBCMTD:exsup.obj
 0001:00045d90       __fptrap                   10046d90 f   LIBCMTD:crt0fp.obj
 0001:00045da0       _abort                     10046da0 f   LIBCMTD:abort.obj
 0001:00045ee0       __set_abort_behavior       10046ee0 f   LIBCMTD:abort.obj
 0001:00045f10       ___crtGetLocaleInfoW       10046f10 f   LIBCMTD:w_loc.obj
 0001:000460e0       ___crtGetLocaleInfoA       100470e0 f   LIBCMTD:a_loc.obj
 0001:000462c0       ___ansicp                  100472c0 f   LIBCMTD:convrtcp.obj
 0001:00046320       ___convertcp               10047320 f   LIBCMTD:convrtcp.obj
 0001:00046560       __iswctype_l               10047560 f   LIBCMTD:iswctype.obj
 0001:00046610       _iswctype                  10047610 f   LIBCMTD:iswctype.obj
 0001:000466a0       _is_wctype                 100476a0 f   LIBCMTD:iswctype.obj
 0001:000466c0       __get_daylight             100476c0 f   LIBCMTD:timeset.obj
 0001:00046740       __get_dstbias              10047740 f   LIBCMTD:timeset.obj
 0001:000467c0       __get_timezone             100477c0 f   LIBCMTD:timeset.obj
 0001:00046840       __get_tzname               10047840 f   LIBCMTD:timeset.obj
 0001:00046a10       ___daylight                10047a10 f   LIBCMTD:timeset.obj
 0001:00046a20       ___dstbias                 10047a20 f   LIBCMTD:timeset.obj
 0001:00046a30       ___timezone                10047a30 f   LIBCMTD:timeset.obj
 0001:00046a40       ___tzname                  10047a40 f   LIBCMTD:timeset.obj
 0001:00046a50       ___tzset                   10047a50 f   LIBCMTD:tzset.obj
 0001:00046ae0       __tzset                    10047ae0 f   LIBCMTD:tzset.obj
 0001:00047090       __set_daylight             10048090 f i LIBCMTD:tzset.obj
 0001:000470a0       __set_dstbias              100480a0 f i LIBCMTD:tzset.obj
 0001:000470b0       __set_timezone             100480b0 f i LIBCMTD:tzset.obj
 0001:000470c0       __isindst                  100480c0 f   LIBCMTD:tzset.obj
 0001:00047720       __strnicmp_l               10048720 f   LIBCMTD:strnicmp.obj
 0001:00047960       __strnicmp                 10048960 f   LIBCMTD:strnicmp.obj
 0001:00047af0       _atol                      10048af0 f   LIBCMTD:atox.obj
 0001:00047b10       __atol_l                   10048b10 f   LIBCMTD:atox.obj
 0001:00047b30       _atoi                      10048b30 f   LIBCMTD:atox.obj
 0001:00047b50       __atoi_l                   10048b50 f   LIBCMTD:atox.obj
 0001:00047b70       __atoi64                   10048b70 f   LIBCMTD:atox.obj
 0001:00047b90       __atoi64_l                 10048b90 f   LIBCMTD:atox.obj
 0001:00047bb0       ?__CxxUnhandledExceptionFilter@@YGJPAU_EXCEPTION_POINTERS@@@Z 10048bb0 f   LIBCMTD:unhandld.obj
 0001:00047c60       ?__CxxSetUnhandledExceptionFilter@@YAHXZ 10048c60 f   LIBCMTD:unhandld.obj
 0001:00047c90       ?__CxxRestoreUnhandledExceptionFilter@@YAXXZ 10048c90 f   LIBCMTD:unhandld.obj
 0001:00047cd0       ?_ValidateRead@@YAHPBXI@Z  10048cd0 f   LIBCMTD:validate.obj
 0001:00047cf0       ?_ValidateWrite@@YAHPAXI@Z 10048cf0 f   LIBCMTD:validate.obj
 0001:00047d10       ?_ValidateExecute@@YAHP6GHXZ@Z 10048d10 f   LIBCMTD:validate.obj
 0001:00047d30       __CxxThrowException@8      10048d30 f   LIBCMTD:throw.obj
 0001:00047d90       ?name@type_info@@QBEPBDPAU__type_info_node@@@Z 10048d90 f   LIBCMTD:typinfo.obj
 0001:00047db0       ??1type_info@@UAE@XZ       10048db0 f   LIBCMTD:typinfo.obj
 0001:00047dd0       ??_Gtype_info@@UAEPAXI@Z   10048dd0 f i LIBCMTD:typinfo.obj
 0001:00047dd0       ??_Etype_info@@UAEPAXI@Z   10048dd0 f i LIBCMTD:typinfo.obj
 0001:00047e00       ?_name_internal_method@type_info@@QBEPBDPAU__type_info_node@@@Z 10048e00 f   LIBCMTD:typinfo.obj
 0001:00047e20       ?_type_info_dtor_internal_method@type_info@@QAEXXZ 10048e20 f   LIBCMTD:typinfo.obj
 0001:00047e40       ??8type_info@@QBE_NABV0@@Z 10048e40 f   LIBCMTD:typinfo.obj
 0001:00047e70       ??9type_info@@QBE_NABV0@@Z 10048e70 f   LIBCMTD:typinfo.obj
 0001:00047ea0       ?before@type_info@@QBEHABV1@@Z 10048ea0 f   LIBCMTD:typinfo.obj
 0001:00047ed0       ?raw_name@type_info@@QBEPBDXZ 10048ed0 f   LIBCMTD:typinfo.obj
 0001:00047ef0       ??0type_info@@AAE@ABV0@@Z  10048ef0 f   LIBCMTD:typinfo.obj
 0001:00047f10       ??4type_info@@AAEAAV0@ABV0@@Z 10048f10 f   LIBCMTD:typinfo.obj
 0001:00047f20       ??0exception@std@@QAE@XZ   10048f20 f   LIBCMTD:stdexcpt.obj
 0001:00047f50       ??_Eexception@std@@UAEPAXI@Z 10048f50 f i LIBCMTD:stdexcpt.obj
 0001:00047f50       ??_Gexception@std@@UAEPAXI@Z 10048f50 f i LIBCMTD:stdexcpt.obj
 0001:00047f80       ??0exception@std@@QAE@ABQBD@Z 10048f80 f   LIBCMTD:stdexcpt.obj
 0001:00048010       ??0exception@std@@QAE@ABQBDH@Z 10049010 f   LIBCMTD:stdexcpt.obj
 0001:00048040       ??0exception@std@@QAE@ABV01@@Z 10049040 f   LIBCMTD:stdexcpt.obj
 0001:000480e0       ??4exception@std@@QAEAAV01@ABV01@@Z 100490e0 f   LIBCMTD:stdexcpt.obj
 0001:00048180       ??1exception@std@@UAE@XZ   10049180 f   LIBCMTD:stdexcpt.obj
 0001:000481b0       ?what@exception@std@@UBEPBDXZ 100491b0 f   LIBCMTD:stdexcpt.obj
 0001:000481e0       ??0bad_cast@std@@QAE@PBD@Z 100491e0 f   LIBCMTD:stdexcpt.obj
 0001:00048210       ??_Ebad_cast@std@@UAEPAXI@Z 10049210 f i LIBCMTD:stdexcpt.obj
 0001:00048210       ??_Gbad_cast@std@@UAEPAXI@Z 10049210 f i LIBCMTD:stdexcpt.obj
 0001:00048240       ??0bad_cast@std@@QAE@ABV01@@Z 10049240 f   LIBCMTD:stdexcpt.obj
 0001:00048270       ??1bad_cast@std@@UAE@XZ    10049270 f   LIBCMTD:stdexcpt.obj
 0001:00048290       ??0bad_typeid@std@@QAE@PBD@Z 10049290 f   LIBCMTD:stdexcpt.obj
 0001:000482c0       ??_Gbad_typeid@std@@UAEPAXI@Z 100492c0 f i LIBCMTD:stdexcpt.obj
 0001:000482c0       ??_Ebad_typeid@std@@UAEPAXI@Z 100492c0 f i LIBCMTD:stdexcpt.obj
 0001:000482f0       ??0bad_typeid@std@@QAE@ABV01@@Z 100492f0 f   LIBCMTD:stdexcpt.obj
 0001:00048320       ??1bad_typeid@std@@UAE@XZ  10049320 f   LIBCMTD:stdexcpt.obj
 0001:00048340       ??0__non_rtti_object@std@@QAE@PBD@Z 10049340 f   LIBCMTD:stdexcpt.obj
 0001:00048370       ??_E__non_rtti_object@std@@UAEPAXI@Z 10049370 f i LIBCMTD:stdexcpt.obj
 0001:00048370       ??_G__non_rtti_object@std@@UAEPAXI@Z 10049370 f i LIBCMTD:stdexcpt.obj
 0001:000483a0       ??0__non_rtti_object@std@@QAE@ABV01@@Z 100493a0 f   LIBCMTD:stdexcpt.obj
 0001:000483d0       ??1__non_rtti_object@std@@UAE@XZ 100493d0 f   LIBCMTD:stdexcpt.obj
 0001:000483f0       ??3@YAXPAX@Z               100493f0 f   LIBCMTD:dbgdel.obj
 0001:000484e0       __alloc_osfhnd             100494e0 f   LIBCMTD:osfinfo.obj
 0001:00048790       __set_osfhnd               10049790 f   LIBCMTD:osfinfo.obj
 0001:00048860       __free_osfhnd              10049860 f   LIBCMTD:osfinfo.obj
 0001:00048950       __get_osfhandle            10049950 f   LIBCMTD:osfinfo.obj
 0001:00048ab0       __open_osfhandle           10049ab0 f   LIBCMTD:osfinfo.obj
 0001:00048ce0       ___lock_fhandle            10049ce0 f   LIBCMTD:osfinfo.obj
 0001:00048de0       __unlock_fhandle           10049de0 f   LIBCMTD:osfinfo.obj
 0001:00048e10       __putwch                   10049e10 f   LIBCMTD:putwch.obj
 0001:00048ea0       __putwch_nolock            10049ea0 f   LIBCMTD:putwch.obj
 0001:00048fa0       __cputws                   10049fa0 f   LIBCMTD:putwch.obj
 0001:000490e0       _DebuggerKnownHandle       1004a0e0 f   LIBCMTD:error.obj
 0001:00049180       ?_RTC_Failure@@YAXPAXH@Z   1004a180 f   LIBCMTD:error.obj
 0001:000494b0       ?_RTC_StackFailure@@YAXPAXPBD@Z 1004a4b0 f   LIBCMTD:error.obj
 0001:000495d0       ?_RTC_AllocaFailure@@YAXPAXPAU_RTC_ALLOCA_NODE@@H@Z 1004a5d0 f   LIBCMTD:error.obj
 0001:00049790       __RTC_UninitUse            1004a790 f   LIBCMTD:error.obj
 0001:000498a0       __fcloseall                1004a8a0 f   LIBCMTD:closeall.obj
 0001:000499d0       _fflush                    1004a9d0 f   LIBCMTD:fflush.obj
 0001:00049a70       __fflush_nolock            1004aa70 f   LIBCMTD:fflush.obj
 0001:00049ad0       __flush                    1004aad0 f   LIBCMTD:fflush.obj
 0001:00049b90       __flushall                 1004ab90 f   LIBCMTD:fflush.obj
 0001:00049d40       __stbuf                    1004ad40 f   LIBCMTD:_sftbuf.obj
 0001:00049ea0       __ftbuf                    1004aea0 f   LIBCMTD:_sftbuf.obj
 0001:00049f30       _vprintf_helper            1004af30 f   LIBCMTD:vprintf.obj
 0001:0004a050       __vprintf_l                1004b050 f   LIBCMTD:vprintf.obj
 0001:0004a070       __vprintf_s_l              1004b070 f   LIBCMTD:vprintf.obj
 0001:0004a090       __vprintf_p_l              1004b090 f   LIBCMTD:vprintf.obj
 0001:0004a0b0       _vprintf                   1004b0b0 f   LIBCMTD:vprintf.obj
 0001:0004a0d0       _vprintf_s                 1004b0d0 f   LIBCMTD:vprintf.obj
 0001:0004a0f0       __vprintf_p                1004b0f0 f   LIBCMTD:vprintf.obj
 0001:0004a110       __flswbuf                  1004b110 f   LIBCMTD:_flswbuf.obj
 0001:0004a3f0       __mbsnbcpy_s_l             1004b3f0 f   LIBCMTD:mbsnbcpy_s_l.obj
 0001:0004aa70       _wcstol                    1004ba70 f   LIBCMTD:wcstol.obj
 0001:0004aef0       __wcstol_l                 1004bef0 f   LIBCMTD:wcstol.obj
 0001:0004af10       _wcstoul                   1004bf10 f   LIBCMTD:wcstol.obj
 0001:0004af60       __wcstoul_l                1004bf60 f   LIBCMTD:wcstol.obj
 0001:0004af80       ___crtGetStringTypeW       1004bf80 f   LIBCMTD:w_str.obj
 0001:0004b280       _getenv                    1004c280 f   LIBCMTD:getenv.obj
 0001:0004b3d0       __getenv_helper_nolock     1004c3d0 f   LIBCMTD:getenv.obj
 0001:0004b4f0       _getenv_s                  1004c4f0 f   LIBCMTD:getenv.obj
 0001:0004b720       __dupenv_s                 1004c720 f   LIBCMTD:getenv.obj
 0001:0004b740       __dupenv_s_dbg             1004c740 f   LIBCMTD:getenv.obj
 0001:0004b990       ___ascii_strnicmp          1004c990 f   LIBCMTD:_strnicm.obj
 0001:0004ba00       __strtoi64                 1004ca00 f   LIBCMTD:strtoq.obj
 0001:0004bf70       __strtoi64_l               1004cf70 f   LIBCMTD:strtoq.obj
 0001:0004bf90       __strtoui64                1004cf90 f   LIBCMTD:strtoq.obj
 0001:0004bfe0       __strtoui64_l              1004cfe0 f   LIBCMTD:strtoq.obj
 0001:0004c000       ?_Type_info_dtor@type_info@@CAXPAV1@@Z 1004d000 f   LIBCMTD:typname.obj
 0001:0004c110       ?_Name_base@type_info@@CAPBDPBV1@PAU__type_info_node@@@Z 1004d110 f   LIBCMTD:typname.obj
 0001:0004c2b0       ?_Type_info_dtor_internal@type_info@@CAXPAV1@@Z 1004d2b0 f   LIBCMTD:typname.obj
 0001:0004c3c0       ___unDNameHelper           1004d3c0 f   LIBCMTD:typname.obj
 0001:0004c400       ?_Name_base_internal@type_info@@CAPBDPBV1@PAU__type_info_node@@@Z 1004d400 f   LIBCMTD:typname.obj
 0001:0004c5a0       ___clean_type_info_names_internal 1004d5a0 f   LIBCMTD:typname.obj
 0001:0004c650       ___initconin               1004d650 f   LIBCMTD:initcon.obj
 0001:0004c680       ___initconout              1004d680 f   LIBCMTD:initcon.obj
 0001:0004c6b0       ___termcon                 1004d6b0 f   LIBCMTD:initcon.obj
 0001:0004c700       ?_RTC_GetSrcLine@@YAHPAEPA_WKPAH1K@Z 1004d700 f   LIBCMTD:pdblkup.obj
 0001:0004cb90       __RTC_NumErrors            1004db90 f   LIBCMTD:userapi.obj
 0001:0004cba0       __RTC_GetErrDesc           1004dba0 f   LIBCMTD:userapi.obj
 0001:0004cbc0       __RTC_SetErrorType         1004dbc0 f   LIBCMTD:userapi.obj
 0001:0004cbf0       __RTC_SetErrorFunc         1004dbf0 f   LIBCMTD:userapi.obj
 0001:0004cc10       __RTC_SetErrorFuncW        1004dc10 f   LIBCMTD:userapi.obj
 0001:0004cc30       ?_RTC_GetErrorFunc@@YAP6AHHPBDH00ZZPBX@Z 1004dc30 f   LIBCMTD:userapi.obj
 0001:0004cc40       ?_RTC_GetErrorFuncW@@YAP6AHHPB_WH00ZZPBX@Z 1004dc40 f   LIBCMTD:userapi.obj
 0001:0004cc50       _fclose                    1004dc50 f   LIBCMTD:fclose.obj
 0001:0004cd60       __fclose_nolock            1004dd60 f   LIBCMTD:fclose.obj
 0001:0004ce60       __commit                   1004de60 f   LIBCMTD:commit.obj
 0001:0004d080       __wchartodigit             1004e080 f   LIBCMTD:wchtodig.obj
 0001:0004d3a0       _strnlen                   1004e3a0 f   LIBCMTD:strlen_s.obj
 0001:0004d3e0       __mbsnbicoll_l             1004e3e0 f   LIBCMTD:mbsnbico.obj
 0001:0004d620       __mbsnbicoll               1004e620 f   LIBCMTD:mbsnbico.obj
 0001:0004d640       ___wtomb_environ           1004e640 f   LIBCMTD:wtombenv.obj
 0001:0004d730       __allmul                   1004e730 f   LIBCMTD:llmul.obj
 0001:0004d770       ___unDName                 1004e770 f   LIBCMTD:undname.obj
 0001:0004d850       ?Constructor@HeapManager@@QAEXP6APAXI@ZP6AXPAX@Z@Z 1004e850 f i LIBCMTD:undname.obj
 0001:0004d890       ?Destructor@HeapManager@@QAEXXZ 1004e890 f i LIBCMTD:undname.obj
 0001:0004d8e0       ___unDNameEx               1004e8e0 f   LIBCMTD:undname.obj
 0001:0004d9c0       ??0UnDecorator@@QAE@PADPBDHP6APADJ@ZK@Z 1004e9c0 f i LIBCMTD:undname.obj
 0001:0004da60       ??BUnDecorator@@QAEPADXZ   1004ea60 f i LIBCMTD:undname.obj
 0001:0004dc90       ?dbGetString@DName@@QBEPADXZ 1004ec90 f   LIBCMTD:undname.obj
 0001:0004dcb0       ?getDecoratedName@UnDecorator@@CA?AVDName@@XZ 1004ecb0 f   LIBCMTD:undname.obj
 0001:0004dfc0       ?getSymbolName@UnDecorator@@CA?AVDName@@XZ 1004efc0 f i LIBCMTD:undname.obj
 0001:0004e030       ?getZName@UnDecorator@@CA?AVDName@@_N@Z 1004f030 f   LIBCMTD:undname.obj
 0001:0004e2a0       ?getOperatorName@UnDecorator@@CA?AVDName@@_NPA_N@Z 1004f2a0 f i LIBCMTD:undname.obj
 0001:0004ebb0       ?getStringEncoding@UnDecorator@@CA?AVDName@@PADH@Z 1004fbb0 f   LIBCMTD:undname.obj
 0001:0004ecb0       ?getScope@UnDecorator@@CA?AVDName@@XZ 1004fcb0 f   LIBCMTD:undname.obj
 0001:0004f090       ?getSignedDimension@UnDecorator@@CA?AVDName@@XZ 10050090 f   LIBCMTD:undname.obj
 0001:0004f110       ?getDimension@UnDecorator@@CA?AVDName@@_N@Z 10050110 f   LIBCMTD:undname.obj
 0001:0004f3c0       ?getNumberOfDimensions@UnDecorator@@CAHXZ 100503c0 f   LIBCMTD:undname.obj
 0001:0004f4c0       ?getTemplateName@UnDecorator@@CA?AVDName@@_N@Z 100504c0 f   LIBCMTD:undname.obj
 0001:0004f6a0       ?getTemplateArgumentList@UnDecorator@@CA?AVDName@@XZ 100506a0 f   LIBCMTD:undname.obj
 0001:0004f920       ?getTemplateConstant@UnDecorator@@CA?AVDName@@XZ 10050920 f   LIBCMTD:undname.obj
 0001:0004fdb0       ?composeDeclaration@UnDecorator@@CA?AVDName@@ABV2@@Z 10050db0 f i LIBCMTD:undname.obj
 0001:000513b0       ?getTypeEncoding@UnDecorator@@CAHXZ 100523b0 f i LIBCMTD:undname.obj
 0001:00051d40       ?getBasedType@UnDecorator@@CA?AVDName@@XZ 10052d40 f   LIBCMTD:undname.obj
 0001:00051e00       ?getScopedName@UnDecorator@@CA?AVDName@@XZ 10052e00 f   LIBCMTD:undname.obj
 0001:00051f20       ?getCallingConvention@UnDecorator@@CA?AVDName@@XZ 10052f20 f   LIBCMTD:undname.obj
 0001:00052080       ?getReturnType@UnDecorator@@CA?AVDName@@PAV2@@Z 10053080 f   LIBCMTD:undname.obj
 0001:000520d0       ?getDataType@UnDecorator@@CA?AVDName@@PAV2@@Z 100530d0 f   LIBCMTD:undname.obj
 0001:000521e0       ?getPrimaryDataType@UnDecorator@@CA?AVDName@@ABV2@@Z 100531e0 f   LIBCMTD:undname.obj
 0001:00052480       ?getArgumentTypes@UnDecorator@@CA?AVDName@@XZ 10053480 f   LIBCMTD:undname.obj
 0001:000525e0       ?getArgumentList@UnDecorator@@CA?AVDName@@XZ 100535e0 f   LIBCMTD:undname.obj
 0001:00052710       ?getThrowTypes@UnDecorator@@CA?AVDName@@XZ 10053710 f   LIBCMTD:undname.obj
 0001:000527c0       ?getBasicDataType@UnDecorator@@CA?AVDName@@ABV2@@Z 100537c0 f   LIBCMTD:undname.obj
 0001:00052d10       ?getECSUDataType@UnDecorator@@CA?AVDName@@XZ 10053d10 f   LIBCMTD:undname.obj
 0001:00052ee0       ?getECSUName@UnDecorator@@CA?AVDName@@XZ 10053ee0 f i LIBCMTD:undname.obj
 0001:00052f00       ?getEnumType@UnDecorator@@CA?AVDName@@XZ 10053f00 f i LIBCMTD:undname.obj
 0001:00053050       ?getFunctionIndirectType@UnDecorator@@CA?AVDName@@ABV2@@Z 10054050 f   LIBCMTD:undname.obj
 0001:00053490       ?getPtrRefType@UnDecorator@@CA?AVDName@@ABV2@0D@Z 10054490 f   LIBCMTD:undname.obj
 0001:000535f0       ?getExtendedDataIndirectType@UnDecorator@@CA?AVDName@@AADAA_NH@Z 100545f0 f   LIBCMTD:undname.obj
 0001:00053780       ?getDataIndirectType@UnDecorator@@CA?AVDName@@ABV2@D0H@Z 10054780 f   LIBCMTD:undname.obj
 0001:00053e70       ?getPtrRefDataType@UnDecorator@@CA?AVDName@@ABV2@H@Z 10054e70 f i LIBCMTD:undname.obj
 0001:00053fb0       ?getArrayType@UnDecorator@@CA?AVDName@@ABV2@@Z 10054fb0 f i LIBCMTD:undname.obj
 0001:000541d0       ?getLexicalFrame@UnDecorator@@CA?AVDName@@XZ 100551d0 f i LIBCMTD:undname.obj
 0001:00054210       ?getThisType@UnDecorator@@CA?AVDName@@XZ 10055210 f i LIBCMTD:undname.obj
 0001:00054240       ?getPointerType@UnDecorator@@CA?AVDName@@ABV2@0@Z 10055240 f i LIBCMTD:undname.obj
 0001:00054260       ?getPointerTypeArray@UnDecorator@@CA?AVDName@@ABV2@0@Z 10055260 f i LIBCMTD:undname.obj
 0001:00054280       ?getReferenceType@UnDecorator@@CA?AVDName@@ABV2@0@Z 10055280 f i LIBCMTD:undname.obj
 0001:000542a0       ?getDisplacement@UnDecorator@@CA?AVDName@@XZ 100552a0 f i LIBCMTD:undname.obj
 0001:000542c0       ?getCallIndex@UnDecorator@@CA?AVDName@@XZ 100552c0 f i LIBCMTD:undname.obj
 0001:000542e0       ?getGuardNumber@UnDecorator@@CA?AVDName@@XZ 100552e0 f i LIBCMTD:undname.obj
 0001:00054300       ?getVbTableType@UnDecorator@@CA?AVDName@@ABV2@@Z 10055300 f i LIBCMTD:undname.obj
 0001:00054320       ?getVCallThunkType@UnDecorator@@CA?AVDName@@XZ 10055320 f i LIBCMTD:undname.obj
 0001:00054380       ?getVfTableType@UnDecorator@@CA?AVDName@@ABV2@@Z 10055380 f i LIBCMTD:undname.obj
 0001:00054540       ?getStorageConvention@UnDecorator@@CA?AVDName@@XZ 10055540 f i LIBCMTD:undname.obj
 0001:00054560       ?getDataIndirectType@UnDecorator@@CA?AVDName@@XZ 10055560 f i LIBCMTD:undname.obj
 0001:00054590       ?getVdispMapType@UnDecorator@@CA?AVDName@@ABV2@@Z 10055590 f i LIBCMTD:undname.obj
 0001:00054600       ?getExternalDataType@UnDecorator@@CA?AVDName@@ABV2@@Z 10055600 f i LIBCMTD:undname.obj
 0001:00054690       ?doMSKeywords@UnDecorator@@SAHXZ 10055690 f i LIBCMTD:undname.obj
 0001:000546b0       ?doPtr64@UnDecorator@@SAHXZ 100556b0 f i LIBCMTD:undname.obj
 0001:000546d0       ?doFunctionReturns@UnDecorator@@SAHXZ 100556d0 f i LIBCMTD:undname.obj
 0001:000546f0       ?doAllocationModel@UnDecorator@@SAHXZ 100556f0 f i LIBCMTD:undname.obj
 0001:00054710       ?doAllocationLanguage@UnDecorator@@SAHXZ 10055710 f i LIBCMTD:undname.obj
 0001:00054730       ?doThisTypes@UnDecorator@@SAHXZ 10055730 f i LIBCMTD:undname.obj
 0001:00054750       ?doAccessSpecifiers@UnDecorator@@SAHXZ 10055750 f i LIBCMTD:undname.obj
 0001:00054770       ?doThrowTypes@UnDecorator@@SAHXZ 10055770 f i LIBCMTD:undname.obj
 0001:00054790       ?doMemberTypes@UnDecorator@@SAHXZ 10055790 f i LIBCMTD:undname.obj
 0001:000547b0       ?doNameOnly@UnDecorator@@SAHXZ 100557b0 f i LIBCMTD:undname.obj
 0001:000547c0       ?doTypeOnly@UnDecorator@@SAHXZ 100557c0 f i LIBCMTD:undname.obj
[...]
 0003:000128dc       __days                     1008f8dc     LIBCMTD:days.obj
 0003:00012910       ?__pMyUnhandledExceptionFilter@@3PAXA 1008f910     LIBCMTD:throw.obj
 0003:00012918       ??_R0?AVtype_info@@@8      1008f918     LIBCMTD:typinfo.obj
 0003:00012934       ??_R0?AVbad_cast@std@@@8   1008f934     LIBCMTD:stdexcpt.obj
 0003:00012950       ??_R0?AVbad_typeid@std@@@8 1008f950     LIBCMTD:stdexcpt.obj
 0003:00012970       ??_R0?AV__non_rtti_object@std@@@8 1008f970     LIBCMTD:stdexcpt.obj
 0003:00012998       ?_RTC_ErrorLevels@@3PAHA   1008f998     LIBCMTD:error.obj
 0003:000129d4       __coninpfh                 1008f9d4     LIBCMTD:initcon.obj
 0003:000129d8       __confh                    1008f9d8     LIBCMTD:initcon.obj
 0003:00012a00       ??_R0?AVDNameNode@@@8      1008fa00     LIBCMTD:undname.obj
 0003:00012a18       ??_R0?AVcharNode@@@8       1008fa18     LIBCMTD:undname.obj
 0003:00012a30       ??_R0?AVpcharNode@@@8      1008fa30     LIBCMTD:undname.obj
 0003:00012a48       ??_R0?AVpDNameNode@@@8     1008fa48     LIBCMTD:undname.obj
 0003:00012a64       ??_R0?AVDNameStatusNode@@@8 1008fa64     LIBCMTD:undname.obj
 0003:0001305c       __aenvptr                  1009005c     LIBCMTD:dllcrt0.obj
 0003:00013060       __wenvptr                  10090060     LIBCMTD:dllcrt0.obj
 0003:00013064       ___error_mode              10090064     LIBCMTD:dllcrt0.obj
 0003:00013068       ___app_type                10090068     LIBCMTD:dllcrt0.obj
 0003:000131ec       ?_pfnDumpClient@@3P6AXPAXI@ZA 100901ec     LIBCMTD:dbgheap.obj
 0003:000131f4       ___crtDebugCheckCount      100901f4     LIBCMTD:dbgheap.obj
 0003:000131fc       ___pInvalidArgHandler      100901fc     LIBCMTD:invarg.obj
 0003:00013200       __umaskval                 10090200     LIBCMTD:crt0dat.obj
 0003:00013204       __osplatform               10090204     LIBCMTD:crt0dat.obj
 0003:00013208       __osver                    10090208     LIBCMTD:crt0dat.obj
 0003:0001320c       __winver                   1009020c     LIBCMTD:crt0dat.obj
 0003:00013210       __winmajor                 10090210     LIBCMTD:crt0dat.obj
 0003:00013214       __winminor                 10090214     LIBCMTD:crt0dat.obj
 0003:00013218       ___argc                    10090218     LIBCMTD:crt0dat.obj
 0003:0001321c       ___argv                    1009021c     LIBCMTD:crt0dat.obj
 0003:00013220       ___wargv                   10090220     LIBCMTD:crt0dat.obj
 0003:00013224       __environ                  10090224     LIBCMTD:crt0dat.obj
 0003:00013228       ___initenv                 10090228     LIBCMTD:crt0dat.obj
 0003:0001322c       __wenviron                 1009022c     LIBCMTD:crt0dat.obj
 0003:00013230       ___winitenv                10090230     LIBCMTD:crt0dat.obj
 0003:00013234       __pgmptr                   10090234     LIBCMTD:crt0dat.obj
 0003:00013238       __wpgmptr                  10090238     LIBCMTD:crt0dat.obj
 0003:0001323c       __exitflag                 1009023c     LIBCMTD:crt0dat.obj
 0003:00013240       __C_Termination_Done       10090240     LIBCMTD:crt0dat.obj
 0003:00013244       __C_Exit_Done              10090244     LIBCMTD:crt0dat.obj
 0003:00013278       ___mbulinfo                10090278     LIBCMTD:mbctype.obj
 0003:00013284       ___mbcodepage              10090284     LIBCMTD:mbctype.obj
 0003:00013288       ___ismbcodepage            10090288     LIBCMTD:mbctype.obj
 0003:0001328c       ___mblcid                  1009028c     LIBCMTD:mbctype.obj
 0003:00013290       ___locale_changed          10090290     LIBCMTD:setlocal.obj
 0003:00013294       ___lc_handle               10090294     LIBCMTD:nlsdata2.obj
 0003:000132ac       ___lc_codepage             100902ac     LIBCMTD:nlsdata2.obj
 0003:000132b0       ___lc_collate_cp           100902b0     LIBCMTD:nlsdata2.obj
 0003:000132b4       _gpFlsAlloc                100902b4     LIBCMTD:tidtable.obj
 0003:000132b8       _gpFlsGetValue             100902b8     LIBCMTD:tidtable.obj
 0003:000132bc       _gpFlsSetValue             100902bc     LIBCMTD:tidtable.obj
 0003:000132c0       _gpFlsFree                 100902c0     LIBCMTD:tidtable.obj
 0003:000136fc       __crtheap                  100906fc     LIBCMTD:heapinit.obj
 0003:00013a1c       __newmode                  10090a1c     LIBCMTD:_newmode.obj
 0003:00013a20       ?_pnhHeap@@3P6AHI@ZA       10090a20     LIBCMTD:handler.obj
 0003:00013a24       ___sbh_pHeaderDefer        10090a24     LIBCMTD:sbheap.obj
 0003:00013a28       ?__pInconsistency@@3P6AXXZA 10090a28     LIBCMTD:hooks.obj
 0003:00013a38       ___pPurecall               10090a38     LIBCMTD:inithelp.obj
 0003:00013a44       ___lconv_static_null       10090a44     LIBCMTD:lconv.obj
 0003:00013a48       __cflush                   10090a48     LIBCMTD:_file.obj
 0003:00013b30       ?wsprintffp@@3P6AHPADPBDZZA 10090b30     LIBCMTD:error.obj
 0003:00013b34       __stdbuf                   10090b34     LIBCMTD:_sftbuf.obj
 0003:00013b70       ?pArgList@UnDecorator@@0PAVReplicator@@A 10090b70     LIBCMTD:undname.obj
 0003:00013b74       ?pZNameList@UnDecorator@@0PAVReplicator@@A 10090b74     LIBCMTD:undname.obj
 0003:00013b78       ?pTemplateArgList@UnDecorator@@0PAVReplicator@@A 10090b78     LIBCMTD:undname.obj
 0003:00013b7c       ?gName@UnDecorator@@0PBDB  10090b7c     LIBCMTD:undname.obj
 0003:00013b80       ?name@UnDecorator@@0PBDB   10090b80     LIBCMTD:undname.obj
 0003:00013b84       ?outputString@UnDecorator@@0PADA 10090b84     LIBCMTD:undname.obj
 0003:00013b88       ?maxStringLength@UnDecorator@@0HA 10090b88     LIBCMTD:undname.obj
 0003:00013b8c       ?disableFlags@UnDecorator@@0KA 10090b8c     LIBCMTD:undname.obj
 0003:00013b90       ?m_pGetParameter@UnDecorator@@0P6APADJ@ZA 10090b90     LIBCMTD:undname.obj
 0003:00013b94       ?fExplicitTemplateParams@UnDecorator@@0_NA 10090b94     LIBCMTD:undname.obj
 0003:00013b95       ?fGetTemplateArgumentList@UnDecorator@@0_NA 10090b95     LIBCMTD:undname.obj
 0003:00013c00       _procTable                 10090c00     <common>
 0003:00013c80       _dbConfigLock              10090c80     <common>
 0003:00013ce4       ___piob                    10090ce4     <common>
 0003:00014040       __bufin                    10091040     <common>
 0003:00015040       __nstream                  10092040     <common>
 0003:00015044       ___sbh_initialized         10092044     <common>
 0003:00015058       ___sbh_cntHeaderList       10092058     <common>
 0003:0001505c       ___sbh_pHeaderList         1009205c     <common>
 0003:00015060       ___sbh_threshold           10092060     <common>
 0003:00015064       ___sbh_pHeaderScan         10092064     <common>
 0003:00015068       ___sbh_sizeHeaderList      10092068     <common>
 0003:0001506c       ___sbh_indGroupDefer       1009206c     <common>
 0003:00015070       __debugger_hook_dummy      10092070     <common>
 0003:0001507c       ___active_heap             1009207c     <common>
 0003:00015088       __nhandle                  10092088     <common>
 0003:000150e0       ___pioinfo                 100920e0     <common>
 0003:000151e0       ___setlc_active            100921e0     <common>
 0003:000151f0       ___unguarded_readlc_active 100921f0     <common>
 0003:000151f4       ___use_sse2_mathfcns       100921f4     <common>
 0003:00015204       ___sse2_available          10092204     <common>
 0003:00015208       ___env_initialized         10092208     <common>
 0003:00015218       ___onexitend               10092218     <common>
 0003:0001521c       ___onexitbegin             1009221c     <common>
 0003:00015220       ___mbctype_initialized     10092220     <common>
 0003:00015224       __FPinit                   10092224     <common>
 0003:00015228       ___dyn_tls_init_callback   10092228     <common>
 0003:0001522c       __pfnReportHook            1009222c     <common>
 0003:0001523c       __pReportHookListW         1009223c     <common>
 0003:00015240       __pReportHookList          10092240     <common>
 0003:00015244       __acmdln                   10092244     <common>
 0004:00000000       __IMPORT_DESCRIPTOR_RPCRT4 10093000     rpcrt4:RPCRT4.dll
 0004:00000014       __IMPORT_DESCRIPTOR_LIBMYSQL 10093014     libmysql:LIBMYSQL.dll
 0004:00000028       __IMPORT_DESCRIPTOR_KERNEL32 10093028     kernel32:KERNEL32.dll
 0004:0000003c       __NULL_IMPORT_DESCRIPTOR   1009303c     rpcrt4:RPCRT4.dll
 0004:00000344       __imp__GetStdHandle@4      10093344     kernel32:KERNEL32.dll
 0004:00000348       __imp__SetEnvironmentVariableA@8 10093348     kernel32:KERNEL32.dll
 0004:0000034c       __imp__CompareStringW@24   1009334c     kernel32:KERNEL32.dll
 0004:00000350       __imp__CompareStringA@24   10093350     kernel32:KERNEL32.dll
 0004:00000354       __imp__VirtualQuery@12     10093354     kernel32:KERNEL32.dll
 0004:00000358       __imp__lstrlenA@4          10093358     kernel32:KERNEL32.dll
 0004:0000035c       __imp__GetConsoleOutputCP@0 1009335c     kernel32:KERNEL32.dll
 0004:00000360       __imp__WriteConsoleA@20    10093360     kernel32:KERNEL32.dll
 0004:00000364       __imp__SetStdHandle@8      10093364     kernel32:KERNEL32.dll
 0004:00000368       __imp__RaiseException@16   10093368     kernel32:KERNEL32.dll
 0004:0000036c       __imp__GetTimeZoneInformation@4 1009336c     kernel32:KERNEL32.dll
 0004:00000370       __imp__GetLocaleInfoW@16   10093370     kernel32:KERNEL32.dll
 0004:00000374       __imp__GetConsoleMode@8    10093374     kernel32:KERNEL32.dll
 0004:00000378       __imp__GetConsoleCP@0      10093378     kernel32:KERNEL32.dll
 0004:0000037c       __imp__GetUserDefaultLCID@0 1009337c     kernel32:KERNEL32.dll
 0004:00000380       __imp__EnumSystemLocalesA@8 10093380     kernel32:KERNEL32.dll
 0004:00000384       __imp__IsValidCodePage@4   10093384     kernel32:KERNEL32.dll
 0004:00000388       __imp__IsValidLocale@8     10093388     kernel32:KERNEL32.dll
 0004:0000038c       __imp__GetLocaleInfoA@16   1009338c     kernel32:KERNEL32.dll
 0004:00000390       __imp__GetDateFormatA@24   10093390     kernel32:KERNEL32.dll
 0004:00000394       __imp__GetTimeFormatA@24   10093394     kernel32:KERNEL32.dll
 0004:00000398       __imp__LCMapStringW@24     10093398     kernel32:KERNEL32.dll
 0004:0000039c       __imp__LCMapStringA@24     1009339c     kernel32:KERNEL32.dll
 0004:000003a0       __imp__GetStringTypeW@16   100933a0     kernel32:KERNEL32.dll
 0004:000003a4       __imp__GetStringTypeA@20   100933a4     kernel32:KERNEL32.dll
 0004:000003a8       __imp__LoadLibraryA@4      100933a8     kernel32:KERNEL32.dll
 0004:000003ac       __imp__InterlockedExchange@8 100933ac     kernel32:KERNEL32.dll
 0004:000003b0       __imp__FreeLibrary@4       100933b0     kernel32:KERNEL32.dll
 0004:000003b4       __imp__MultiByteToWideChar@24 100933b4     kernel32:KERNEL32.dll
 0004:000003b8       __imp__VirtualAlloc@16     100933b8     kernel32:KERNEL32.dll
 0004:000003bc       __imp__InitializeCriticalSection@4 100933bc     kernel32:KERNEL32.dll
 0004:000003c0       __imp__CreateSemaphoreA@16 100933c0     kernel32:KERNEL32.dll
 0004:000003c4       __imp__CloseHandle@4       100933c4     kernel32:KERNEL32.dll
 0004:000003c8       __imp__ReleaseSemaphore@12 100933c8     kernel32:KERNEL32.dll
 0004:000003cc       __imp__EnterCriticalSection@4 100933cc     kernel32:KERNEL32.dll
 0004:000003d0       __imp__InterlockedDecrement@4 100933d0     kernel32:KERNEL32.dll
 0004:000003d4       __imp__WaitForSingleObject@8 100933d4     kernel32:KERNEL32.dll
 0004:000003d8       __imp__LeaveCriticalSection@4 100933d8     kernel32:KERNEL32.dll
 0004:000003dc       __imp__InterlockedIncrement@4 100933dc     kernel32:KERNEL32.dll
 0004:000003e0       __imp__SetLastError@4      100933e0     kernel32:KERNEL32.dll
 0004:000003e4       __imp__GetSystemTimeAsFileTime@4 100933e4     kernel32:KERNEL32.dll
 0004:000003e8       __imp__GetLastError@0      100933e8     kernel32:KERNEL32.dll
 0004:000003ec       __imp__GetCurrentProcessId@0 100933ec     kernel32:KERNEL32.dll
 0004:000003f0       __imp__HeapAlloc@12        100933f0     kernel32:KERNEL32.dll
 0004:000003f4       __imp__GetProcessHeap@0    100933f4     kernel32:KERNEL32.dll
 0004:000003f8       __imp__HeapReAlloc@16      100933f8     kernel32:KERNEL32.dll
 0004:000003fc       __imp__HeapFree@12         100933fc     kernel32:KERNEL32.dll
 0004:00000400       __imp__HeapValidate@12     10093400     kernel32:KERNEL32.dll
 0004:00000404       __imp__OutputDebugStringA@4 10093404     kernel32:KERNEL32.dll
 0004:00000408       __imp__GetCurrentThreadId@0 10093408     kernel32:KERNEL32.dll
 0004:0000040c       __imp__CreateFileA@28      1009340c     kernel32:KERNEL32.dll
 0004:00000410       __imp__ReadFile@20         10093410     kernel32:KERNEL32.dll
 0004:00000414       __imp__SetFilePointer@16   10093414     kernel32:KERNEL32.dll
 0004:00000418       __imp__GetFileSize@8       10093418     kernel32:KERNEL32.dll
 0004:0000041c       __imp__CopyFileA@12        1009341c     kernel32:KERNEL32.dll
 0004:00000420       __imp__DeleteFileA@4       10093420     kernel32:KERNEL32.dll
 0004:00000424       __imp__FlushFileBuffers@4  10093424     kernel32:KERNEL32.dll
 0004:00000428       __imp__SetEndOfFile@4      10093428     kernel32:KERNEL32.dll
 0004:0000042c       __imp__WriteFile@20        1009342c     kernel32:KERNEL32.dll
 0004:00000430       __imp__DeleteCriticalSection@4 10093430     kernel32:KERNEL32.dll
 0004:00000434       __imp__InitializeCriticalSectionAndSpinCount@8 10093434     kernel32:KERNEL32.dll
 0004:00000438       __imp__GetModuleFileNameW@12 10093438     kernel32:KERNEL32.dll
 0004:0000043c       __imp__GetCommandLineA@0   1009343c     kernel32:KERNEL32.dll
 0004:00000440       __imp__GetVersionExA@4     10093440     kernel32:KERNEL32.dll
 0004:00000444       __imp__FatalAppExitA@8     10093444     kernel32:KERNEL32.dll
 0004:00000448       __imp__IsBadReadPtr@8      10093448     kernel32:KERNEL32.dll
 0004:0000044c       __imp__DebugBreak@0        1009344c     kernel32:KERNEL32.dll
 0004:00000450       __imp__WriteConsoleW@20    10093450     kernel32:KERNEL32.dll
 0004:00000454       __imp__GetFileType@4       10093454     kernel32:KERNEL32.dll
 0004:00000458       __imp__OutputDebugStringW@4 10093458     kernel32:KERNEL32.dll
 0004:0000045c       __imp__TerminateProcess@8  1009345c     kernel32:KERNEL32.dll
 0004:00000460       __imp__GetCurrentProcess@0 10093460     kernel32:KERNEL32.dll
 0004:00000464       __imp__UnhandledExceptionFilter@4 10093464     kernel32:KERNEL32.dll
 0004:00000468       __imp__SetUnhandledExceptionFilter@4 10093468     kernel32:KERNEL32.dll
 0004:0000046c       __imp__IsDebuggerPresent@0 1009346c     kernel32:KERNEL32.dll
 0004:00000470       __imp__WideCharToMultiByte@32 10093470     kernel32:KERNEL32.dll
 0004:00000474       __imp__GetProcAddress@8    10093474     kernel32:KERNEL32.dll
 0004:00000478       __imp__GetModuleHandleA@4  10093478     kernel32:KERNEL32.dll
 0004:0000047c       __imp__ExitProcess@4       1009347c     kernel32:KERNEL32.dll
 0004:00000480       __imp__SetConsoleCtrlHandler@8 10093480     kernel32:KERNEL32.dll
 0004:00000484       __imp__LoadLibraryW@4      10093484     kernel32:KERNEL32.dll
 0004:00000488       __imp__GetACP@0            10093488     kernel32:KERNEL32.dll
 0004:0000048c       __imp__GetOEMCP@0          1009348c     kernel32:KERNEL32.dll
 0004:00000490       __imp__GetCPInfo@8         10093490     kernel32:KERNEL32.dll
 0004:00000494       __imp__TlsGetValue@4       10093494     kernel32:KERNEL32.dll
 0004:00000498       __imp__TlsAlloc@0          10093498     kernel32:KERNEL32.dll
 0004:0000049c       __imp__TlsSetValue@8       1009349c     kernel32:KERNEL32.dll
 0004:000004a0       __imp__TlsFree@4           100934a0     kernel32:KERNEL32.dll
 0004:000004a4       __imp__GetCurrentThread@0  100934a4     kernel32:KERNEL32.dll
 0004:000004a8       __imp__RtlUnwind@16        100934a8     kernel32:KERNEL32.dll
 0004:000004ac       __imp__SetHandleCount@4    100934ac     kernel32:KERNEL32.dll
 0004:000004b0       __imp__GetStartupInfoA@4   100934b0     kernel32:KERNEL32.dll
 0004:000004b4       __imp__GetModuleFileNameA@12 100934b4     kernel32:KERNEL32.dll
 0004:000004b8       __imp__FreeEnvironmentStringsA@4 100934b8     kernel32:KERNEL32.dll
 0004:000004bc       __imp__GetEnvironmentStrings@0 100934bc     kernel32:KERNEL32.dll
 0004:000004c0       __imp__FreeEnvironmentStringsW@4 100934c0     kernel32:KERNEL32.dll
 0004:000004c4       __imp__GetEnvironmentStringsW@0 100934c4     kernel32:KERNEL32.dll
 0004:000004c8       __imp__HeapDestroy@4       100934c8     kernel32:KERNEL32.dll
 0004:000004cc       __imp__HeapCreate@12       100934cc     kernel32:KERNEL32.dll
 0004:000004d0       __imp__VirtualFree@12      100934d0     kernel32:KERNEL32.dll
 0004:000004d4       __imp__QueryPerformanceCounter@4 100934d4     kernel32:KERNEL32.dll
 0004:000004d8       __imp__GetTickCount@0      100934d8     kernel32:KERNEL32.dll
 0004:000004dc       \177KERNEL32_NULL_THUNK_DATA 100934dc     kernel32:KERNEL32.dll
 0004:00000558       __imp__mysql_stmt_affected_rows@4 10093558     libmysql:LIBMYSQL.dll
 0004:0000055c       __imp__mysql_errno@4       1009355c     libmysql:LIBMYSQL.dll
 0004:00000560       __imp__mysql_query@8       10093560     libmysql:LIBMYSQL.dll
 0004:00000564       __imp__mysql_stmt_param_count@4 10093564     libmysql:LIBMYSQL.dll
 0004:00000568       __imp__mysql_stmt_bind_param@8 10093568     libmysql:LIBMYSQL.dll
 0004:0000056c       __imp__mysql_stmt_errno@4  1009356c     libmysql:LIBMYSQL.dll
 0004:00000570       __imp__mysql_stmt_prepare@12 10093570     libmysql:LIBMYSQL.dll
 0004:00000574       __imp__mysql_stmt_error@4  10093574     libmysql:LIBMYSQL.dll
 0004:00000578       __imp__mysql_stmt_result_metadata@4 10093578     libmysql:LIBMYSQL.dll
 0004:0000057c       __imp__mysql_stmt_execute@4 1009357c     libmysql:LIBMYSQL.dll
 0004:00000580       __imp__mysql_num_fields@4  10093580     libmysql:LIBMYSQL.dll
 0004:00000584       __imp__mysql_stmt_bind_result@8 10093584     libmysql:LIBMYSQL.dll
 0004:00000588       __imp__mysql_stmt_store_result@4 10093588     libmysql:LIBMYSQL.dll
 0004:0000058c       __imp__mysql_stmt_fetch@4  1009358c     libmysql:LIBMYSQL.dll
 0004:00000590       __imp__mysql_free_result@4 10093590     libmysql:LIBMYSQL.dll
 0004:00000594       __imp__mysql_stmt_close@4  10093594     libmysql:LIBMYSQL.dll
 0004:00000598       __imp__mysql_close@4       10093598     libmysql:LIBMYSQL.dll
 0004:0000059c       __imp__mysql_ping@4        1009359c     libmysql:LIBMYSQL.dll
 0004:000005a0       __imp__mysql_init@4        100935a0     libmysql:LIBMYSQL.dll
 0004:000005a4       __imp__mysql_ssl_set@24    100935a4     libmysql:LIBMYSQL.dll
 0004:000005a8       __imp__mysql_real_connect@32 100935a8     libmysql:LIBMYSQL.dll
 0004:000005ac       __imp__mysql_error@4       100935ac     libmysql:LIBMYSQL.dll
 0004:000005b0       __imp__mysql_stmt_init@4   100935b0     libmysql:LIBMYSQL.dll
 0004:000005b4       __imp__mysql_get_server_info@4 100935b4     libmysql:LIBMYSQL.dll
 0004:000005b8       __imp__mysql_get_host_info@4 100935b8     libmysql:LIBMYSQL.dll
 0004:000005bc       __imp__mysql_get_client_info@0 100935bc     libmysql:LIBMYSQL.dll
 0004:000005c0       \177LIBMYSQL_NULL_THUNK_DATA 100935c0     libmysql:LIBMYSQL.dll
 0004:00000600       __imp__UuidCreate@4        10093600     rpcrt4:RPCRT4.dll
 0004:00000604       __imp__UuidToStringA@8     10093604     rpcrt4:RPCRT4.dll
 0004:00000608       __imp__RpcStringFreeA@4    10093608     rpcrt4:RPCRT4.dll
 0004:0000060c       \177RPCRT4_NULL_THUNK_DATA 1009360c     rpcrt4:RPCRT4.dll

 entry point at        0001:000188a0

