 nxmydb

 Timestamp is 470808d5 (Sat Oct 06 16:14:45 2007)

 Preferred load address is 10000000

 Start         Length     Name                   Class
 0001:00000000 0006d76bH .text                   CODE
 0001:0006d770 00001143H .text$x                 CODE
 0002:00000000 00000104H .CRT$XCA                DATA
 0002:00000104 00000104H .CRT$XCZ                DATA
 0002:00000208 00000104H .CRT$XIA                DATA
 0002:0000030c 00000118H .CRT$XIC                DATA
 0002:00000424 00000104H .CRT$XIY                DATA
 0002:00000528 00000104H .CRT$XIZ                DATA
 0002:0000062c 00000104H .CRT$XPA                DATA
 0002:00000730 00000109H .CRT$XPX                DATA
 0002:0000083c 00000104H .CRT$XPXA               DATA
 0002:00000940 00000104H .CRT$XPZ                DATA
 0002:00000a44 00000104H .CRT$XTA                DATA
 0002:00000b48 00000104H .CRT$XTB                DATA
 0002:00000c4c 00000104H .CRT$XTZ                DATA
 0002:00000d50 0000d39fH .rdata                  DATA
 0002:0000e0f0 00000134H .rdata$debug            DATA
 0002:0000e224 000004e1H .rdata$r                DATA
 0002:0000e710 00000134H .rdata$sxdata           DATA
 0002:0000e844 00000104H .rtc$IAA                DATA
 0002:0000e948 00000104H .rtc$IZZ                DATA
 0002:0000ea4c 00000104H .rtc$TAA                DATA
 0002:0000eb50 00000104H .rtc$TZZ                DATA
 0002:0000ec58 00000fc1H .xdata$x                DATA
 0002:0000fc20 000001acH .edata                  DATA
 0003:00000000 00016befH .data                   DATA
 0003:00016c00 00002370H .bss                    DATA
 0004:00000000 0000003cH .idata$2                DATA
 0004:0000003c 00000014H .idata$3                DATA
 0004:00000050 000002fcH .idata$4                DATA
 0004:0000034c 000002fcH .idata$5                DATA
 0004:00000648 00000bf5H .idata$6                DATA
 0005:00000000 00000169H .rsrc$01                DATA
 0005:00000170 0000041cH .rsrc$02                DATA

  Address         Publics by Value              Rva+Base       Lib:Object

 0000:00000000       __except_list              00000000     <absolute>
 0000:0000000b       ___safe_se_handler_count   0000000b     <absolute>
 0000:00000000       ___ImageBase               10000000     <linker-defined>
 0001:00000490       _DebugAllocate@16          10001490 f   alloc.obj
 0001:000005d0       _DebugReallocate@20        100015d0 f   alloc.obj
 0001:00000850       _DebugFree@16              10001850 f   alloc.obj
 0001:00000a60       _DebugCheck@16             10001a60 f   alloc.obj
 0001:00000e50       @ArraySearch@20            10001e50 f   array.obj
 0001:00000fe0       @ArraySort@16              10001fe0 f   array.obj
 0001:00001080       @ArrayDelete@20            10002080 f   array.obj
 0001:00001160       @ArrayPtrInsert@16         10002160 f   array.obj
 0001:000012a0       @ArrayPtrSearch@16         100022a0 f   array.obj
 0001:000013b0       @ArrayPtrSort@12           100023b0 f   array.obj
 0001:00001430       @ArrayPtrDelete@16         10002430 f   array.obj
 0001:000016a0       @ConditionVariableCreate@4 100026a0 f   condvar.obj
 0001:00001710       @ConditionVariableDestroy@4 10002710 f   condvar.obj
 0001:00001770       @ConditionVariableBroadcast@4 10002770 f   condvar.obj
 0001:000017d0       @ConditionVariableSignal@4 100027d0 f   condvar.obj
 0001:00001820       @ConditionVariableWait@12  10002820 f   condvar.obj
 0001:00001960       @DbInit@4                  10002960 f   database.obj
 0001:000028a0       @DbFinalize@0              100038a0 f   database.obj
 0001:00002a60       @DbSyncStart@0             10003a60 f   database.obj
 0001:00002e00       @DbSyncStop@0              10003e00 f   database.obj
 0001:00002e30       @DbMapError@4              10003e30 f   database.obj
 0001:00002f10       @DbAcquire@4               10003f10 f   database.obj
 0001:00002fb0       @DbRelease@4               10003fb0 f   database.obj
 0001:00003600       _StringCchCopyA@12         10004600 f i database.obj
 0001:00003660       @DbMapErrorFromStmt@4      10004660 f i database.obj
 0001:000036b0       _DllMain@12                100046b0 f   dllentry.obj
 0001:00003740       _EventInit                 10004740 f   event.obj
 0001:00003960       _EventDeInit               10004960 f   event.obj
 0001:00003a40       _GroupModuleInit           10004a40 f   group.obj
 0001:00004430       _GroupExists               10005430 f   group.obj
 0001:000044a0       _GroupRegister             100054a0 f   group.obj
 0001:000045e0       _GroupRegisterAs           100055e0 f   group.obj
 0001:000046f0       _GroupUnregister           100056f0 f   group.obj
 0001:000047c0       _GroupUpdate               100057c0 f   group.obj
 0001:00004890       _GroupUpdateByName         10005890 f   group.obj
 0001:00004df0       _DbGroupRead               10005df0 f   groupdb.obj
 0001:00005270       _DbGroupCreate             10006270 f   groupdb.obj
 0001:00005800       _DbGroupRename             10006800 f   groupdb.obj
 0001:00006190       _DbGroupDelete             10007190 f   groupdb.obj
 0001:00006650       _DbGroupLock               10007650 f   groupdb.obj
 0001:00006970       _DbGroupUnlock             10007970 f   groupdb.obj
 0001:00006ba0       _DbGroupOpen               10007ba0 f   groupdb.obj
 0001:00006c60       _DbGroupWrite              10007c60 f   groupdb.obj
 0001:00006f10       _DbGroupClose              10007f10 f   groupdb.obj
 0001:00007760       @DbMapErrorFromConn@4      10008760 f i groupdb.obj
 0001:000077b0       _DbGroupSync               100087b0 f   groupdbsync.obj
 0001:00009270       _FileGroupDefault          1000a270 f   groupfile.obj
 0001:00009560       _FileGroupCreate           1000a560 f   groupfile.obj
 0001:00009750       _FileGroupDelete           1000a750 f   groupfile.obj
 0001:00009870       _FileGroupOpen             1000a870 f   groupfile.obj
 0001:00009a00       _FileGroupWrite            1000aa00 f   groupfile.obj
 0001:00009b80       _FileGroupClose            1000ab80 f   groupfile.obj
 0001:00009e60       _StringCchPrintfA          1000ae60 f i groupfile.obj
 0001:00009ed0       _LogInit@0                 1000aed0 f   log.obj
 0001:00009ef0       _LogFinalize@0             1000aef0 f   log.obj
 0001:00009f00       _LogSetLevel@4             1000af00 f   log.obj
 0001:00009f20       _LogFileName               1000af20 f   log.obj
 0001:00009fa0       _LogFormat                 1000afa0 f   log.obj
 0001:00009fd0       _LogFormatV@12             1000afd0 f   log.obj
 0001:00009ff0       _LogTrace                  1000aff0 f   log.obj
 0001:0000a030       _LogTraceV@24              1000b030 f   log.obj
 0001:0000a0c0       _LogDebuggerInit@0         1000b0c0 f   logdebug.obj
 0001:0000a0f0       _LogDebuggerFinalize@0     1000b0f0 f   logdebug.obj
 0001:0000a110       _LogDebuggerFormat         1000b110 f   logdebug.obj
 0001:0000a140       _LogDebuggerFormatV@8      1000b140 f   logdebug.obj
 0001:0000a1c0       _LogDebuggerTrace          1000b1c0 f   logdebug.obj
 0001:0000a1f0       _LogDebuggerTraceV@20      1000b1f0 f   logdebug.obj
 0001:0000a3e0       _StringCchVPrintfA@16      1000b3e0 f i logdebug.obj
 0001:0000a440       _StringCchPrintfExA        1000b440 f i logdebug.obj
 0001:0000a630       _LogFileInit@0             1000b630 f   logfile.obj
 0001:0000a720       _LogFileFinalize@0         1000b720 f   logfile.obj
 0001:0000a950       _LogFileFormat             1000b950 f   logfile.obj
 0001:0000a980       _LogFileFormatV@8          1000b980 f   logfile.obj
 0001:0000ab00       _LogFileTrace              1000bb00 f   logfile.obj
 0001:0000ab30       _LogFileTraceV@20          1000bb30 f   logfile.obj
 0001:0000ade0       _StringCchVPrintfExA@28    1000bde0 f i logfile.obj
 0001:0000afc0       @NameListCreate@8          1000bfc0 f   namelist.obj
 0001:0000b680       @NameListCreateGroups@4    1000c680 f   namelist.obj
 0001:0000b700       @NameListCreateUsers@4     1000c700 f   namelist.obj
 0001:0000b780       @NameListDestroy@4         1000c780 f   namelist.obj
 0001:0000b830       @NameListExists@8          1000c830 f   namelist.obj
 0001:0000b8f0       @NameListRemove@8          1000c8f0 f   namelist.obj
 0001:0000bc80       _StringCchCopyNA@16        1000cc80 f i namelist.obj
 0001:0000bd00       _PoolCreate@36             1000cd00 f   pool.obj
 0001:0000c740       @PoolDestroy@4             1000d740 f   pool.obj
 0001:0000c9e0       @PoolAcquire@8             1000d9e0 f   pool.obj
 0001:0000cbb0       @PoolRelease@8             1000dbb0 f   pool.obj
 0001:0000cca0       @PoolValidate@8            1000dca0 f   pool.obj
 0001:0000cd50       @PoolInvalidate@8          1000dd50 f   pool.obj
 0001:0000d210       @ProcTableInit@4           1000e210 f   proctable.obj
 0001:0000d810       @ProcTableFinalize@0       1000e810 f   proctable.obj
 0001:0000d9b0       _UserModuleInit            1000e9b0 f   user.obj
 0001:0000e390       _UserExists                1000f390 f   user.obj
 0001:0000e400       _UserRegister              1000f400 f   user.obj
 0001:0000e540       _UserRegisterAs            1000f540 f   user.obj
 0001:0000e650       _UserUnregister            1000f650 f   user.obj
 0001:0000e720       _UserUpdate                1000f720 f   user.obj
 0001:0000e7f0       _UserUpdateByName          1000f7f0 f   user.obj
 0001:0000ed50       _DbUserReadExtra           1000fd50 f   userdb.obj
 0001:0000f8d0       _DbUserRead                100108d0 f   userdb.obj
 0001:0000ff50       _DbUserCreate              10010f50 f   userdb.obj
 0001:00010f10       _DbUserRename              10011f10 f   userdb.obj
 0001:00011a10       _DbUserDelete              10012a10 f   userdb.obj
 0001:000123f0       _DbUserLock                100133f0 f   userdb.obj
 0001:00012710       _DbUserUnlock              10013710 f   userdb.obj
 0001:00012940       _DbUserOpen                10013940 f   userdb.obj
 0001:00012a00       _DbUserWrite               10013a00 f   userdb.obj
 0001:00013b70       _DbUserClose               10014b70 f   userdb.obj
 0001:00014f00       _StringCchCopyExA@24       10015f00 f i userdb.obj
 0001:000150f0       _DbUserSync                100160f0 f   userdbsync.obj
 0001:00016fc0       _FileUserDefault           10017fc0 f   userfile.obj
 0001:000172c0       _FileUserCreate            100182c0 f   userfile.obj
 0001:000174b0       _FileUserDelete            100184b0 f   userfile.obj
 0001:000175d0       _FileUserOpen              100185d0 f   userfile.obj
 0001:00017760       _FileUserWrite             10018760 f   userfile.obj
 0001:000178e0       _FileUserClose             100188e0 f   userfile.obj
 0001:00017bc0       _RpcStringFreeA@4          10018bc0 f   rpcrt4:RPCRT4.dll
 0001:00017bc6       _UuidToStringA@8           10018bc6 f   rpcrt4:RPCRT4.dll
 0001:00017bcc       _UuidCreate@4              10018bcc f   rpcrt4:RPCRT4.dll
 0001:00017bd2       _mysql_get_client_info@0   10018bd2 f   libmysql:LIBMYSQL.dll
 0001:00017bd8       _mysql_get_host_info@4     10018bd8 f   libmysql:LIBMYSQL.dll
 0001:00017bde       _mysql_stmt_init@4         10018bde f   libmysql:LIBMYSQL.dll
 0001:00017be4       _mysql_get_server_info@4   10018be4 f   libmysql:LIBMYSQL.dll
 0001:00017bea       _mysql_get_server_version@4 10018bea f   libmysql:LIBMYSQL.dll
 0001:00017bf0       _mysql_error@4             10018bf0 f   libmysql:LIBMYSQL.dll
 0001:00017bf6       _mysql_real_connect@32     10018bf6 f   libmysql:LIBMYSQL.dll
 0001:00017bfc       _mysql_ssl_set@24          10018bfc f   libmysql:LIBMYSQL.dll
 0001:00017c02       _mysql_init@4              10018c02 f   libmysql:LIBMYSQL.dll
 0001:00017c08       _mysql_ping@4              10018c08 f   libmysql:LIBMYSQL.dll
 0001:00017c0e       _mysql_close@4             10018c0e f   libmysql:LIBMYSQL.dll
 0001:00017c14       _mysql_stmt_close@4        10018c14 f   libmysql:LIBMYSQL.dll
 0001:00017c1a       _mysql_free_result@4       10018c1a f   libmysql:LIBMYSQL.dll
 0001:00017c20       _mysql_stmt_fetch@4        10018c20 f   libmysql:LIBMYSQL.dll
 0001:00017c26       _mysql_stmt_store_result@4 10018c26 f   libmysql:LIBMYSQL.dll
 0001:00017c2c       _mysql_stmt_bind_result@8  10018c2c f   libmysql:LIBMYSQL.dll
 0001:00017c32       _mysql_num_fields@4        10018c32 f   libmysql:LIBMYSQL.dll
 0001:00017c38       _mysql_stmt_execute@4      10018c38 f   libmysql:LIBMYSQL.dll
 0001:00017c3e       _mysql_stmt_result_metadata@4 10018c3e f   libmysql:LIBMYSQL.dll
 0001:00017c44       _mysql_stmt_error@4        10018c44 f   libmysql:LIBMYSQL.dll
 0001:00017c4a       _mysql_stmt_prepare@12     10018c4a f   libmysql:LIBMYSQL.dll
 0001:00017c50       _mysql_stmt_errno@4        10018c50 f   libmysql:LIBMYSQL.dll
 0001:00017c56       _mysql_stmt_bind_param@8   10018c56 f   libmysql:LIBMYSQL.dll
 0001:00017c5c       _mysql_stmt_param_count@4  10018c5c f   libmysql:LIBMYSQL.dll
 0001:00017c62       _mysql_query@8             10018c62 f   libmysql:LIBMYSQL.dll
 0001:00017c68       _mysql_errno@4             10018c68 f   libmysql:LIBMYSQL.dll
 0001:00017c6e       _mysql_stmt_affected_rows@4 10018c6e f   libmysql:LIBMYSQL.dll
 0001:00017c74       _StringLengthWorkerA@12    10018c74 f   strsafe:strsafe.obj
 0001:00017cb2       _StringLengthWorkerW@12    10018cb2 f   strsafe:strsafe.obj
 0001:00017cf2       _StringExValidateSrcA@16   10018cf2 f   strsafe:strsafe.obj
 0001:00017d2d       _StringExValidateSrcW@16   10018d2d f   strsafe:strsafe.obj
 0001:00017d68       _StringValidateDestA@16    10018d68 f   strsafe:strsafe.obj
 0001:00017da0       _StringValidateDestW@16    10018da0 f   strsafe:strsafe.obj
 0001:00017dd8       _StringExValidateDestA@20  10018dd8 f   strsafe:strsafe.obj
 0001:00017e38       _StringExValidateDestW@20  10018e38 f   strsafe:strsafe.obj
 0001:00017e98       _StringCopyWorkerA@20      10018e98 f   strsafe:strsafe.obj
 0001:00017ee7       _StringCopyWorkerW@20      10018ee7 f   strsafe:strsafe.obj
 0001:00017f3d       _StringVPrintfWorkerA@20   10018f3d f   strsafe:strsafe.obj
 0001:00017f89       _StringVPrintfWorkerW@20   10018f89 f   strsafe:strsafe.obj
 0001:00017fd7       _StringExHandleFillBehindNullA@12 10018fd7 f   strsafe:strsafe.obj
 0001:00018002       _StringExHandleFillBehindNullW@12 10019002 f   strsafe:strsafe.obj
 0001:00018031       _StringExHandleOtherFlagsA@24 10019031 f   strsafe:strsafe.obj
 0001:000180c4       _StringExHandleOtherFlagsW@24 100190c4 f   strsafe:strsafe.obj
 0001:00018160       __CrtSetReportHookW2       10019160 f   LIBCMTD:dbgrptw.obj
 0001:00018480       __CrtDbgReportW            10019480 f   LIBCMTD:dbgrptw.obj
 0001:000184c0       __CrtDbgReportWV           100194c0 f i LIBCMTD:dbgrptw.obj
 0001:00018800       __invoke_watson_if_error   10019800 f i LIBCMTD:dbgrptw.obj
 0001:00018830       __invoke_watson_if_oneof   10019830 f i LIBCMTD:dbgrptw.obj
 0001:00018870       ___crtMessageWindowW       10019870 f   LIBCMTD:dbgrptw.obj
 0001:00018c70       ?_CrtDbgReportW@@YAHHPBGH00ZZ 10019c70 f   LIBCMTD:dbgrptw.obj
 0001:00018cb0       _memset                    10019cb0 f   LIBCMTD:memset.obj
 0001:00018d30       _qsort                     10019d30 f   LIBCMTD:qsort.obj
 0001:000192e0       _memcpy                    1001a2e0 f   LIBCMTD:memcpy.obj
 0001:00019650       _memmove                   1001a650 f   LIBCMTD:memmove.obj
 0001:000199c0       __aulldiv                  1001a9c0 f   LIBCMTD:ulldiv.obj
 0001:00019a30       _strlen                    1001aa30 f   LIBCMTD:strlen.obj
 0001:00019ac0       @__security_check_cookie@4 1001aac0 f   LIBCMTD:secchk.obj
 0001:00019ad0       __stricmp_l                1001aad0 f   LIBCMTD:stricmp.obj
 0001:00019c80       ??0_LocaleUpdate@@QAE@PAUlocaleinfo_struct@@@Z 1001ac80 f i LIBCMTD:stricmp.obj
 0001:00019d60       ??1_LocaleUpdate@@QAE@XZ   1001ad60 f i LIBCMTD:stricmp.obj
 0001:00019d90       ?GetLocaleT@_LocaleUpdate@@QAEPAUlocaleinfo_struct@@XZ 1001ad90 f i LIBCMTD:stricmp.obj
 0001:00019da0       ___ascii_stricmp           1001ada0 f   LIBCMTD:stricmp.obj
 0001:00019e10       __stricmp                  1001ae10 f   LIBCMTD:stricmp.obj
 0001:00019f20       _memcmp                    1001af20 f   LIBCMTD:memcmp.obj
 0001:0001a990       _strtol                    1001b990 f   LIBCMTD:strtol.obj
 0001:0001aec0       __strtol_l                 1001bec0 f   LIBCMTD:strtol.obj
 0001:0001aee0       _strtoul                   1001bee0 f   LIBCMTD:strtol.obj
 0001:0001af30       __strtoul_l                1001bf30 f   LIBCMTD:strtol.obj
 0001:0001af50       _strcmp                    1001bf50 f   LIBCMTD:strcmp.obj
 0001:0001afe0       __chkstk                   1001bfe0 f   LIBCMTD:chkstk.obj
 0001:0001afe0       __alloca_probe             1001bfe0     LIBCMTD:chkstk.obj
 0001:0001b010       __CRT_INIT@12              1001c010 f   LIBCMTD:dllcrt0.obj
 0001:0001b2f0       __set_osplatform           1001c2f0 f i LIBCMTD:dllcrt0.obj
 0001:0001b300       __set_osver                1001c300 f i LIBCMTD:dllcrt0.obj
 0001:0001b310       __set_winver               1001c310 f i LIBCMTD:dllcrt0.obj
 0001:0001b320       __set_winmajor             1001c320 f i LIBCMTD:dllcrt0.obj
 0001:0001b330       __set_winminor             1001c330 f i LIBCMTD:dllcrt0.obj
 0001:0001b340       __DllMainCRTStartup@12     1001c340 f   LIBCMTD:dllcrt0.obj
 0001:0001b520       __vsnprintf_l              1001c520 f   LIBCMTD:vsnprint.obj
 0001:0001b6c0       __vsnprintf                1001c6c0 f   LIBCMTD:vsnprint.obj
 0001:0001b6e0       __vsnwprintf_l             1001c6e0 f   LIBCMTD:vsnwprnt.obj
 0001:0001b8e0       __vsnwprintf               1001c8e0 f   LIBCMTD:vsnwprnt.obj
 0001:0001b900       __mtinitlocks              1001c900 f   LIBCMTD:mlock.obj
 0001:0001b990       __mtdeletelocks            1001c990 f   LIBCMTD:mlock.obj
 0001:0001ba50       __mtinitlocknum            1001ca50 f   LIBCMTD:mlock.obj
 0001:0001bba0       __lock                     1001cba0 f   LIBCMTD:mlock.obj
 0001:0001bbe0       __unlock                   1001cbe0 f   LIBCMTD:mlock.obj
 0001:0001bc00       __lockerr_exit             1001cc00 f   LIBCMTD:mlock.obj
 0001:0001bc20       _malloc                    1001cc20 f   LIBCMTD:dbgheap.obj
 0001:0001bc50       __malloc_dbg               1001cc50 f   LIBCMTD:dbgheap.obj
 0001:0001bc80       __nh_malloc                1001cc80 f   LIBCMTD:dbgheap.obj
 0001:0001bca0       __nh_malloc_dbg            1001cca0 f   LIBCMTD:dbgheap.obj
 0001:0001bd10       __heap_alloc               1001cd10 f   LIBCMTD:dbgheap.obj
 0001:0001bd30       __heap_alloc_dbg           1001cd30 f   LIBCMTD:dbgheap.obj
 0001:0001c0d0       _calloc                    1001d0d0 f   LIBCMTD:dbgheap.obj
 0001:0001c100       __calloc_dbg               1001d100 f   LIBCMTD:dbgheap.obj
 0001:0001c1c0       _realloc                   1001d1c0 f   LIBCMTD:dbgheap.obj
 0001:0001c1f0       __recalloc                 1001d1f0 f   LIBCMTD:dbgheap.obj
 0001:0001c290       __realloc_dbg              1001d290 f   LIBCMTD:dbgheap.obj
 0001:0001c860       __recalloc_dbg             1001d860 f   LIBCMTD:dbgheap.obj
 0001:0001c910       __expand                   1001d910 f   LIBCMTD:dbgheap.obj
 0001:0001c940       __expand_dbg               1001d940 f   LIBCMTD:dbgheap.obj
 0001:0001ca50       _free                      1001da50 f   LIBCMTD:dbgheap.obj
 0001:0001ca70       __free_nolock              1001da70 f   LIBCMTD:dbgheap.obj
 0001:0001ca90       __free_dbg                 1001da90 f   LIBCMTD:dbgheap.obj
 0001:0001cb10       __free_dbg_nolock          1001db10 f   LIBCMTD:dbgheap.obj
 0001:0001cf40       __msize                    1001df40 f   LIBCMTD:dbgheap.obj
 0001:0001cf60       __msize_dbg                1001df60 f   LIBCMTD:dbgheap.obj
 0001:0001d150       __CrtSetBreakAlloc         1001e150 f   LIBCMTD:dbgheap.obj
 0001:0001d170       __CrtSetDbgBlockType       1001e170 f   LIBCMTD:dbgheap.obj
 0001:0001d260       __CrtSetAllocHook          1001e260 f   LIBCMTD:dbgheap.obj
 0001:0001d280       __CrtGetAllocHook          1001e280 f   LIBCMTD:dbgheap.obj
 0001:0001d2e0       __CrtCheckMemory           1001e2e0 f   LIBCMTD:dbgheap.obj
 0001:0001d660       __CrtSetDbgFlag            1001e660 f   LIBCMTD:dbgheap.obj
 0001:0001d7b0       __CrtDoForAllClientObjects 1001e7b0 f   LIBCMTD:dbgheap.obj
 0001:0001d8d0       __CrtIsValidPointer        1001e8d0 f   LIBCMTD:dbgheap.obj
 0001:0001d8e0       __CrtIsValidHeapPointer    1001e8e0 f   LIBCMTD:dbgheap.obj
 0001:0001d9d0       __CrtIsMemoryBlock         1001e9d0 f   LIBCMTD:dbgheap.obj
 0001:0001db40       __CrtReportBlockType       1001eb40 f   LIBCMTD:dbgheap.obj
 0001:0001db70       __CrtSetDumpClient         1001eb70 f   LIBCMTD:dbgheap.obj
 0001:0001db90       __CrtGetDumpClient         1001eb90 f   LIBCMTD:dbgheap.obj
 0001:0001dba0       __CrtMemCheckpoint         1001eba0 f   LIBCMTD:dbgheap.obj
 0001:0001dd80       __CrtMemDifference         1001ed80 f   LIBCMTD:dbgheap.obj
 0001:0001dfa0       __CrtMemDumpAllObjectsSince 1001efa0 f   LIBCMTD:dbgheap.obj
 0001:0001e490       __CrtDumpMemoryLeaks       1001f490 f   LIBCMTD:dbgheap.obj
 0001:0001e500       __CrtMemDumpStatistics     1001f500 f   LIBCMTD:dbgheap.obj
 0001:0001e610       __aligned_malloc           1001f610 f   LIBCMTD:dbgheap.obj
 0001:0001e630       __aligned_malloc_dbg       1001f630 f   LIBCMTD:dbgheap.obj
 0001:0001e650       __aligned_realloc          1001f650 f   LIBCMTD:dbgheap.obj
 0001:0001e670       __aligned_recalloc         1001f670 f   LIBCMTD:dbgheap.obj
 0001:0001e6a0       __aligned_realloc_dbg      1001f6a0 f   LIBCMTD:dbgheap.obj
 0001:0001e6d0       __aligned_recalloc_dbg     1001f6d0 f   LIBCMTD:dbgheap.obj
 0001:0001e700       __aligned_offset_malloc    1001f700 f   LIBCMTD:dbgheap.obj
 0001:0001e720       __aligned_offset_malloc_dbg 1001f720 f   LIBCMTD:dbgheap.obj
 0001:0001e8c0       __aligned_offset_realloc   1001f8c0 f   LIBCMTD:dbgheap.obj
 0001:0001e8f0       __aligned_offset_recalloc  1001f8f0 f   LIBCMTD:dbgheap.obj
 0001:0001e920       __aligned_offset_realloc_dbg 1001f920 f   LIBCMTD:dbgheap.obj
 0001:0001ebf0       __aligned_offset_recalloc_dbg 1001fbf0 f   LIBCMTD:dbgheap.obj
 0001:0001eca0       __aligned_free             1001fca0 f   LIBCMTD:dbgheap.obj
 0001:0001ecc0       __aligned_free_dbg         1001fcc0 f   LIBCMTD:dbgheap.obj
 0001:0001ed70       __CrtSetDebugFillThreshold 1001fd70 f   LIBCMTD:dbgheap.obj
 0001:0001ed90       __CrtSetCheckCount         1001fd90 f   LIBCMTD:dbgheap.obj
 0001:0001edb0       __CrtGetCheckCount         1001fdb0 f   LIBCMTD:dbgheap.obj
 0001:0001edc0       __CrtDbgBreak              1001fdc0 f   LIBCMTD:dbgrptt.obj
 0001:0001edd0       __CrtSetReportMode         1001fdd0 f   LIBCMTD:dbgrptt.obj
 0001:0001ef10       __CrtSetReportFile         1001ff10 f   LIBCMTD:dbgrptt.obj
 0001:0001f000       __CrtSetReportHook         10020000 f   LIBCMTD:dbgrptt.obj
 0001:0001f020       __CrtGetReportHook         10020020 f   LIBCMTD:dbgrptt.obj
 0001:0001f030       __VCrtDbgReportA           10020030 f   LIBCMTD:dbgrptt.obj
 0001:0001f840       __VCrtDbgReportW           10020840 f   LIBCMTD:dbgrptt.obj
 0001:00020150       __initp_misc_invarg        10021150 f   LIBCMTD:invarg.obj
 0001:00020160       __invalid_parameter        10021160 f   LIBCMTD:invarg.obj
 0001:000201d0       __invoke_watson            100211d0 f   LIBCMTD:invarg.obj
 0001:00020310       __set_invalid_parameter_handler 10021310 f   LIBCMTD:invarg.obj
 0001:00020350       __get_invalid_parameter_handler 10021350 f   LIBCMTD:invarg.obj
 0001:00020380       ?_invalid_parameter@@YAXPBG00II@Z 10021380 f   LIBCMTD:invarg.obj
 0001:000203b0       ?_invoke_watson@@YAXPBG00II@Z 100213b0 f   LIBCMTD:invarg.obj
 0001:000203e0       __dosmaperr                100213e0 f   LIBCMTD:dosmap.obj
 0001:00020410       __get_errno_from_oserr     10021410 f   LIBCMTD:dosmap.obj
 0001:00020490       __set_errno                10021490 f   LIBCMTD:dosmap.obj
 0001:000204c0       __get_errno                100214c0 f   LIBCMTD:dosmap.obj
 0001:00020540       __set_doserrno             10021540 f   LIBCMTD:dosmap.obj
 0001:00020570       __get_doserrno             10021570 f   LIBCMTD:dosmap.obj
 0001:000205f0       __errno                    100215f0 f   LIBCMTD:dosmap.obj
 0001:00020620       ___doserrno                10021620 f   LIBCMTD:dosmap.obj
 0001:00020650       __except_handler4          10021650 f   LIBCMTD:chandler4.obj
 0001:00020870       _strcpy_s                  10021870 f   LIBCMTD:strcpy_s.obj
 0001:00020b50       _strcat_s                  10021b50 f   LIBCMTD:strcat_s.obj
 0001:00020f30       __wcstombs_l_helper        10021f30 f   LIBCMTD:wcstombs.obj
 0001:00021480       __wcstombs_l               10022480 f   LIBCMTD:wcstombs.obj
 0001:000214a0       _wcstombs                  100224a0 f   LIBCMTD:wcstombs.obj
 0001:000214c0       __wcstombs_s_l             100224c0 f   LIBCMTD:wcstombs.obj
 0001:00021780       _wcstombs_s                10022780 f   LIBCMTD:wcstombs.obj
 0001:000217b0       __cinit                    100227b0 f   LIBCMTD:crt0dat.obj
 0001:00021850       _exit                      10022850 f   LIBCMTD:crt0dat.obj
 0001:00021870       __exit                     10022870 f   LIBCMTD:crt0dat.obj
 0001:00021890       __cexit                    10022890 f   LIBCMTD:crt0dat.obj
 0001:000218b0       __c_exit                   100228b0 f   LIBCMTD:crt0dat.obj
 0001:000218d0       __amsg_exit                100228d0 f   LIBCMTD:crt0dat.obj
 0001:00021910       ___freeCrtMemory           10022910 f   LIBCMTD:crt0dat.obj
 0001:00021bb0       ___crtCorExitProcess       10022bb0 f   LIBCMTD:crt0dat.obj
 0001:00021bf0       ___crtExitProcess          10022bf0 f   LIBCMTD:crt0dat.obj
 0001:00021c10       __lockexit                 10022c10 f   LIBCMTD:crt0dat.obj
 0001:00021c20       __unlockexit               10022c20 f   LIBCMTD:crt0dat.obj
 0001:00021c30       __init_pointers            10022c30 f   LIBCMTD:crt0dat.obj
 0001:00021cf0       __initterm_e               10022cf0 f   LIBCMTD:crt0dat.obj
 0001:00021d30       __get_osplatform           10022d30 f   LIBCMTD:crt0dat.obj
 0001:00021e20       __get_osver                10022e20 f   LIBCMTD:crt0dat.obj
 0001:00021f10       __get_winver               10022f10 f   LIBCMTD:crt0dat.obj
 0001:00022000       __get_winmajor             10023000 f   LIBCMTD:crt0dat.obj
 0001:000220f0       __get_winminor             100230f0 f   LIBCMTD:crt0dat.obj
 0001:000221e0       __get_wpgmptr              100231e0 f   LIBCMTD:crt0dat.obj
 0001:000222d0       __get_pgmptr               100232d0 f   LIBCMTD:crt0dat.obj
 0001:000223c0       __initp_misc_winsig        100233c0 f   LIBCMTD:winsig.obj
 0001:000223f0       _signal                    100233f0 f   LIBCMTD:winsig.obj
 0001:00022890       _raise                     10023890 f   LIBCMTD:winsig.obj
 0001:00022c00       ___get_sigabrt             10023c00 f   LIBCMTD:winsig.obj
 0001:00022c20       ___fpecode                 10023c20 f   LIBCMTD:winsig.obj
 0001:00022c30       ___pxcptinfoptrs           10023c30 f   LIBCMTD:winsig.obj
 0001:00022c40       ___crtMessageBoxW          10023c40 f   LIBCMTD:crtmboxw.obj
 0001:00022ea0       __swprintf                 10023ea0 f   LIBCMTD:swprintf.obj
 0001:00023060       ___swprintf_l              10024060 f   LIBCMTD:swprintf.obj
 0001:00023090       _swprintf_s                10024090 f   LIBCMTD:swprintf.obj
 0001:000230c0       __snwprintf_s              100240c0 f   LIBCMTD:swprintf.obj
 0001:000230f0       __swprintf_p               100240f0 f   LIBCMTD:swprintf.obj
 0001:00023120       __swprintf_s_l             10024120 f   LIBCMTD:swprintf.obj
 0001:00023150       __snwprintf_s_l            10024150 f   LIBCMTD:swprintf.obj
 0001:00023180       __swprintf_p_l             10024180 f   LIBCMTD:swprintf.obj
 0001:000231b0       __scwprintf                100241b0 f   LIBCMTD:swprintf.obj
 0001:000231d0       __scwprintf_p              100241d0 f   LIBCMTD:swprintf.obj
 0001:000231f0       __scwprintf_l              100241f0 f   LIBCMTD:swprintf.obj
 0001:00023220       __scwprintf_p_l            10024220 f   LIBCMTD:swprintf.obj
 0001:00023250       _wcsncpy_s                 10024250 f   LIBCMTD:wcsncpy_s.obj
 0001:00023650       _wcslen                    10024650 f   LIBCMTD:wcslen.obj
 0001:00023680       _wcscpy_s                  10024680 f   LIBCMTD:wcscpy_s.obj
 0001:00023960       __VEC_memzero              10024960 f   LIBCMTD:p4_memset.obj
 0001:00023a50       __sse2_mathfcns_init       10024a50 f   LIBCMTD:mathfcns.obj
 0001:00023a70       __set_SSE2_enable          10024a70 f   LIBCMTD:mathfcns.obj
 0001:00023a90       __VEC_memcpy               10024a90 f   LIBCMTD:p4_memcpy.obj
 0001:00023c10       ___report_gsfailure        10024c10 f   LIBCMTD:gs_report.obj
 0001:00023d20       __tolower                  10024d20 f   LIBCMTD:tolower.obj
 0001:00023d30       __tolower_l                10024d30 f   LIBCMTD:tolower.obj
 0001:00023f10       _tolower                   10024f10 f   LIBCMTD:tolower.obj
 0001:00023f60       ___updatetmbcinfo          10024f60 f   LIBCMTD:mbctype.obj
 0001:00024070       __setmbcp                  10025070 f   LIBCMTD:mbctype.obj
 0001:00024410       __setmbcp_nolock           10025410 f   LIBCMTD:mbctype.obj
 0001:00024bd0       __getmbcp                  10025bd0 f   LIBCMTD:mbctype.obj
 0001:00024c40       ___initmbctable            10025c40 f   LIBCMTD:mbctype.obj
 0001:00024c70       ____setlc_active_func      10025c70 f   LIBCMTD:setlocal.obj
 0001:00024c80       ____unguarded_readlc_active_add_func 10025c80 f   LIBCMTD:setlocal.obj
 0001:00024c90       ___freetlocinfo            10025c90 f   LIBCMTD:setlocal.obj
 0001:00024f70       ___addlocaleref            10025f70 f   LIBCMTD:setlocal.obj
 0001:00025090       ___removelocaleref         10026090 f   LIBCMTD:setlocal.obj
 0001:000251c0       ___updatetlocinfo          100261c0 f   LIBCMTD:setlocal.obj
 0001:00025310       __configthreadlocale       10026310 f   LIBCMTD:setlocal.obj
 0001:00025420       __locterm                  10026420 f   LIBCMTD:setlocal.obj
 0001:000254b0       __free_locale              100264b0 f   LIBCMTD:setlocal.obj
 0001:000255c0       ___free_locale             100265c0 f   LIBCMTD:setlocal.obj
 0001:000255e0       __create_locale            100265e0 f   LIBCMTD:setlocal.obj
 0001:00025800       ___create_locale           10026800 f   LIBCMTD:setlocal.obj
 0001:00025820       __get_current_locale       10026820 f   LIBCMTD:setlocal.obj
 0001:00025910       ___get_current_locale      10026910 f   LIBCMTD:setlocal.obj
 0001:00025920       _setlocale                 10026920 f   LIBCMTD:setlocal.obj
 0001:00026830       __expandlocale             10027830 f   LIBCMTD:setlocal.obj
 0001:00026ae0       ___init_dummy              10027ae0 f   LIBCMTD:setlocal.obj
 0001:00026af0       __strcats                  10027af0 f   LIBCMTD:setlocal.obj
 0001:00026b70       ___lc_strtolc              10027b70 f   LIBCMTD:setlocal.obj
 0001:00026d70       ___lc_lctostr              10027d70 f   LIBCMTD:setlocal.obj
 0001:00026e00       __encode_pointer           10027e00 f   LIBCMTD:tidtable.obj
 0001:00026e90       __encoded_null             10027e90 f   LIBCMTD:tidtable.obj
 0001:00026ea0       __decode_pointer           10027ea0 f   LIBCMTD:tidtable.obj
 0001:00026f30       ___crtTlsAlloc@4           10027f30 f   LIBCMTD:tidtable.obj
 0001:00026f40       ___fls_getvalue@4          10027f40 f   LIBCMTD:tidtable.obj
 0001:00026f60       ___get_flsindex            10027f60 f   LIBCMTD:tidtable.obj
 0001:00026f70       ___set_flsgetvalue         10027f70 f   LIBCMTD:tidtable.obj
 0001:00026fb0       ___fls_setvalue@8          10027fb0 f   LIBCMTD:tidtable.obj
 0001:00026fd0       __mtinit                   10027fd0 f   LIBCMTD:tidtable.obj
 0001:000271e0       __mtterm                   100281e0 f   LIBCMTD:tidtable.obj
 0001:00027240       __initptd                  10028240 f   LIBCMTD:tidtable.obj
 0001:00027370       __getptd_noexit            10028370 f   LIBCMTD:tidtable.obj
 0001:00027430       __getptd                   10028430 f   LIBCMTD:tidtable.obj
 0001:00027460       __freefls@4                10028460 f   LIBCMTD:tidtable.obj
 0001:00027650       __freeptd                  10028650 f   LIBCMTD:tidtable.obj
 0001:000276d0       ___threadid                100286d0 f   LIBCMTD:tidtable.obj
 0001:000276e0       ___threadhandle            100286e0 f   LIBCMTD:tidtable.obj
 0001:000276f0       __chvalidator              100286f0 f   LIBCMTD:isctype.obj
 0001:00027740       __chvalidator_l            10028740 f   LIBCMTD:isctype.obj
 0001:000277f0       __isctype_l                100287f0 f   LIBCMTD:isctype.obj
 0001:00027900       __isctype                  10028900 f   LIBCMTD:isctype.obj
 0001:00027940       ?_JumpToContinuation@@YGXPAXPAUEHRegistrationNode@@@Z 10028940 f   LIBCMTD:trnsctrl.obj
 0001:00027980       ?_CallMemberFunction0@@YGXPAX0@Z 10028980 f   LIBCMTD:trnsctrl.obj
 0001:00027990       ?_CallMemberFunction1@@YGXPAX00@Z 10028990 f   LIBCMTD:trnsctrl.obj
 0001:000279a0       ?_CallMemberFunction2@@YGXPAX00H@Z 100289a0 f   LIBCMTD:trnsctrl.obj
 0001:000279b0       ?_UnwindNestedFrames@@YGXPAUEHRegistrationNode@@PAUEHExceptionRecord@@@Z 100289b0 f   LIBCMTD:trnsctrl.obj
 0001:00027a10       ___CxxFrameHandler         10028a10 f   LIBCMTD:trnsctrl.obj
 0001:00027a50       ___CxxFrameHandler3        10028a50 f   LIBCMTD:trnsctrl.obj
 0001:00027a90       ___CxxFrameHandler2        10028a90 f   LIBCMTD:trnsctrl.obj
 0001:00027ad0       ___CxxLongjmpUnwind@4      10028ad0 f   LIBCMTD:trnsctrl.obj
 0001:00027b00       ?_CallCatchBlock2@@YAPAXPAUEHRegistrationNode@@PBU_s_FuncInfo@@PAXHK@Z 10028b00 f   LIBCMTD:trnsctrl.obj
 0001:00027bc0       ?_CallSETranslator@@YAHPAUEHExceptionRecord@@PAUEHRegistrationNode@@PAX2PBU_s_FuncInfo@@H1@Z 10028bc0 f   LIBCMTD:trnsctrl.obj
 0001:00027d60       ?_GetRangeOfTrysToCheck@@YAPBU_s_TryBlockMapEntry@@PBU_s_FuncInfo@@HHPAI1@Z 10028d60 f   LIBCMTD:trnsctrl.obj
 0001:00027df0       __CreateFrameInfo          10028df0 f   LIBCMTD:trnsctrl.obj
 0001:00027e20       __IsExceptionObjectToBeDestroyed 10028e20 f   LIBCMTD:trnsctrl.obj
 0001:00027e50       __FindAndUnlinkFrame       10028e50 f   LIBCMTD:trnsctrl.obj
 0001:00027eb0       __ioinit                   10028eb0 f   LIBCMTD:ioinit.obj
 0001:00028330       __ioterm                   10029330 f   LIBCMTD:ioinit.obj
 0001:000283d0       __setenvp                  100293d0 f   LIBCMTD:stdenvp.obj
 0001:00028570       __setargv                  10029570 f   LIBCMTD:stdargv.obj
 0001:00028690       __set_pgmptr               10029690 f i LIBCMTD:stdargv.obj
 0001:00028a00       ___crtGetEnvironmentStringsA 10029a00 f   LIBCMTD:a_env.obj
 0001:00028c20       __RTC_Initialize           10029c20 f   LIBCMTD:initsect.obj
 0001:00028c50       __RTC_Terminate            10029c50 f   LIBCMTD:initsect.obj
 0001:00028c80       ___heap_select             10029c80 f   LIBCMTD:heapinit.obj
 0001:00028d10       __heap_init                10029d10 f   LIBCMTD:heapinit.obj
 0001:00028d90       __heap_term                10029d90 f   LIBCMTD:heapinit.obj
 0001:00028e30       __get_heap_handle          10029e30 f   LIBCMTD:heapinit.obj
 0001:00028e70       ___security_init_cookie    10029e70 f   LIBCMTD:gs_support.obj
 0001:00028f90       __initp_misc_winxfltr      10029f90 f   LIBCMTD:winxfltr.obj
 0001:00028fa0       ___CppXcptFilter           10029fa0 f   LIBCMTD:winxfltr.obj
 0001:00028fd0       __XcptFilter               10029fd0 f   LIBCMTD:winxfltr.obj
 0001:00029210       __flsbuf                   1002a210 f   LIBCMTD:_flsbuf.obj
 0001:000294d0       __output_l                 1002a4d0 f   LIBCMTD:output.obj
 0001:0002a940       _get_int_arg               1002b940 f i LIBCMTD:output.obj
 0001:0002a960       _get_int64_arg             1002b960 f i LIBCMTD:output.obj
 0001:0002a980       _get_short_arg             1002b980 f i LIBCMTD:output.obj
 0001:0002a9a0       __woutput_l                1002b9a0 f   LIBCMTD:woutput.obj
 0001:0002bb70       __initp_misc_initcrit      1002cb70 f   LIBCMTD:initcrit.obj
 0001:0002bb80       ___crtInitCritSecAndSpinCount 1002cb80 f   LIBCMTD:initcrit.obj
 0001:0002bcf0       __FF_MSGBANNER             1002ccf0 f   LIBCMTD:crt0msg.obj
 0001:0002bd40       __NMSG_WRITE               1002cd40 f   LIBCMTD:crt0msg.obj
 0001:0002bfd0       __GET_RTERRMSG             1002cfd0 f   LIBCMTD:crt0msg.obj
 0001:0002c010       __initp_heap_handler       1002d010 f   LIBCMTD:handler.obj
 0001:0002c020       ?_set_new_handler@@YAP6AHI@ZP6AHI@Z@Z 1002d020 f   LIBCMTD:handler.obj
 0001:0002c070       ?_set_new_handler@@YAP6AHI@ZH@Z 1002d070 f   LIBCMTD:handler.obj
 0001:0002c0b0       ?_query_new_handler@@YAP6AHI@ZXZ 1002d0b0 f   LIBCMTD:handler.obj
 0001:0002c0d0       __callnewh                 1002d0d0 f   LIBCMTD:handler.obj
 0001:0002c110       _V6_HeapAlloc              1002d110 f   LIBCMTD:malloc.obj
 0001:0002c1a0       __malloc_base              1002d1a0 f   LIBCMTD:malloc.obj
 0001:0002c230       __heap_alloc_base          1002d230 f i LIBCMTD:malloc.obj
 0001:0002c2f0       __CrtSetReportHook2        1002d2f0 f   LIBCMTD:dbgrpt.obj
 0001:0002c610       __CrtDbgReport             1002d610 f   LIBCMTD:dbgrpt.obj
 0001:0002c650       __CrtDbgReportV            1002d650 f i LIBCMTD:dbgrpt.obj
 0001:0002c680       ___crtMessageWindowA       1002d680 f   LIBCMTD:dbgrpt.obj
 0001:0002ca80       __CrtDefaultAllocHook      1002da80 f   LIBCMTD:dbghook.obj
 0001:0002ca90       __crt_debugger_hook        1002da90 f   LIBCMTD:dbghook.obj
 0001:0002caa0       __expand_base              1002daa0 f   LIBCMTD:expand.obj
 0001:0002cc70       __realloc_base             1002dc70 f   LIBCMTD:realloc.obj
 0001:0002d010       __recalloc_base            1002e010 f   LIBCMTD:realloc.obj
 0001:0002d0b0       __free_base                1002e0b0 f   LIBCMTD:free.obj
 0001:0002d1d0       __heapchk                  1002e1d0 f   LIBCMTD:heapchk.obj
 0001:0002d2a0       __heapset                  1002e2a0 f   LIBCMTD:heapchk.obj
 0001:0002d2b0       __get_sbh_threshold        1002e2b0 f   LIBCMTD:sbheap.obj
 0001:0002d300       __set_sbh_threshold        1002e300 f   LIBCMTD:sbheap.obj
 0001:0002d490       __set_amblksiz             1002e490 f   LIBCMTD:sbheap.obj
 0001:0002d590       __get_amblksiz             1002e590 f   LIBCMTD:sbheap.obj
 0001:0002d680       ___sbh_heap_init           1002e680 f   LIBCMTD:sbheap.obj
 0001:0002d6f0       ___sbh_find_block          1002e6f0 f   LIBCMTD:sbheap.obj
 0001:0002d750       ___sbh_verify_block        1002e750 f   LIBCMTD:sbheap.obj
 0001:0002d7b0       ___sbh_free_block          1002e7b0 f   LIBCMTD:sbheap.obj
 0001:0002dd70       ___sbh_alloc_block         1002ed70 f   LIBCMTD:sbheap.obj
 0001:0002e290       ___sbh_alloc_new_region    1002f290 f   LIBCMTD:sbheap.obj
 0001:0002e3a0       ___sbh_alloc_new_group     1002f3a0 f   LIBCMTD:sbheap.obj
 0001:0002e590       ___sbh_resize_block        1002f590 f   LIBCMTD:sbheap.obj
 0001:0002eb60       ___sbh_heapmin             1002fb60 f   LIBCMTD:sbheap.obj
 0001:0002ec90       ___sbh_heap_check          1002fc90 f   LIBCMTD:sbheap.obj
 0001:0002f180       _sprintf                   10030180 f   LIBCMTD:sprintf.obj
 0001:0002f300       __sprintf_l                10030300 f   LIBCMTD:sprintf.obj
 0001:0002f330       _sprintf_s                 10030330 f   LIBCMTD:sprintf.obj
 0001:0002f360       __sprintf_s_l              10030360 f   LIBCMTD:sprintf.obj
 0001:0002f390       __snprintf_s               10030390 f   LIBCMTD:sprintf.obj
 0001:0002f3c0       __snprintf_s_l             100303c0 f   LIBCMTD:sprintf.obj
 0001:0002f3f0       __sprintf_p                100303f0 f   LIBCMTD:sprintf.obj
 0001:0002f420       __sprintf_p_l              10030420 f   LIBCMTD:sprintf.obj
 0001:0002f450       __scprintf                 10030450 f   LIBCMTD:sprintf.obj
 0001:0002f470       __scprintf_p               10030470 f   LIBCMTD:sprintf.obj
 0001:0002f490       __scprintf_l               10030490 f   LIBCMTD:sprintf.obj
 0001:0002f4c0       __scprintf_p_l             100304c0 f   LIBCMTD:sprintf.obj
 0001:0002f4f0       __mbstowcs_l_helper        100304f0 f   LIBCMTD:mbstowcs.obj
 0001:0002f8a0       __mbstowcs_l               100308a0 f   LIBCMTD:mbstowcs.obj
 0001:0002f8c0       _mbstowcs                  100308c0 f   LIBCMTD:mbstowcs.obj
 0001:0002f910       __mbstowcs_s_l             10030910 f   LIBCMTD:mbstowcs.obj
 0001:0002fc10       _mbstowcs_s                10030c10 f   LIBCMTD:mbstowcs.obj
 0001:0002fc40       __vsnprintf_helper         10030c40 f   LIBCMTD:vsnprnc.obj
 0001:0002fe10       __vsnprintf_c              10030e10 f   LIBCMTD:vsnprnc.obj
 0001:0002fe60       __vsnprintf_c_l            10030e60 f   LIBCMTD:vsnprnc.obj
 0001:0002feb0       __vsprintf_s_l             10030eb0 f   LIBCMTD:vsnprnc.obj
 0001:00030110       _vsprintf_s                10031110 f   LIBCMTD:vsnprnc.obj
 0001:00030130       __vsnprintf_s_l            10031130 f   LIBCMTD:vsnprnc.obj
 0001:000304d0       __vsnprintf_s              100314d0 f   LIBCMTD:vsnprnc.obj
 0001:00030500       __vsprintf_p               10031500 f   LIBCMTD:vsnprnc.obj
 0001:00030550       __vsprintf_p_l             10031550 f   LIBCMTD:vsnprnc.obj
 0001:000305a0       __itoa_s                   100315a0 f   LIBCMTD:xtoas.obj
 0001:00030960       __ltoa_s                   10031960 f   LIBCMTD:xtoas.obj
 0001:000309a0       __ultoa_s                  100319a0 f   LIBCMTD:xtoas.obj
 0001:000309c0       __i64toa_s                 100319c0 f   LIBCMTD:xtoas.obj
 0001:00030dc0       __ui64toa_s                10031dc0 f   LIBCMTD:xtoas.obj
 0001:00030de0       _wcscat_s                  10031de0 f   LIBCMTD:wcscat_s.obj
 0001:000311d0       __vswprintf_helper         100321d0 f   LIBCMTD:vswprnc.obj
 0001:00031400       __vswprintf_c              10032400 f   LIBCMTD:vswprnc.obj
 0001:00031450       __vswprintf_c_l            10032450 f   LIBCMTD:vswprnc.obj
 0001:000314a0       __vswprintf_s_l            100324a0 f   LIBCMTD:vswprnc.obj
 0001:00031710       _vswprintf_s               10032710 f   LIBCMTD:vswprnc.obj
 0001:00031730       __vsnwprintf_s_l           10032730 f   LIBCMTD:vswprnc.obj
 0001:00031ae0       __vsnwprintf_s             10032ae0 f   LIBCMTD:vswprnc.obj
 0001:00031b10       __vswprintf_p              10032b10 f   LIBCMTD:vswprnc.obj
 0001:00031b60       __vswprintf_p_l            10032b60 f   LIBCMTD:vswprnc.obj
 0001:00031bb0       __itow_s                   10032bb0 f   LIBCMTD:xtows.obj
 0001:00031f90       __ltow_s                   10032f90 f   LIBCMTD:xtows.obj
 0001:00031fd0       __ultow_s                  10032fd0 f   LIBCMTD:xtows.obj
 0001:00031ff0       __i64tow_s                 10032ff0 f   LIBCMTD:xtows.obj
 0001:00032400       __ui64tow_s                10033400 f   LIBCMTD:xtows.obj
 0001:00032420       __local_unwind4            10033420 f   LIBCMTD:exsup4.obj
 0001:000324f6       __seh_longjmp_unwind4@4    100334f6 f   LIBCMTD:exsup4.obj
 0001:00032512       @_EH4_CallFilterFunc@8     10033512 f   LIBCMTD:exsup4.obj
 0001:00032529       @_EH4_TransferToHandler@8  10033529 f   LIBCMTD:exsup4.obj
 0001:00032542       @_EH4_GlobalUnwind@4       10033542 f   LIBCMTD:exsup4.obj
 0001:0003255c       @_EH4_LocalUnwind@16       1003355c f   LIBCMTD:exsup4.obj
 0001:00032580       __ValidateImageBase        10033580 f   LIBCMTD:pesect.obj
 0001:000325e0       __FindPESection            100335e0 f   LIBCMTD:pesect.obj
 0001:00032660       __IsNonwritableInCurrentImage 10033660 f   LIBCMTD:pesect.obj
 0001:00032770       __onexit                   10033770 f   LIBCMTD:onexit.obj
 0001:00032940       _atexit                    10033940 f   LIBCMTD:onexit.obj
 0001:00032960       ___onexitinit              10033960 f   LIBCMTD:onexit.obj
 0001:000329c0       __initp_misc_cfltcvt_tab   100339c0 f   LIBCMTD:cmiscdat.obj
 0001:00032a00       __initp_eh_hooks           10033a00 f   LIBCMTD:hooks.obj
 0001:00032a20       ?terminate@@YAXXZ          10033a20 f   LIBCMTD:hooks.obj
 0001:00032aa0       ?unexpected@@YAXXZ         10033aa0 f   LIBCMTD:hooks.obj
 0001:00032ad0       ?_inconsistency@@YAXXZ     10033ad0 f   LIBCMTD:hooks.obj
 0001:00032b60       __initp_misc_rand_s        10033b60 f   LIBCMTD:rand_s.obj
 0001:00032b70       _rand_s                    10033b70 f   LIBCMTD:rand_s.obj
 0001:00032d90       ___getlocaleinfo           10033d90 f   LIBCMTD:inithelp.obj
 0001:00033030       __initp_misc_purevirt      10034030 f   LIBCMTD:inithelp.obj
 0001:00033040       __vswprintf_l              10034040 f   LIBCMTD:vswprint.obj
 0001:00033210       __vswprintf                10034210 f   LIBCMTD:vswprint.obj
 0001:00033230       ___vswprintf_l             10034230 f   LIBCMTD:vswprint.obj
 0001:00033250       __vscwprintf_helper        10034250 f   LIBCMTD:vswprint.obj
 0001:00033310       __vscwprintf               10034310 f   LIBCMTD:vswprint.obj
 0001:00033330       __vscwprintf_l             10034330 f   LIBCMTD:vswprint.obj
 0001:00033350       __vscwprintf_p             10034350 f   LIBCMTD:vswprint.obj
 0001:00033370       __vscwprintf_p_l           10034370 f   LIBCMTD:vswprint.obj
 0001:00033390       __get_sse2_info            10034390 f   LIBCMTD:cpu_disp.obj
 0001:000334b0       ___sse2_available_init     100344b0 f   LIBCMTD:cpu_disp.obj
 0001:000334d0       ___crtLCMapStringA         100344d0 f   LIBCMTD:a_map.obj
 0001:00033a30       __MarkAllocaS              10034a30 f i LIBCMTD:a_map.obj
 0001:00033a50       __freea                    10034a50 f i LIBCMTD:a_map.obj
 0001:00033b10       __isleadbyte_l             10034b10 f i LIBCMTD:_wctype.obj
 0001:00033b60       _isleadbyte                10034b60 f i LIBCMTD:_wctype.obj
 0001:00033b80       __iswalpha_l               10034b80 f i LIBCMTD:_wctype.obj
 0001:00033ba0       _iswalpha                  10034ba0 f i LIBCMTD:_wctype.obj
 0001:00033bc0       __iswupper_l               10034bc0 f i LIBCMTD:_wctype.obj
 0001:00033be0       _iswupper                  10034be0 f i LIBCMTD:_wctype.obj
 0001:00033c00       __iswlower_l               10034c00 f i LIBCMTD:_wctype.obj
 0001:00033c20       _iswlower                  10034c20 f i LIBCMTD:_wctype.obj
 0001:00033c40       __iswdigit_l               10034c40 f i LIBCMTD:_wctype.obj
 0001:00033c60       _iswdigit                  10034c60 f i LIBCMTD:_wctype.obj
 0001:00033c80       __iswxdigit_l              10034c80 f i LIBCMTD:_wctype.obj
 0001:00033ca0       _iswxdigit                 10034ca0 f i LIBCMTD:_wctype.obj
 0001:00033cc0       __iswspace_l               10034cc0 f i LIBCMTD:_wctype.obj
 0001:00033ce0       _iswspace                  10034ce0 f i LIBCMTD:_wctype.obj
 0001:00033d00       __iswpunct_l               10034d00 f i LIBCMTD:_wctype.obj
 0001:00033d20       _iswpunct                  10034d20 f i LIBCMTD:_wctype.obj
 0001:00033d40       __iswalnum_l               10034d40 f i LIBCMTD:_wctype.obj
 0001:00033d60       _iswalnum                  10034d60 f i LIBCMTD:_wctype.obj
 0001:00033d80       __iswprint_l               10034d80 f i LIBCMTD:_wctype.obj
 0001:00033da0       _iswprint                  10034da0 f i LIBCMTD:_wctype.obj
 0001:00033dc0       __iswgraph_l               10034dc0 f i LIBCMTD:_wctype.obj
 0001:00033de0       _iswgraph                  10034de0 f i LIBCMTD:_wctype.obj
 0001:00033e00       __iswcntrl_l               10034e00 f i LIBCMTD:_wctype.obj
 0001:00033e20       _iswcntrl                  10034e20 f i LIBCMTD:_wctype.obj
 0001:00033e40       _iswascii                  10034e40 f i LIBCMTD:_wctype.obj
 0001:00033e60       __iswcsym_l                10034e60 f i LIBCMTD:_wctype.obj
 0001:00033ea0       ___iswcsym                 10034ea0 f i LIBCMTD:_wctype.obj
 0001:00033ee0       __iswcsymf_l               10034ee0 f i LIBCMTD:_wctype.obj
 0001:00033f20       ___iswcsymf                10034f20 f i LIBCMTD:_wctype.obj
 0001:00033f60       ___crtGetStringTypeA       10034f60 f   LIBCMTD:a_str.obj
 0001:000341f0       ___pwctype_func            100351f0 f   LIBCMTD:ctype.obj
 0001:00034200       ___pctype_func             10035200 f   LIBCMTD:ctype.obj
 0001:00034250       ___init_time               10035250 f   LIBCMTD:inittime.obj
 0001:00034970       ___free_lc_time            10035970 f   LIBCMTD:inittime.obj
 0001:00034c80       ___init_numeric            10035c80 f   LIBCMTD:initnum.obj
 0001:00034fd0       ___free_lconv_num          10035fd0 f   LIBCMTD:initnum.obj
 0001:00035040       ___init_monetary           10036040 f   LIBCMTD:initmon.obj
 0001:00035540       ___free_lconv_mon          10036540 f   LIBCMTD:initmon.obj
 0001:00035630       ___init_ctype              10036630 f   LIBCMTD:initctyp.obj
 0001:00035be0       ____mb_cur_max_func        10036be0 f   LIBCMTD:initctyp.obj
 0001:00035c30       ____mb_cur_max_l_func      10036c30 f   LIBCMTD:initctyp.obj
 0001:00035c60       ____lc_codepage_func       10036c60 f   LIBCMTD:initctyp.obj
 0001:00035cb0       ____lc_collate_cp_func     10036cb0 f   LIBCMTD:initctyp.obj
 0001:00035d00       ____lc_handle_func         10036d00 f   LIBCMTD:initctyp.obj
 0001:00035d50       ___init_collate            10036d50 f   LIBCMTD:initcoll.obj
 0001:00035d60       __Getdays_l                10036d60 f   LIBCMTD:strftime.obj
 0001:00035f20       __Getdays                  10036f20 f   LIBCMTD:strftime.obj
 0001:00035f30       __Getmonths_l              10036f30 f   LIBCMTD:strftime.obj
 0001:000360f0       __Getmonths                100370f0 f   LIBCMTD:strftime.obj
 0001:00036100       __Gettnames_l              10037100 f   LIBCMTD:strftime.obj
 0001:00036670       __Gettnames                10037670 f   LIBCMTD:strftime.obj
 0001:00036680       __strftime_l               10037680 f   LIBCMTD:strftime.obj
 0001:000366b0       _strftime                  100376b0 f   LIBCMTD:strftime.obj
 0001:000366e0       __Strftime                 100376e0 f   LIBCMTD:strftime.obj
 0001:00036710       __Strftime_l               10037710 f   LIBCMTD:strftime.obj
 0001:00038830       _localeconv                10039830 f   LIBCMTD:lconv.obj
 0001:00038880       _strncpy_s                 10039880 f   LIBCMTD:strncpy_s.obj
 0001:00038c70       _strcspn                   10039c70 f   LIBCMTD:strcspn.obj
 0001:00038cc0       _strncmp                   10039cc0 f   LIBCMTD:strncmp.obj
 0001:00038e30       _strpbrk                   10039e30 f   LIBCMTD:strpbrk.obj
 0001:00038e70       ___get_qualified_locale    10039e70 f   LIBCMTD:getqloc.obj
 0001:00039ce0       ___InternalCxxFrameHandler 1003ace0 f   LIBCMTD:frame.obj
 0001:0003a2d0       ??0bad_exception@std@@QAE@PBD@Z 1003b2d0 f i LIBCMTD:frame.obj
 0001:0003a300       ??1bad_exception@std@@UAE@XZ 1003b300 f i LIBCMTD:frame.obj
 0001:0003a320       ??_Gbad_exception@std@@UAEPAXI@Z 1003b320 f i LIBCMTD:frame.obj
 0001:0003a320       ??_Ebad_exception@std@@UAEPAXI@Z 1003b320 f i LIBCMTD:frame.obj
 0001:0003a350       ??0bad_exception@std@@QAE@ABV01@@Z 1003b350 f i LIBCMTD:frame.obj
 0001:0003a500       ___TypeMatch               1003b500 f   LIBCMTD:frame.obj
 0001:0003a5b0       ___FrameUnwindFilter       1003b5b0 f   LIBCMTD:frame.obj
 0001:0003a620       ___FrameUnwindToState      1003b620 f   LIBCMTD:frame.obj
 0001:0003ab60       ___BuildCatchObjectHelper  1003bb60 f   LIBCMTD:frame.obj
 0001:0003add0       ___BuildCatchObject        1003bdd0 f   LIBCMTD:frame.obj
 0001:0003aee0       ___DestructExceptionObject 1003bee0 f   LIBCMTD:frame.obj
 0001:0003af90       ___AdjustPointer           1003bf90 f   LIBCMTD:frame.obj
 0001:0003afe0       ?__uncaught_exception@@YA_NXZ 1003bfe0 f   LIBCMTD:frame.obj
 0001:0003b000       ___CxxExceptionFilter      1003c000 f   LIBCMTD:frame.obj
 0001:0003b1f0       ___CxxRegisterExceptionObject 1003c1f0 f   LIBCMTD:frame.obj
 0001:0003b320       ___CxxDetectRethrow        1003c320 f   LIBCMTD:frame.obj
 0001:0003b3a0       ___CxxUnregisterExceptionObject 1003c3a0 f   LIBCMTD:frame.obj
 0001:0003b520       ___CxxQueryExceptionSize   1003c520 f   LIBCMTD:frame.obj
 0001:0003b530       ___CxxCallUnwindDtor       1003c530 f   LIBCMTD:frame.obj
 0001:0003b5b0       ___CxxCallUnwindDelDtor    1003c5b0 f   LIBCMTD:frame.obj
 0001:0003b630       ___CxxCallUnwindStdDelDtor 1003c630 f   LIBCMTD:frame.obj
 0001:0003b6b0       ___CxxCallUnwindVecDtor    1003c6b0 f   LIBCMTD:frame.obj
 0001:0003b8d0       ?_is_exception_typeof@@YAHABVtype_info@@PAU_EXCEPTION_POINTERS@@@Z 1003c8d0 f   LIBCMTD:frame.obj
 0001:0003b9b0       __CallSettingFrame@12      1003c9b0 f   LIBCMTD:lowhelpr.obj
 0001:0003b9d7       __NLG_Return               1003c9d7     LIBCMTD:lowhelpr.obj
 0001:0003ba00       __ismbbkalnum_l            1003ca00 f   LIBCMTD:ismbbyte.obj
 0001:0003ba20       __ismbbkalnum              1003ca20 f   LIBCMTD:ismbbyte.obj
 0001:0003ba40       __ismbbkprint_l            1003ca40 f   LIBCMTD:ismbbyte.obj
 0001:0003ba60       __ismbbkprint              1003ca60 f   LIBCMTD:ismbbyte.obj
 0001:0003ba80       __ismbbkpunct_l            1003ca80 f   LIBCMTD:ismbbyte.obj
 0001:0003baa0       __ismbbkpunct              1003caa0 f   LIBCMTD:ismbbyte.obj
 0001:0003bac0       __ismbbalnum_l             1003cac0 f   LIBCMTD:ismbbyte.obj
 0001:0003bae0       __ismbbalnum               1003cae0 f   LIBCMTD:ismbbyte.obj
 0001:0003bb00       __ismbbalpha_l             1003cb00 f   LIBCMTD:ismbbyte.obj
 0001:0003bb20       __ismbbalpha               1003cb20 f   LIBCMTD:ismbbyte.obj
 0001:0003bb40       __ismbbgraph_l             1003cb40 f   LIBCMTD:ismbbyte.obj
 0001:0003bb60       __ismbbgraph               1003cb60 f   LIBCMTD:ismbbyte.obj
 0001:0003bb80       __ismbbprint_l             1003cb80 f   LIBCMTD:ismbbyte.obj
 0001:0003bba0       __ismbbprint               1003cba0 f   LIBCMTD:ismbbyte.obj
 0001:0003bbc0       __ismbbpunct_l             1003cbc0 f   LIBCMTD:ismbbyte.obj
 0001:0003bbe0       __ismbbpunct               1003cbe0 f   LIBCMTD:ismbbyte.obj
 0001:0003bc00       __ismbblead_l              1003cc00 f   LIBCMTD:ismbbyte.obj
 0001:0003bc20       __ismbblead                1003cc20 f   LIBCMTD:ismbbyte.obj
 0001:0003bc40       __ismbbtrail_l             1003cc40 f   LIBCMTD:ismbbyte.obj
 0001:0003bc60       __ismbbtrail               1003cc60 f   LIBCMTD:ismbbyte.obj
 0001:0003bc80       __ismbbkana_l              1003cc80 f   LIBCMTD:ismbbyte.obj
 0001:0003bcf0       __ismbbkana                1003ccf0 f   LIBCMTD:ismbbyte.obj
 0001:0003bdd0       __lseeki64                 1003cdd0 f   LIBCMTD:lseeki64.obj
 0001:0003c020       __lseeki64_nolock          1003d020 f   LIBCMTD:lseeki64.obj
 0001:0003c110       __write                    1003d110 f   LIBCMTD:write.obj
 0001:0003c330       __write_nolock             1003d330 f   LIBCMTD:write.obj
 0001:0003cd50       __getbuf                   1003dd50 f   LIBCMTD:_getbuf.obj
 0001:0003ce10       __isatty                   1003de10 f   LIBCMTD:isatty.obj
 0001:0003cef0       ___iob_func                1003def0 f   LIBCMTD:_file.obj
 0001:0003cf00       ___initstdio               1003df00 f   LIBCMTD:_file.obj
 0001:0003d050       ___endstdio                1003e050 f   LIBCMTD:_file.obj
 0001:0003d080       __lock_file                1003e080 f   LIBCMTD:_file.obj
 0001:0003d0c0       __lock_file2               1003e0c0 f   LIBCMTD:_file.obj
 0001:0003d0f0       __unlock_file              1003e0f0 f   LIBCMTD:_file.obj
 0001:0003d130       __unlock_file2             1003e130 f   LIBCMTD:_file.obj
 0001:0003d160       __fileno                   1003e160 f   LIBCMTD:fileno.obj
 0001:0003d1d0       _printf                    1003e1d0 f   LIBCMTD:printf.obj
 0001:0003d310       __printf_l                 1003e310 f   LIBCMTD:printf.obj
 0001:0003d340       __printf_s_l               1003e340 f   LIBCMTD:printf.obj
 0001:0003d370       _printf_s                  1003e370 f   LIBCMTD:printf.obj
 0001:0003d390       __printf_p_l               1003e390 f   LIBCMTD:printf.obj
 0001:0003d3c0       __printf_p                 1003e3c0 f   LIBCMTD:printf.obj
 0001:0003d3e0       __set_printf_count_output  1003e3e0 f   LIBCMTD:printf.obj
 0001:0003d430       __get_printf_count_output  1003e430 f   LIBCMTD:printf.obj
 0001:0003d450       __wctomb_s_l               1003e450 f   LIBCMTD:wctomb.obj
 0001:0003d750       _wctomb_s                  1003e750 f   LIBCMTD:wctomb.obj
 0001:0003d770       __wctomb_l                 1003e770 f   LIBCMTD:wctomb.obj
 0001:0003d7f0       _wctomb                    1003e7f0 f   LIBCMTD:wctomb.obj
 0001:0003d840       __aullrem                  1003e840 f   LIBCMTD:ullrem.obj
 0001:0003d8c0       __mbtowc_l                 1003e8c0 f   LIBCMTD:mbtowc.obj
 0001:0003dae0       _mbtowc                    1003eae0 f   LIBCMTD:mbtowc.obj
 0001:0003db00       _fputwc                    1003eb00 f   LIBCMTD:fputwc.obj
 0001:0003dc00       __fputwc_nolock            1003ec00 f   LIBCMTD:fputwc.obj
 0001:0003dfe0       _putwc                     1003efe0 f   LIBCMTD:fputwc.obj
 0001:0003e000       __set_error_mode           1003f000 f   LIBCMTD:errmode.obj
 0001:0003e0c0       ___set_app_type            1003f0c0 f   LIBCMTD:errmode.obj
 0001:0003e0d0       ___get_app_type            1003f0d0 f   LIBCMTD:errmode.obj
 0001:0003e0e0       ___crtMessageBoxA          1003f0e0 f   LIBCMTD:crtmbox.obj
 0001:0003e340       __mbsnbcpy_s               1003f340 f   LIBCMTD:mbsnbcpy_s.obj
 0001:0003e360       __vsprintf_l               1003f360 f   LIBCMTD:vsprintf.obj
 0001:0003e4d0       _vsprintf                  1003f4d0 f   LIBCMTD:vsprintf.obj
 0001:0003e4f0       __vscprintf_helper         1003f4f0 f   LIBCMTD:vsprintf.obj
 0001:0003e5b0       __vscprintf                1003f5b0 f   LIBCMTD:vsprintf.obj
 0001:0003e5d0       __vscprintf_l              1003f5d0 f   LIBCMTD:vsprintf.obj
 0001:0003e5f0       __vscprintf_p              1003f5f0 f   LIBCMTD:vsprintf.obj
 0001:0003e610       __vscprintf_p_l            1003f610 f   LIBCMTD:vsprintf.obj
 0001:0003e630       __output_s_l               1003f630 f   LIBCMTD:outputs.obj
 0001:0003fbe0       __validate_param_reuseA    10040be0 f   LIBCMTD:outputp.obj
 0001:0003fe50       __output_p_l               10040e50 f   LIBCMTD:outputp.obj
 0001:00043a30       _get_crtdouble_arg         10044a30 f i LIBCMTD:outputp.obj
 0001:00043a50       __woutput_s_l              10044a50 f   LIBCMTD:woutputs.obj
 0001:00044d50       __validate_param_reuseW    10045d50 f   LIBCMTD:woutputp.obj
 0001:00044fc0       __woutput_p_l              10045fc0 f   LIBCMTD:woutputp.obj
 0001:000486f0       __global_unwind2           100496f0 f   LIBCMTD:exsup.obj
 0001:00048755       __local_unwind2            10049755 f   LIBCMTD:exsup.obj
 0001:000487d9       __abnormal_termination     100497d9 f   LIBCMTD:exsup.obj
 0001:000487fc       __NLG_Notify1              100497fc f   LIBCMTD:exsup.obj
 0001:00048805       __NLG_Notify               10049805 f   LIBCMTD:exsup.obj
 0001:0004881c       __NLG_Dispatch             1004981c     LIBCMTD:exsup.obj
 0001:0004881c       __NLG_Dispatch2            1004981c     LIBCMTD:exsup.obj
 0001:00048824       __NLG_Call                 10049824 f   LIBCMTD:exsup.obj
 0001:00048826       __NLG_Return2              10049826     LIBCMTD:exsup.obj
 0001:00048830       __fptrap                   10049830 f   LIBCMTD:crt0fp.obj
 0001:00048840       _abort                     10049840 f   LIBCMTD:abort.obj
 0001:00048980       __set_abort_behavior       10049980 f   LIBCMTD:abort.obj
 0001:000489b0       __isalpha_l                100499b0 f i LIBCMTD:_ctype.obj
 0001:00048a40       _isalpha                   10049a40 f i LIBCMTD:_ctype.obj
 0001:00048a80       __isupper_l                10049a80 f i LIBCMTD:_ctype.obj
 0001:00048b00       _isupper                   10049b00 f i LIBCMTD:_ctype.obj
 0001:00048b30       __islower_l                10049b30 f i LIBCMTD:_ctype.obj
 0001:00048bb0       _islower                   10049bb0 f i LIBCMTD:_ctype.obj
 0001:00048be0       __isdigit_l                10049be0 f i LIBCMTD:_ctype.obj
 0001:00048c60       _isdigit                   10049c60 f i LIBCMTD:_ctype.obj
 0001:00048c90       __isxdigit_l               10049c90 f i LIBCMTD:_ctype.obj
 0001:00048d20       _isxdigit                  10049d20 f i LIBCMTD:_ctype.obj
 0001:00048d60       __isspace_l                10049d60 f i LIBCMTD:_ctype.obj
 0001:00048de0       _isspace                   10049de0 f i LIBCMTD:_ctype.obj
 0001:00048e10       __ispunct_l                10049e10 f i LIBCMTD:_ctype.obj
 0001:00048e90       _ispunct                   10049e90 f i LIBCMTD:_ctype.obj
 0001:00048ec0       __isalnum_l                10049ec0 f i LIBCMTD:_ctype.obj
 0001:00048f50       _isalnum                   10049f50 f i LIBCMTD:_ctype.obj
 0001:00048f90       __isprint_l                10049f90 f i LIBCMTD:_ctype.obj
 0001:00049020       _isprint                   1004a020 f i LIBCMTD:_ctype.obj
 0001:00049060       __isgraph_l                1004a060 f i LIBCMTD:_ctype.obj
 0001:000490f0       _isgraph                   1004a0f0 f i LIBCMTD:_ctype.obj
 0001:00049130       __iscntrl_l                1004a130 f i LIBCMTD:_ctype.obj
 0001:000491b0       _iscntrl                   1004a1b0 f i LIBCMTD:_ctype.obj
 0001:000491e0       ___isascii                 1004a1e0 f i LIBCMTD:_ctype.obj
 0001:000491f0       ___toascii                 1004a1f0 f i LIBCMTD:_ctype.obj
 0001:00049200       __iscsymf_l                1004a200 f i LIBCMTD:_ctype.obj
 0001:00049240       ___iscsymf                 1004a240 f i LIBCMTD:_ctype.obj
 0001:00049280       __iscsym_l                 1004a280 f i LIBCMTD:_ctype.obj
 0001:000492c0       ___iscsym                  1004a2c0 f i LIBCMTD:_ctype.obj
 0001:00049300       ___crtGetLocaleInfoW       1004a300 f   LIBCMTD:w_loc.obj
 0001:000494d0       ___crtGetLocaleInfoA       1004a4d0 f   LIBCMTD:a_loc.obj
 0001:000496b0       ___ansicp                  1004a6b0 f   LIBCMTD:convrtcp.obj
 0001:00049710       ___convertcp               1004a710 f   LIBCMTD:convrtcp.obj
 0001:00049950       __iswctype_l               1004a950 f   LIBCMTD:iswctype.obj
 0001:00049a00       _iswctype                  1004aa00 f   LIBCMTD:iswctype.obj
 0001:00049a90       _is_wctype                 1004aa90 f   LIBCMTD:iswctype.obj
 0001:00049ab0       __get_daylight             1004aab0 f   LIBCMTD:timeset.obj
 0001:00049b30       __get_dstbias              1004ab30 f   LIBCMTD:timeset.obj
 0001:00049bb0       __get_timezone             1004abb0 f   LIBCMTD:timeset.obj
 0001:00049c30       __get_tzname               1004ac30 f   LIBCMTD:timeset.obj
 0001:00049e00       ___daylight                1004ae00 f   LIBCMTD:timeset.obj
 0001:00049e10       ___dstbias                 1004ae10 f   LIBCMTD:timeset.obj
 0001:00049e20       ___timezone                1004ae20 f   LIBCMTD:timeset.obj
 0001:00049e30       ___tzname                  1004ae30 f   LIBCMTD:timeset.obj
 0001:00049e40       ___tzset                   1004ae40 f   LIBCMTD:tzset.obj
 0001:00049ed0       __tzset                    1004aed0 f   LIBCMTD:tzset.obj
 0001:0004a480       __set_daylight             1004b480 f i LIBCMTD:tzset.obj
 0001:0004a490       __set_dstbias              1004b490 f i LIBCMTD:tzset.obj
 0001:0004a4a0       __set_timezone             1004b4a0 f i LIBCMTD:tzset.obj
 0001:0004a4b0       __isindst                  1004b4b0 f   LIBCMTD:tzset.obj
 0001:0004ab10       __strnicmp_l               1004bb10 f   LIBCMTD:strnicmp.obj
 0001:0004ad50       __strnicmp                 1004bd50 f   LIBCMTD:strnicmp.obj
 0001:0004aee0       _atol                      1004bee0 f   LIBCMTD:atox.obj
 0001:0004af00       __atol_l                   1004bf00 f   LIBCMTD:atox.obj
 0001:0004af20       _atoi                      1004bf20 f   LIBCMTD:atox.obj
 0001:0004af40       __atoi_l                   1004bf40 f   LIBCMTD:atox.obj
 0001:0004af60       __atoi64                   1004bf60 f   LIBCMTD:atox.obj
 0001:0004af80       __atoi64_l                 1004bf80 f   LIBCMTD:atox.obj
 0001:0004afa0       ?__CxxUnhandledExceptionFilter@@YGJPAU_EXCEPTION_POINTERS@@@Z 1004bfa0 f   LIBCMTD:unhandld.obj
 0001:0004b050       ?__CxxSetUnhandledExceptionFilter@@YAHXZ 1004c050 f   LIBCMTD:unhandld.obj
 0001:0004b080       ?__CxxRestoreUnhandledExceptionFilter@@YAXXZ 1004c080 f   LIBCMTD:unhandld.obj
 0001:0004b0c0       ?_ValidateRead@@YAHPBXI@Z  1004c0c0 f   LIBCMTD:validate.obj
 0001:0004b0e0       ?_ValidateWrite@@YAHPAXI@Z 1004c0e0 f   LIBCMTD:validate.obj
 0001:0004b100       ?_ValidateExecute@@YAHP6GHXZ@Z 1004c100 f   LIBCMTD:validate.obj
 0001:0004b120       __CxxThrowException@8      1004c120 f   LIBCMTD:throw.obj
 0001:0004b180       ?name@type_info@@QBEPBDPAU__type_info_node@@@Z 1004c180 f   LIBCMTD:typinfo.obj
 0001:0004b1a0       ??1type_info@@UAE@XZ       1004c1a0 f   LIBCMTD:typinfo.obj
 0001:0004b1c0       ??_Gtype_info@@UAEPAXI@Z   1004c1c0 f i LIBCMTD:typinfo.obj
 0001:0004b1c0       ??_Etype_info@@UAEPAXI@Z   1004c1c0 f i LIBCMTD:typinfo.obj
 0001:0004b1f0       ?_name_internal_method@type_info@@QBEPBDPAU__type_info_node@@@Z 1004c1f0 f   LIBCMTD:typinfo.obj
 0001:0004b210       ?_type_info_dtor_internal_method@type_info@@QAEXXZ 1004c210 f   LIBCMTD:typinfo.obj
 0001:0004b230       ??8type_info@@QBE_NABV0@@Z 1004c230 f   LIBCMTD:typinfo.obj
 0001:0004b260       ??9type_info@@QBE_NABV0@@Z 1004c260 f   LIBCMTD:typinfo.obj
 0001:0004b290       ?before@type_info@@QBEHABV1@@Z 1004c290 f   LIBCMTD:typinfo.obj
 0001:0004b2c0       ?raw_name@type_info@@QBEPBDXZ 1004c2c0 f   LIBCMTD:typinfo.obj
 0001:0004b2e0       ??0type_info@@AAE@ABV0@@Z  1004c2e0 f   LIBCMTD:typinfo.obj
 0001:0004b300       ??4type_info@@AAEAAV0@ABV0@@Z 1004c300 f   LIBCMTD:typinfo.obj
 0001:0004b310       ??0exception@std@@QAE@XZ   1004c310 f   LIBCMTD:stdexcpt.obj
 0001:0004b340       ??_Gexception@std@@UAEPAXI@Z 1004c340 f i LIBCMTD:stdexcpt.obj
 0001:0004b340       ??_Eexception@std@@UAEPAXI@Z 1004c340 f i LIBCMTD:stdexcpt.obj
 0001:0004b370       ??0exception@std@@QAE@ABQBD@Z 1004c370 f   LIBCMTD:stdexcpt.obj
 0001:0004b400       ??0exception@std@@QAE@ABQBDH@Z 1004c400 f   LIBCMTD:stdexcpt.obj
 0001:0004b430       ??0exception@std@@QAE@ABV01@@Z 1004c430 f   LIBCMTD:stdexcpt.obj
 0001:0004b4d0       ??4exception@std@@QAEAAV01@ABV01@@Z 1004c4d0 f   LIBCMTD:stdexcpt.obj
 0001:0004b570       ??1exception@std@@UAE@XZ   1004c570 f   LIBCMTD:stdexcpt.obj
 0001:0004b5a0       ?what@exception@std@@UBEPBDXZ 1004c5a0 f   LIBCMTD:stdexcpt.obj
 0001:0004b5d0       ??0bad_cast@std@@QAE@PBD@Z 1004c5d0 f   LIBCMTD:stdexcpt.obj
 0001:0004b600       ??_Ebad_cast@std@@UAEPAXI@Z 1004c600 f i LIBCMTD:stdexcpt.obj
 0001:0004b600       ??_Gbad_cast@std@@UAEPAXI@Z 1004c600 f i LIBCMTD:stdexcpt.obj
 0001:0004b630       ??0bad_cast@std@@QAE@ABV01@@Z 1004c630 f   LIBCMTD:stdexcpt.obj
 0001:0004b660       ??1bad_cast@std@@UAE@XZ    1004c660 f   LIBCMTD:stdexcpt.obj
 0001:0004b680       ??0bad_typeid@std@@QAE@PBD@Z 1004c680 f   LIBCMTD:stdexcpt.obj
 0001:0004b6b0       ??_Ebad_typeid@std@@UAEPAXI@Z 1004c6b0 f i LIBCMTD:stdexcpt.obj
 0001:0004b6b0       ??_Gbad_typeid@std@@UAEPAXI@Z 1004c6b0 f i LIBCMTD:stdexcpt.obj
 0001:0004b6e0       ??0bad_typeid@std@@QAE@ABV01@@Z 1004c6e0 f   LIBCMTD:stdexcpt.obj
 0001:0004b710       ??1bad_typeid@std@@UAE@XZ  1004c710 f   LIBCMTD:stdexcpt.obj
 0001:0004b730       ??0__non_rtti_object@std@@QAE@PBD@Z 1004c730 f   LIBCMTD:stdexcpt.obj
 0001:0004b760       ??_G__non_rtti_object@std@@UAEPAXI@Z 1004c760 f i LIBCMTD:stdexcpt.obj
 0001:0004b760       ??_E__non_rtti_object@std@@UAEPAXI@Z 1004c760 f i LIBCMTD:stdexcpt.obj
 0001:0004b790       ??0__non_rtti_object@std@@QAE@ABV01@@Z 1004c790 f   LIBCMTD:stdexcpt.obj
 0001:0004b7c0       ??1__non_rtti_object@std@@UAE@XZ 1004c7c0 f   LIBCMTD:stdexcpt.obj
 0001:0004b7e0       ??3@YAXPAX@Z               1004c7e0 f   LIBCMTD:dbgdel.obj
 0001:0004b8d0       __alloc_osfhnd             1004c8d0 f   LIBCMTD:osfinfo.obj
 0001:0004bb80       __set_osfhnd               1004cb80 f   LIBCMTD:osfinfo.obj
 0001:0004bc50       __free_osfhnd              1004cc50 f   LIBCMTD:osfinfo.obj
 0001:0004bd40       __get_osfhandle            1004cd40 f   LIBCMTD:osfinfo.obj
 0001:0004bea0       __open_osfhandle           1004cea0 f   LIBCMTD:osfinfo.obj
 0001:0004c0d0       ___lock_fhandle            1004d0d0 f   LIBCMTD:osfinfo.obj
 0001:0004c1d0       __unlock_fhandle           1004d1d0 f   LIBCMTD:osfinfo.obj
 0001:0004c200       __putwch                   1004d200 f   LIBCMTD:putwch.obj
 0001:0004c290       __putwch_nolock            1004d290 f   LIBCMTD:putwch.obj
 0001:0004c390       __cputws                   1004d390 f   LIBCMTD:putwch.obj
 0001:0004c4d0       _DebuggerKnownHandle       1004d4d0 f   LIBCMTD:error.obj
 0001:0004c570       ?_RTC_Failure@@YAXPAXH@Z   1004d570 f   LIBCMTD:error.obj
 0001:0004c8a0       ?_RTC_StackFailure@@YAXPAXPBD@Z 1004d8a0 f   LIBCMTD:error.obj
 0001:0004c9c0       ?_RTC_AllocaFailure@@YAXPAXPAU_RTC_ALLOCA_NODE@@H@Z 1004d9c0 f   LIBCMTD:error.obj
 0001:0004cb80       __RTC_UninitUse            1004db80 f   LIBCMTD:error.obj
 0001:0004cc90       __fcloseall                1004dc90 f   LIBCMTD:closeall.obj
 0001:0004cdc0       _fflush                    1004ddc0 f   LIBCMTD:fflush.obj
 0001:0004ce60       __fflush_nolock            1004de60 f   LIBCMTD:fflush.obj
 0001:0004cec0       __flush                    1004dec0 f   LIBCMTD:fflush.obj
 0001:0004cf80       __flushall                 1004df80 f   LIBCMTD:fflush.obj
 0001:0004d130       __stbuf                    1004e130 f   LIBCMTD:_sftbuf.obj
 0001:0004d290       __ftbuf                    1004e290 f   LIBCMTD:_sftbuf.obj
 0001:0004d320       _vprintf_helper            1004e320 f   LIBCMTD:vprintf.obj
 0001:0004d440       __vprintf_l                1004e440 f   LIBCMTD:vprintf.obj
 0001:0004d460       __vprintf_s_l              1004e460 f   LIBCMTD:vprintf.obj
 0001:0004d480       __vprintf_p_l              1004e480 f   LIBCMTD:vprintf.obj
 0001:0004d4a0       _vprintf                   1004e4a0 f   LIBCMTD:vprintf.obj
 0001:0004d4c0       _vprintf_s                 1004e4c0 f   LIBCMTD:vprintf.obj
 0001:0004d4e0       __vprintf_p                1004e4e0 f   LIBCMTD:vprintf.obj
 0001:0004d500       __flswbuf                  1004e500 f   LIBCMTD:_flswbuf.obj
 0001:0004d7e0       __mbsnbcpy_s_l             1004e7e0 f   LIBCMTD:mbsnbcpy_s_l.obj
 0001:0004de60       _wcstol                    1004ee60 f   LIBCMTD:wcstol.obj
 0001:0004e2e0       __wcstol_l                 1004f2e0 f   LIBCMTD:wcstol.obj
 0001:0004e300       _wcstoul                   1004f300 f   LIBCMTD:wcstol.obj
 0001:0004e350       __wcstoul_l                1004f350 f   LIBCMTD:wcstol.obj
 0001:0004e370       ___crtGetStringTypeW       1004f370 f   LIBCMTD:w_str.obj
 0001:0004e670       _getenv                    1004f670 f   LIBCMTD:getenv.obj
 0001:0004e7c0       __getenv_helper_nolock     1004f7c0 f   LIBCMTD:getenv.obj
 0001:0004e8e0       _getenv_s                  1004f8e0 f   LIBCMTD:getenv.obj
 0001:0004eb10       __dupenv_s                 1004fb10 f   LIBCMTD:getenv.obj
 0001:0004eb30       __dupenv_s_dbg             1004fb30 f   LIBCMTD:getenv.obj
 0001:0004ed80       ___ascii_strnicmp          1004fd80 f   LIBCMTD:_strnicm.obj
 0001:0004edf0       __strtoi64                 1004fdf0 f   LIBCMTD:strtoq.obj
 0001:0004f360       __strtoi64_l               10050360 f   LIBCMTD:strtoq.obj
 0001:0004f380       __strtoui64                10050380 f   LIBCMTD:strtoq.obj
 0001:0004f3d0       __strtoui64_l              100503d0 f   LIBCMTD:strtoq.obj
 0001:0004f3f0       ?_Type_info_dtor@type_info@@CAXPAV1@@Z 100503f0 f   LIBCMTD:typname.obj
 0001:0004f500       ?_Name_base@type_info@@CAPBDPBV1@PAU__type_info_node@@@Z 10050500 f   LIBCMTD:typname.obj
 0001:0004f6a0       ?_Type_info_dtor_internal@type_info@@CAXPAV1@@Z 100506a0 f   LIBCMTD:typname.obj
 0001:0004f7b0       ___unDNameHelper           100507b0 f   LIBCMTD:typname.obj
 0001:0004f7f0       ?_Name_base_internal@type_info@@CAPBDPBV1@PAU__type_info_node@@@Z 100507f0 f   LIBCMTD:typname.obj
 0001:0004f990       ___clean_type_info_names_internal 10050990 f   LIBCMTD:typname.obj
 0001:0004fa40       ___initconin               10050a40 f   LIBCMTD:initcon.obj
 0001:0004fa70       ___initconout              10050a70 f   LIBCMTD:initcon.obj
 0001:0004faa0       ___termcon                 10050aa0 f   LIBCMTD:initcon.obj
 0001:0004faf0       ?_RTC_GetSrcLine@@YAHPAEPA_WKPAH1K@Z 10050af0 f   LIBCMTD:pdblkup.obj
 0001:0004ff80       __RTC_NumErrors            10050f80 f   LIBCMTD:userapi.obj
 0001:0004ff90       __RTC_GetErrDesc           10050f90 f   LIBCMTD:userapi.obj
 0001:0004ffb0       __RTC_SetErrorType         10050fb0 f   LIBCMTD:userapi.obj
 0001:0004ffe0       __RTC_SetErrorFunc         10050fe0 f   LIBCMTD:userapi.obj
 0001:00050000       __RTC_SetErrorFuncW        10051000 f   LIBCMTD:userapi.obj
 0001:00050020       ?_RTC_GetErrorFunc@@YAP6AHHPBDH00ZZPBX@Z 10051020 f   LIBCMTD:userapi.obj
 0001:00050030       ?_RTC_GetErrorFuncW@@YAP6AHHPB_WH00ZZPBX@Z 10051030 f   LIBCMTD:userapi.obj
 0001:00050040       _fclose                    10051040 f   LIBCMTD:fclose.obj
 0001:00050150       __fclose_nolock            10051150 f   LIBCMTD:fclose.obj
 0001:00050250       __commit                   10051250 f   LIBCMTD:commit.obj
 0001:00050470       __wchartodigit             10051470 f   LIBCMTD:wchtodig.obj
 0001:00050790       _strnlen                   10051790 f   LIBCMTD:strlen_s.obj
 0001:000507d0       __mbsnbicoll_l             100517d0 f   LIBCMTD:mbsnbico.obj
 0001:00050a10       __mbsnbicoll               10051a10 f   LIBCMTD:mbsnbico.obj
 0001:00050a30       ___wtomb_environ           10051a30 f   LIBCMTD:wtombenv.obj
 0001:00050b20       __allmul                   10051b20 f   LIBCMTD:llmul.obj
 0001:00050b60       ___unDName                 10051b60 f   LIBCMTD:undname.obj
 0001:00050c40       ?Constructor@HeapManager@@QAEXP6APAXI@ZP6AXPAX@Z@Z 10051c40 f i LIBCMTD:undname.obj
 0001:00050c80       ?Destructor@HeapManager@@QAEXXZ 10051c80 f i LIBCMTD:undname.obj
 0001:00050cd0       ___unDNameEx               10051cd0 f   LIBCMTD:undname.obj
 0001:00050db0       ??0UnDecorator@@QAE@PADPBDHP6APADJ@ZK@Z 10051db0 f i LIBCMTD:undname.obj
 0001:00050e50       ??BUnDecorator@@QAEPADXZ   10051e50 f i LIBCMTD:undname.obj
 0001:00051080       ?dbGetString@DName@@QBEPADXZ 10052080 f   LIBCMTD:undname.obj
 0001:000510a0       ?getDecoratedName@UnDecorator@@CA?AVDName@@XZ 100520a0 f   LIBCMTD:undname.obj
 0001:000513b0       ?getSymbolName@UnDecorator@@CA?AVDName@@XZ 100523b0 f i LIBCMTD:undname.obj
 0001:00051420       ?getZName@UnDecorator@@CA?AVDName@@_N@Z 10052420 f   LIBCMTD:undname.obj
 0001:00051690       ?getOperatorName@UnDecorator@@CA?AVDName@@_NPA_N@Z 10052690 f i LIBCMTD:undname.obj
 0001:00051fa0       ?getStringEncoding@UnDecorator@@CA?AVDName@@PADH@Z 10052fa0 f   LIBCMTD:undname.obj
 0001:000520a0       ?getScope@UnDecorator@@CA?AVDName@@XZ 100530a0 f   LIBCMTD:undname.obj
 0001:00052480       ?getSignedDimension@UnDecorator@@CA?AVDName@@XZ 10053480 f   LIBCMTD:undname.obj
 0001:00052500       ?getDimension@UnDecorator@@CA?AVDName@@_N@Z 10053500 f   LIBCMTD:undname.obj
 0001:000527b0       ?getNumberOfDimensions@UnDecorator@@CAHXZ 100537b0 f   LIBCMTD:undname.obj
 0001:000528b0       ?getTemplateName@UnDecorator@@CA?AVDName@@_N@Z 100538b0 f   LIBCMTD:undname.obj
 0001:00052a90       ?getTemplateArgumentList@UnDecorator@@CA?AVDName@@XZ 10053a90 f   LIBCMTD:undname.obj
 0001:00052d10       ?getTemplateConstant@UnDecorator@@CA?AVDName@@XZ 10053d10 f   LIBCMTD:undname.obj
 0001:000531a0       ?composeDeclaration@UnDecorator@@CA?AVDName@@ABV2@@Z 100541a0 f i LIBCMTD:undname.obj
 0001:000547a0       ?getTypeEncoding@UnDecorator@@CAHXZ 100557a0 f i LIBCMTD:undname.obj
 0001:00055130       ?getBasedType@UnDecorator@@CA?AVDName@@XZ 10056130 f   LIBCMTD:undname.obj
 0001:000551f0       ?getScopedName@UnDecorator@@CA?AVDName@@XZ 100561f0 f   LIBCMTD:undname.obj
 0001:00055310       ?getCallingConvention@UnDecorator@@CA?AVDName@@XZ 10056310 f   LIBCMTD:undname.obj
 0001:00055470       ?getReturnType@UnDecorator@@CA?AVDName@@PAV2@@Z 10056470 f   LIBCMTD:undname.obj
 0001:000554c0       ?getDataType@UnDecorator@@CA?AVDName@@PAV2@@Z 100564c0 f   LIBCMTD:undname.obj
 0001:000555d0       ?getPrimaryDataType@UnDecorator@@CA?AVDName@@ABV2@@Z 100565d0 f   LIBCMTD:undname.obj
 0001:00055870       ?getArgumentTypes@UnDecorator@@CA?AVDName@@XZ 10056870 f   LIBCMTD:undname.obj
 0001:000559d0       ?getArgumentList@UnDecorator@@CA?AVDName@@XZ 100569d0 f   LIBCMTD:undname.obj
 0001:00055b00       ?getThrowTypes@UnDecorator@@CA?AVDName@@XZ 10056b00 f   LIBCMTD:undname.obj
 0001:00055bb0       ?getBasicDataType@UnDecorator@@CA?AVDName@@ABV2@@Z 10056bb0 f   LIBCMTD:undname.obj
 0001:00056100       ?getECSUDataType@UnDecorator@@CA?AVDName@@XZ 10057100 f   LIBCMTD:undname.obj
 0001:000562d0       ?getECSUName@UnDecorator@@CA?AVDName@@XZ 100572d0 f i LIBCMTD:undname.obj
 0001:000562f0       ?getEnumType@UnDecorator@@CA?AVDName@@XZ 100572f0 f i LIBCMTD:undname.obj
 0001:00056440       ?getFunctionIndirectType@UnDecorator@@CA?AVDName@@ABV2@@Z 10057440 f   LIBCMTD:undname.obj
 0001:00056880       ?getPtrRefType@UnDecorator@@CA?AVDName@@ABV2@0D@Z 10057880 f   LIBCMTD:undname.obj
 0001:000569e0       ?getExtendedDataIndirectType@UnDecorator@@CA?AVDName@@AADAA_NH@Z 100579e0 f   LIBCMTD:undname.obj
 0001:00056b70       ?getDataIndirectType@UnDecorator@@CA?AVDName@@ABV2@D0H@Z 10057b70 f   LIBCMTD:undname.obj
 0001:00057260       ?getPtrRefDataType@UnDecorator@@CA?AVDName@@ABV2@H@Z 10058260 f i LIBCMTD:undname.obj
 0001:000573a0       ?getArrayType@UnDecorator@@CA?AVDName@@ABV2@@Z 100583a0 f i LIBCMTD:undname.obj
 0001:000575c0       ?getLexicalFrame@UnDecorator@@CA?AVDName@@XZ 100585c0 f i LIBCMTD:undname.obj
 0001:00057600       ?getThisType@UnDecorator@@CA?AVDName@@XZ 10058600 f i LIBCMTD:undname.obj
 0001:00057630       ?getPointerType@UnDecorator@@CA?AVDName@@ABV2@0@Z 10058630 f i LIBCMTD:undname.obj
 0001:00057650       ?getPointerTypeArray@UnDecorator@@CA?AVDName@@ABV2@0@Z 10058650 f i LIBCMTD:undname.obj
 0001:00057670       ?getReferenceType@UnDecorator@@CA?AVDName@@ABV2@0@Z 10058670 f i LIBCMTD:undname.obj
 0001:00057690       ?getDisplacement@UnDecorator@@CA?AVDName@@XZ 10058690 f i LIBCMTD:undname.obj
 0001:000576b0       ?getCallIndex@UnDecorator@@CA?AVDName@@XZ 100586b0 f i LIBCMTD:undname.obj
 0001:000576d0       ?getGuardNumber@UnDecorator@@CA?AVDName@@XZ 100586d0 f i LIBCMTD:undname.obj
[...]
 0003:000165e8       ??_R0?AVtype_info@@@8      100965e8     LIBCMTD:typinfo.obj
 0003:00016604       ??_R0?AVbad_cast@std@@@8   10096604     LIBCMTD:stdexcpt.obj
 0003:00016620       ??_R0?AVbad_typeid@std@@@8 10096620     LIBCMTD:stdexcpt.obj
 0003:00016640       ??_R0?AV__non_rtti_object@std@@@8 10096640     LIBCMTD:stdexcpt.obj
 0003:00016668       ?_RTC_ErrorLevels@@3PAHA   10096668     LIBCMTD:error.obj
 0003:000166a4       __coninpfh                 100966a4     LIBCMTD:initcon.obj
 0003:000166a8       __confh                    100966a8     LIBCMTD:initcon.obj
 0003:000166d0       ??_R0?AVDNameNode@@@8      100966d0     LIBCMTD:undname.obj
 0003:000166e8       ??_R0?AVcharNode@@@8       100966e8     LIBCMTD:undname.obj
 0003:00016700       ??_R0?AVpcharNode@@@8      10096700     LIBCMTD:undname.obj
 0003:00016718       ??_R0?AVpDNameNode@@@8     10096718     LIBCMTD:undname.obj
 0003:00016734       ??_R0?AVDNameStatusNode@@@8 10096734     LIBCMTD:undname.obj
 0003:00016d74       __aenvptr                  10096d74     LIBCMTD:dllcrt0.obj
 0003:00016d78       __wenvptr                  10096d78     LIBCMTD:dllcrt0.obj
 0003:00016d7c       ___error_mode              10096d7c     LIBCMTD:dllcrt0.obj
 0003:00016d80       ___app_type                10096d80     LIBCMTD:dllcrt0.obj
 0003:00016f04       ?_pfnDumpClient@@3P6AXPAXI@ZA 10096f04     LIBCMTD:dbgheap.obj
 0003:00016f0c       ___crtDebugCheckCount      10096f0c     LIBCMTD:dbgheap.obj
 0003:00016f14       ___pInvalidArgHandler      10096f14     LIBCMTD:invarg.obj
 0003:00016f18       __umaskval                 10096f18     LIBCMTD:crt0dat.obj
 0003:00016f1c       __osplatform               10096f1c     LIBCMTD:crt0dat.obj
 0003:00016f20       __osver                    10096f20     LIBCMTD:crt0dat.obj
 0003:00016f24       __winver                   10096f24     LIBCMTD:crt0dat.obj
 0003:00016f28       __winmajor                 10096f28     LIBCMTD:crt0dat.obj
 0003:00016f2c       __winminor                 10096f2c     LIBCMTD:crt0dat.obj
 0003:00016f30       ___argc                    10096f30     LIBCMTD:crt0dat.obj
 0003:00016f34       ___argv                    10096f34     LIBCMTD:crt0dat.obj
 0003:00016f38       ___wargv                   10096f38     LIBCMTD:crt0dat.obj
 0003:00016f3c       __environ                  10096f3c     LIBCMTD:crt0dat.obj
 0003:00016f40       ___initenv                 10096f40     LIBCMTD:crt0dat.obj
 0003:00016f44       __wenviron                 10096f44     LIBCMTD:crt0dat.obj
 0003:00016f48       ___winitenv                10096f48     LIBCMTD:crt0dat.obj
 0003:00016f4c       __pgmptr                   10096f4c     LIBCMTD:crt0dat.obj
 0003:00016f50       __wpgmptr                  10096f50     LIBCMTD:crt0dat.obj
 0003:00016f54       __exitflag                 10096f54     LIBCMTD:crt0dat.obj
 0003:00016f58       __C_Termination_Done       10096f58     LIBCMTD:crt0dat.obj
 0003:00016f5c       __C_Exit_Done              10096f5c     LIBCMTD:crt0dat.obj
 0003:000172b8       ___mbulinfo                100972b8     LIBCMTD:mbctype.obj
 0003:000172c4       ___mbcodepage              100972c4     LIBCMTD:mbctype.obj
 0003:000172c8       ___ismbcodepage            100972c8     LIBCMTD:mbctype.obj
 0003:000172cc       ___mblcid                  100972cc     LIBCMTD:mbctype.obj
 0003:000172d0       ___locale_changed          100972d0     LIBCMTD:setlocal.obj
 0003:000172d4       ___lc_handle               100972d4     LIBCMTD:nlsdata2.obj
 0003:000172ec       ___lc_codepage             100972ec     LIBCMTD:nlsdata2.obj
 0003:000172f0       ___lc_collate_cp           100972f0     LIBCMTD:nlsdata2.obj
 0003:000172f4       _gpFlsAlloc                100972f4     LIBCMTD:tidtable.obj
 0003:000172f8       _gpFlsGetValue             100972f8     LIBCMTD:tidtable.obj
 0003:000172fc       _gpFlsSetValue             100972fc     LIBCMTD:tidtable.obj
 0003:00017300       _gpFlsFree                 10097300     LIBCMTD:tidtable.obj
 0003:00017414       __crtheap                  10097414     LIBCMTD:heapinit.obj
 0003:00017734       __newmode                  10097734     LIBCMTD:_newmode.obj
 0003:00017738       ?_pnhHeap@@3P6AHI@ZA       10097738     LIBCMTD:handler.obj
 0003:0001773c       ___sbh_pHeaderDefer        1009773c     LIBCMTD:sbheap.obj
 0003:00017740       ?__pInconsistency@@3P6AXXZA 10097740     LIBCMTD:hooks.obj
 0003:00017750       ___pPurecall               10097750     LIBCMTD:inithelp.obj
 0003:0001775c       ___lconv_static_null       1009775c     LIBCMTD:lconv.obj
 0003:00017760       __cflush                   10097760     LIBCMTD:_file.obj
 0003:00017848       ?wsprintffp@@3P6AHPADPBDZZA 10097848     LIBCMTD:error.obj
 0003:0001784c       __stdbuf                   1009784c     LIBCMTD:_sftbuf.obj
 0003:00017888       ?pArgList@UnDecorator@@0PAVReplicator@@A 10097888     LIBCMTD:undname.obj
 0003:0001788c       ?pZNameList@UnDecorator@@0PAVReplicator@@A 1009788c     LIBCMTD:undname.obj
 0003:00017890       ?pTemplateArgList@UnDecorator@@0PAVReplicator@@A 10097890     LIBCMTD:undname.obj
 0003:00017894       ?gName@UnDecorator@@0PBDB  10097894     LIBCMTD:undname.obj
 0003:00017898       ?name@UnDecorator@@0PBDB   10097898     LIBCMTD:undname.obj
 0003:0001789c       ?outputString@UnDecorator@@0PADA 1009789c     LIBCMTD:undname.obj
 0003:000178a0       ?maxStringLength@UnDecorator@@0HA 100978a0     LIBCMTD:undname.obj
 0003:000178a4       ?disableFlags@UnDecorator@@0KA 100978a4     LIBCMTD:undname.obj
 0003:000178a8       ?m_pGetParameter@UnDecorator@@0P6APADJ@ZA 100978a8     LIBCMTD:undname.obj
 0003:000178ac       ?fExplicitTemplateParams@UnDecorator@@0_NA 100978ac     LIBCMTD:undname.obj
 0003:000178ad       ?fGetTemplateArgumentList@UnDecorator@@0_NA 100978ad     LIBCMTD:undname.obj
 0003:00017920       _procTable                 10097920     <common>
 0003:000179a0       _dbConfigLock              100979a0     <common>
 0003:00017a04       ___piob                    10097a04     <common>
 0003:00017d60       __bufin                    10097d60     <common>
 0003:00018d60       __nstream                  10098d60     <common>
 0003:00018d64       ___sbh_initialized         10098d64     <common>
 0003:00018d78       ___sbh_cntHeaderList       10098d78     <common>
 0003:00018d7c       ___sbh_pHeaderList         10098d7c     <common>
 0003:00018d80       ___sbh_threshold           10098d80     <common>
 0003:00018d84       ___sbh_pHeaderScan         10098d84     <common>
 0003:00018d88       ___sbh_sizeHeaderList      10098d88     <common>
 0003:00018d8c       ___sbh_indGroupDefer       10098d8c     <common>
 0003:00018d90       __debugger_hook_dummy      10098d90     <common>
 0003:00018d9c       ___active_heap             10098d9c     <common>
 0003:00018da8       __nhandle                  10098da8     <common>
 0003:00018e00       ___pioinfo                 10098e00     <common>
 0003:00018f00       ___setlc_active            10098f00     <common>
 0003:00018f10       ___unguarded_readlc_active 10098f10     <common>
 0003:00018f14       ___use_sse2_mathfcns       10098f14     <common>
 0003:00018f24       ___sse2_available          10098f24     <common>
 0003:00018f28       ___env_initialized         10098f28     <common>
 0003:00018f38       ___onexitend               10098f38     <common>
 0003:00018f3c       ___onexitbegin             10098f3c     <common>
 0003:00018f40       ___mbctype_initialized     10098f40     <common>
 0003:00018f44       __FPinit                   10098f44     <common>
 0003:00018f48       ___dyn_tls_init_callback   10098f48     <common>
 0003:00018f4c       __pfnReportHook            10098f4c     <common>
 0003:00018f5c       __pReportHookListW         10098f5c     <common>
 0003:00018f60       __pReportHookList          10098f60     <common>
 0003:00018f64       __acmdln                   10098f64     <common>
 0004:00000000       __IMPORT_DESCRIPTOR_RPCRT4 10099000     rpcrt4:RPCRT4.dll
 0004:00000014       __IMPORT_DESCRIPTOR_LIBMYSQL 10099014     libmysql:LIBMYSQL.dll
 0004:00000028       __IMPORT_DESCRIPTOR_KERNEL32 10099028     kernel32:KERNEL32.dll
 0004:0000003c       __NULL_IMPORT_DESCRIPTOR   1009903c     rpcrt4:RPCRT4.dll
 0004:0000034c       __imp__IsBadReadPtr@8      1009934c     kernel32:KERNEL32.dll
 0004:00000350       __imp__SetEnvironmentVariableA@8 10099350     kernel32:KERNEL32.dll
 0004:00000354       __imp__CompareStringW@24   10099354     kernel32:KERNEL32.dll
 0004:00000358       __imp__CompareStringA@24   10099358     kernel32:KERNEL32.dll
 0004:0000035c       __imp__VirtualQuery@12     1009935c     kernel32:KERNEL32.dll
 0004:00000360       __imp__lstrlenA@4          10099360     kernel32:KERNEL32.dll
 0004:00000364       __imp__GetConsoleOutputCP@0 10099364     kernel32:KERNEL32.dll
 0004:00000368       __imp__WriteConsoleA@20    10099368     kernel32:KERNEL32.dll
 0004:0000036c       __imp__SetStdHandle@8      1009936c     kernel32:KERNEL32.dll
 0004:00000370       __imp__RaiseException@16   10099370     kernel32:KERNEL32.dll
 0004:00000374       __imp__GetTimeZoneInformation@4 10099374     kernel32:KERNEL32.dll
 0004:00000378       __imp__GetLocaleInfoW@16   10099378     kernel32:KERNEL32.dll
 0004:0000037c       __imp__GetConsoleMode@8    1009937c     kernel32:KERNEL32.dll
 0004:00000380       __imp__GetConsoleCP@0      10099380     kernel32:KERNEL32.dll
 0004:00000384       __imp__GetUserDefaultLCID@0 10099384     kernel32:KERNEL32.dll
 0004:00000388       __imp__EnumSystemLocalesA@8 10099388     kernel32:KERNEL32.dll
 0004:0000038c       __imp__IsValidCodePage@4   1009938c     kernel32:KERNEL32.dll
 0004:00000390       __imp__IsValidLocale@8     10099390     kernel32:KERNEL32.dll
 0004:00000394       __imp__GetLocaleInfoA@16   10099394     kernel32:KERNEL32.dll
 0004:00000398       __imp__GetDateFormatA@24   10099398     kernel32:KERNEL32.dll
 0004:0000039c       __imp__GetTimeFormatA@24   1009939c     kernel32:KERNEL32.dll
 0004:000003a0       __imp__GetStringTypeW@16   100993a0     kernel32:KERNEL32.dll
 0004:000003a4       __imp__GetStringTypeA@20   100993a4     kernel32:KERNEL32.dll
 0004:000003a8       __imp__LCMapStringW@24     100993a8     kernel32:KERNEL32.dll
 0004:000003ac       __imp__LCMapStringA@24     100993ac     kernel32:KERNEL32.dll
 0004:000003b0       __imp__LoadLibraryA@4      100993b0     kernel32:KERNEL32.dll
 0004:000003b4       __imp__FreeLibrary@4       100993b4     kernel32:KERNEL32.dll
 0004:000003b8       __imp__MultiByteToWideChar@24 100993b8     kernel32:KERNEL32.dll
 0004:000003bc       __imp__VirtualAlloc@16     100993bc     kernel32:KERNEL32.dll
 0004:000003c0       __imp__InitializeCriticalSection@4 100993c0     kernel32:KERNEL32.dll
 0004:000003c4       __imp__GetTickCount@0      100993c4     kernel32:KERNEL32.dll
 0004:000003c8       __imp__QueryPerformanceCounter@4 100993c8     kernel32:KERNEL32.dll
 0004:000003cc       __imp__GetCurrentProcessId@0 100993cc     kernel32:KERNEL32.dll
 0004:000003d0       __imp__GetLastError@0      100993d0     kernel32:KERNEL32.dll
 0004:000003d4       __imp__HeapAlloc@12        100993d4     kernel32:KERNEL32.dll
 0004:000003d8       __imp__GetProcessHeap@0    100993d8     kernel32:KERNEL32.dll
 0004:000003dc       __imp__HeapReAlloc@16      100993dc     kernel32:KERNEL32.dll
 0004:000003e0       __imp__HeapFree@12         100993e0     kernel32:KERNEL32.dll
 0004:000003e4       __imp__HeapValidate@12     100993e4     kernel32:KERNEL32.dll
 0004:000003e8       __imp__CreateSemaphoreA@16 100993e8     kernel32:KERNEL32.dll
 0004:000003ec       __imp__CloseHandle@4       100993ec     kernel32:KERNEL32.dll
 0004:000003f0       __imp__ReleaseSemaphore@12 100993f0     kernel32:KERNEL32.dll
 0004:000003f4       __imp__EnterCriticalSection@4 100993f4     kernel32:KERNEL32.dll
 0004:000003f8       __imp__InterlockedDecrement@4 100993f8     kernel32:KERNEL32.dll
 0004:000003fc       __imp__WaitForSingleObject@8 100993fc     kernel32:KERNEL32.dll
 0004:00000400       __imp__LeaveCriticalSection@4 10099400     kernel32:KERNEL32.dll
 0004:00000404       __imp__InterlockedIncrement@4 10099404     kernel32:KERNEL32.dll
 0004:00000408       __imp__SetLastError@4      10099408     kernel32:KERNEL32.dll
 0004:0000040c       __imp__GetSystemTimeAsFileTime@4 1009940c     kernel32:KERNEL32.dll
 0004:00000410       __imp__CreateFileA@28      10099410     kernel32:KERNEL32.dll
 0004:00000414       __imp__ReadFile@20         10099414     kernel32:KERNEL32.dll
 0004:00000418       __imp__SetFilePointer@16   10099418     kernel32:KERNEL32.dll
 0004:0000041c       __imp__GetFileSize@8       1009941c     kernel32:KERNEL32.dll
 0004:00000420       __imp__CopyFileA@12        10099420     kernel32:KERNEL32.dll
 0004:00000424       __imp__DeleteFileA@4       10099424     kernel32:KERNEL32.dll
 0004:00000428       __imp__FlushFileBuffers@4  10099428     kernel32:KERNEL32.dll
 0004:0000042c       __imp__SetEndOfFile@4      1009942c     kernel32:KERNEL32.dll
 0004:00000430       __imp__WriteFile@20        10099430     kernel32:KERNEL32.dll
 0004:00000434       __imp__OutputDebugStringA@4 10099434     kernel32:KERNEL32.dll
 0004:00000438       __imp__GetCurrentThreadId@0 10099438     kernel32:KERNEL32.dll
 0004:0000043c       __imp__InitializeCriticalSectionAndSpinCount@8 1009943c     kernel32:KERNEL32.dll
 0004:00000440       __imp__InterlockedExchange@8 10099440     kernel32:KERNEL32.dll
 0004:00000444       __imp__DeleteCriticalSection@4 10099444     kernel32:KERNEL32.dll
 0004:00000448       __imp__GetLocalTime@4      10099448     kernel32:KERNEL32.dll
 0004:0000044c       __imp__GetModuleFileNameW@12 1009944c     kernel32:KERNEL32.dll
 0004:00000450       __imp__GetCommandLineA@0   10099450     kernel32:KERNEL32.dll
 0004:00000454       __imp__GetVersionExA@4     10099454     kernel32:KERNEL32.dll
 0004:00000458       __imp__FatalAppExitA@8     10099458     kernel32:KERNEL32.dll
 0004:0000045c       __imp__DebugBreak@0        1009945c     kernel32:KERNEL32.dll
 0004:00000460       __imp__GetStdHandle@4      10099460     kernel32:KERNEL32.dll
 0004:00000464       __imp__WriteConsoleW@20    10099464     kernel32:KERNEL32.dll
 0004:00000468       __imp__GetFileType@4       10099468     kernel32:KERNEL32.dll
 0004:0000046c       __imp__OutputDebugStringW@4 1009946c     kernel32:KERNEL32.dll
 0004:00000470       __imp__TerminateProcess@8  10099470     kernel32:KERNEL32.dll
 0004:00000474       __imp__GetCurrentProcess@0 10099474     kernel32:KERNEL32.dll
 0004:00000478       __imp__UnhandledExceptionFilter@4 10099478     kernel32:KERNEL32.dll
 0004:0000047c       __imp__SetUnhandledExceptionFilter@4 1009947c     kernel32:KERNEL32.dll
 0004:00000480       __imp__IsDebuggerPresent@0 10099480     kernel32:KERNEL32.dll
 0004:00000484       __imp__WideCharToMultiByte@32 10099484     kernel32:KERNEL32.dll
 0004:00000488       __imp__GetProcAddress@8    10099488     kernel32:KERNEL32.dll
 0004:0000048c       __imp__GetModuleHandleA@4  1009948c     kernel32:KERNEL32.dll
 0004:00000490       __imp__ExitProcess@4       10099490     kernel32:KERNEL32.dll
 0004:00000494       __imp__SetConsoleCtrlHandler@8 10099494     kernel32:KERNEL32.dll
 0004:00000498       __imp__LoadLibraryW@4      10099498     kernel32:KERNEL32.dll
 0004:0000049c       __imp__GetACP@0            1009949c     kernel32:KERNEL32.dll
 0004:000004a0       __imp__GetOEMCP@0          100994a0     kernel32:KERNEL32.dll
 0004:000004a4       __imp__GetCPInfo@8         100994a4     kernel32:KERNEL32.dll
 0004:000004a8       __imp__TlsGetValue@4       100994a8     kernel32:KERNEL32.dll
 0004:000004ac       __imp__TlsAlloc@0          100994ac     kernel32:KERNEL32.dll
 0004:000004b0       __imp__TlsSetValue@8       100994b0     kernel32:KERNEL32.dll
 0004:000004b4       __imp__TlsFree@4           100994b4     kernel32:KERNEL32.dll
 0004:000004b8       __imp__GetCurrentThread@0  100994b8     kernel32:KERNEL32.dll
 0004:000004bc       __imp__RtlUnwind@16        100994bc     kernel32:KERNEL32.dll
 0004:000004c0       __imp__SetHandleCount@4    100994c0     kernel32:KERNEL32.dll
 0004:000004c4       __imp__GetStartupInfoA@4   100994c4     kernel32:KERNEL32.dll
 0004:000004c8       __imp__GetModuleFileNameA@12 100994c8     kernel32:KERNEL32.dll
 0004:000004cc       __imp__FreeEnvironmentStringsA@4 100994cc     kernel32:KERNEL32.dll
 0004:000004d0       __imp__GetEnvironmentStrings@0 100994d0     kernel32:KERNEL32.dll
 0004:000004d4       __imp__FreeEnvironmentStringsW@4 100994d4     kernel32:KERNEL32.dll
 0004:000004d8       __imp__GetEnvironmentStringsW@0 100994d8     kernel32:KERNEL32.dll
 0004:000004dc       __imp__HeapDestroy@4       100994dc     kernel32:KERNEL32.dll
 0004:000004e0       __imp__HeapCreate@12       100994e0     kernel32:KERNEL32.dll
 0004:000004e4       __imp__VirtualFree@12      100994e4     kernel32:KERNEL32.dll
 0004:000004e8       \177KERNEL32_NULL_THUNK_DATA 100994e8     kernel32:KERNEL32.dll
 0004:00000564       __imp__mysql_stmt_affected_rows@4 10099564     libmysql:LIBMYSQL.dll
 0004:00000568       __imp__mysql_errno@4       10099568     libmysql:LIBMYSQL.dll
 0004:0000056c       __imp__mysql_query@8       1009956c     libmysql:LIBMYSQL.dll
 0004:00000570       __imp__mysql_stmt_param_count@4 10099570     libmysql:LIBMYSQL.dll
 0004:00000574       __imp__mysql_stmt_bind_param@8 10099574     libmysql:LIBMYSQL.dll
 0004:00000578       __imp__mysql_stmt_errno@4  10099578     libmysql:LIBMYSQL.dll
 0004:0000057c       __imp__mysql_stmt_prepare@12 1009957c     libmysql:LIBMYSQL.dll
 0004:00000580       __imp__mysql_stmt_error@4  10099580     libmysql:LIBMYSQL.dll
 0004:00000584       __imp__mysql_stmt_result_metadata@4 10099584     libmysql:LIBMYSQL.dll
 0004:00000588       __imp__mysql_stmt_execute@4 10099588     libmysql:LIBMYSQL.dll
 0004:0000058c       __imp__mysql_num_fields@4  1009958c     libmysql:LIBMYSQL.dll
 0004:00000590       __imp__mysql_stmt_bind_result@8 10099590     libmysql:LIBMYSQL.dll
 0004:00000594       __imp__mysql_stmt_store_result@4 10099594     libmysql:LIBMYSQL.dll
 0004:00000598       __imp__mysql_stmt_fetch@4  10099598     libmysql:LIBMYSQL.dll
 0004:0000059c       __imp__mysql_free_result@4 1009959c     libmysql:LIBMYSQL.dll
 0004:000005a0       __imp__mysql_stmt_close@4  100995a0     libmysql:LIBMYSQL.dll
 0004:000005a4       __imp__mysql_close@4       100995a4     libmysql:LIBMYSQL.dll
 0004:000005a8       __imp__mysql_ping@4        100995a8     libmysql:LIBMYSQL.dll
 0004:000005ac       __imp__mysql_init@4        100995ac     libmysql:LIBMYSQL.dll
 0004:000005b0       __imp__mysql_ssl_set@24    100995b0     libmysql:LIBMYSQL.dll
 0004:000005b4       __imp__mysql_real_connect@32 100995b4     libmysql:LIBMYSQL.dll
 0004:000005b8       __imp__mysql_error@4       100995b8     libmysql:LIBMYSQL.dll
 0004:000005bc       __imp__mysql_get_server_version@4 100995bc     libmysql:LIBMYSQL.dll
 0004:000005c0       __imp__mysql_get_server_info@4 100995c0     libmysql:LIBMYSQL.dll
 0004:000005c4       __imp__mysql_stmt_init@4   100995c4     libmysql:LIBMYSQL.dll
 0004:000005c8       __imp__mysql_get_host_info@4 100995c8     libmysql:LIBMYSQL.dll
 0004:000005cc       __imp__mysql_get_client_info@0 100995cc     libmysql:LIBMYSQL.dll
 0004:000005d0       \177LIBMYSQL_NULL_THUNK_DATA 100995d0     libmysql:LIBMYSQL.dll
 0004:00000610       __imp__UuidCreate@4        10099610     rpcrt4:RPCRT4.dll
 0004:00000614       __imp__UuidToStringA@8     10099614     rpcrt4:RPCRT4.dll
 0004:00000618       __imp__RpcStringFreeA@4    10099618     rpcrt4:RPCRT4.dll
 0004:0000061c       \177RPCRT4_NULL_THUNK_DATA 1009961c     rpcrt4:RPCRT4.dll

 entry point at        0001:0001b340

