 nxmydb

 Timestamp is 46e31b1c (Sat Sep 08 15:58:52 2007)

 Preferred load address is 10000000

 Start         Length     Name                   Class
 0001:00000000 00062105H .text                   CODE
 0001:00062110 00001143H .text$x                 CODE
 0002:00000000 00000104H .CRT$XCA                DATA
 0002:00000104 00000104H .CRT$XCZ                DATA
 0002:00000208 00000104H .CRT$XIA                DATA
 0002:0000030c 00000118H .CRT$XIC                DATA
 0002:00000424 00000104H .CRT$XIY                DATA
 0002:00000528 00000104H .CRT$XIZ                DATA
 0002:0000062c 00000104H .CRT$XPA                DATA
 0002:00000730 00000109H .CRT$XPX                DATA
 0002:0000083c 00000104H .CRT$XPXA               DATA
 0002:00000940 00000104H .CRT$XPZ                DATA
 0002:00000a44 00000104H .CRT$XTA                DATA
 0002:00000b48 00000104H .CRT$XTB                DATA
 0002:00000c4c 00000104H .CRT$XTZ                DATA
 0002:00000d50 0000d300H .rdata                  DATA
 0002:0000e050 0000013dH .rdata$debug            DATA
 0002:0000e190 000004e1H .rdata$r                DATA
 0002:0000e680 00000134H .rdata$sxdata           DATA
 0002:0000e7b4 00000104H .rtc$IAA                DATA
 0002:0000e8b8 00000104H .rtc$IZZ                DATA
 0002:0000e9bc 00000104H .rtc$TAA                DATA
 0002:0000eac0 00000104H .rtc$TZZ                DATA
 0002:0000ebc8 00000fcbH .xdata$x                DATA
 0002:0000fba0 0000017aH .edata                  DATA
 0003:00000000 0000b77aH .data                   DATA
 0003:0000b780 00002290H .bss                    DATA
 0004:00000000 0000003cH .idata$2                DATA
 0004:0000003c 00000014H .idata$3                DATA
 0004:00000050 000002f4H .idata$4                DATA
 0004:00000344 000002f4H .idata$5                DATA
 0004:00000638 00000bc4H .idata$6                DATA
 0005:00000000 00000169H .rsrc$01                DATA
 0005:00000170 0000041cH .rsrc$02                DATA

  Address         Publics by Value              Rva+Base       Lib:Object

 0000:00000000       __except_list              00000000     <absolute>
 0000:0000000b       ___safe_se_handler_count   0000000b     <absolute>
 0000:00000000       ___ImageBase               10000000     <linker-defined>
 0001:00000260       @ConditionVariableCreate@4 10001260 f   condvar.obj
 0001:000002c0       @ConditionVariableDestroy@4 100012c0 f   condvar.obj
 0001:00000300       @ConditionVariableBroadcast@4 10001300 f   condvar.obj
 0001:00000360       @ConditionVariableSignal@4 10001360 f   condvar.obj
 0001:000003b0       @ConditionVariableWait@12  100013b0 f   condvar.obj
 0001:000004e0       @DbInit@4                  100014e0 f   database.obj
 0001:00001260       @DbFinalize@0              10002260 f   database.obj
 0001:000012f0       @DbMapError@4              100022f0 f   database.obj
 0001:00001400       @DbAcquire@4               10002400 f   database.obj
 0001:00001490       @DbRelease@4               10002490 f   database.obj
 0001:00001920       _StringCchCopyA@12         10002920 f i database.obj
 0001:00001980       @TraceHeader@0             10002980 f   debug.obj
 0001:000019c0       _TraceFormat               100029c0 f   debug.obj
 0001:00001ac0       @TraceFooter@0             10002ac0 f   debug.obj
 0001:00001b40       _StringCchVPrintfA@16      10002b40 f i debug.obj
 0001:00001ba0       _StringCchPrintfExA        10002ba0 f i debug.obj
 0001:00001d90       _DllMain@12                10002d90 f   dllentry.obj
 0001:00001dd0       _GroupModuleInit           10002dd0 f   group.obj
 0001:000028c0       _DbGroupCreate             100038c0 f   groupdb.obj
 0001:00002b30       _DbGroupRename             10003b30 f   groupdb.obj
 0001:00002bd0       _DbGroupDelete             10003bd0 f   groupdb.obj
 0001:00002db0       _DbGroupLock               10003db0 f   groupdb.obj
 0001:00003490       _DbGroupUnlock             10004490 f   groupdb.obj
 0001:00003690       _DbGroupOpen               10004690 f   groupdb.obj
 0001:00003740       _DbGroupWrite              10004740 f   groupdb.obj
 0001:000039b0       _DbGroupClose              100049b0 f   groupdb.obj
 0001:000039c0       _DbGroupRefresh            100049c0 f   groupdb.obj
 0001:00003e60       @DbMapErrorFromStmt@4      10004e60 f i groupdb.obj
 0001:00003eb0       _FileGroupDefault          10004eb0 f   groupfile.obj
 0001:00004160       _FileGroupCreate           10005160 f   groupfile.obj
 0001:00004320       _FileGroupDelete           10005320 f   groupfile.obj
 0001:00004420       _FileGroupOpen             10005420 f   groupfile.obj
 0001:00004590       _FileGroupWrite            10005590 f   groupfile.obj
 0001:000046f0       _FileGroupClose            100056f0 f   groupfile.obj
 0001:00004990       _StringCchPrintfA          10005990 f i groupfile.obj
 0001:00004a00       _PoolCreate@36             10005a00 f   pool.obj
 0001:00005450       @PoolDestroy@4             10006450 f   pool.obj
 0001:000056d0       @PoolAcquire@8             100066d0 f   pool.obj
 0001:000058a0       @PoolRelease@8             100068a0 f   pool.obj
 0001:00005990       @PoolValidate@8            10006990 f   pool.obj
 0001:00005a40       @PoolInvalidate@8          10006a40 f   pool.obj
 0001:00005f00       @ProcTableInit@4           10006f00 f   proctable.obj
 0001:000062e0       @ProcTableFinalize@0       100072e0 f   proctable.obj
 0001:00006400       _UserModuleInit            10007400 f   user.obj
 0001:00006ed0       _DbUserCreate              10007ed0 f   userdb.obj
 0001:00007ab0       _DbUserRename              10008ab0 f   userdb.obj
 0001:000082b0       _DbUserDelete              100092b0 f   userdb.obj
 0001:000089e0       _DbUserLock                100099e0 f   userdb.obj
 0001:00009d40       _DbUserUnlock              1000ad40 f   userdb.obj
 0001:00009f40       _DbUserOpen                1000af40 f   userdb.obj
 0001:00009ff0       _DbUserWrite               1000aff0 f   userdb.obj
 0001:0000afd0       _DbUserClose               1000bfd0 f   userdb.obj
 0001:0000afe0       _DbUserRefresh             1000bfe0 f   userdb.obj
 0001:0000c080       @DbMapErrorFromConn@4      1000d080 f i userdb.obj
 0001:0000c0d0       _FileUserDefault           1000d0d0 f   userfile.obj
 0001:0000c390       _FileUserCreate            1000d390 f   userfile.obj
 0001:0000c550       _FileUserDelete            1000d550 f   userfile.obj
 0001:0000c650       _FileUserOpen              1000d650 f   userfile.obj
 0001:0000c7c0       _FileUserWrite             1000d7c0 f   userfile.obj
 0001:0000c920       _FileUserClose             1000d920 f   userfile.obj
 0001:0000cbc0       _RpcStringFreeA@4          1000dbc0 f   rpcrt4:RPCRT4.dll
 0001:0000cbc6       _UuidToStringA@8           1000dbc6 f   rpcrt4:RPCRT4.dll
 0001:0000cbcc       _UuidCreate@4              1000dbcc f   rpcrt4:RPCRT4.dll
 0001:0000cbd2       _mysql_get_client_info@0   1000dbd2 f   libmysql:LIBMYSQL.dll
 0001:0000cbd8       _mysql_get_host_info@4     1000dbd8 f   libmysql:LIBMYSQL.dll
 0001:0000cbde       _mysql_get_server_info@4   1000dbde f   libmysql:LIBMYSQL.dll
 0001:0000cbe4       _mysql_stmt_init@4         1000dbe4 f   libmysql:LIBMYSQL.dll
 0001:0000cbea       _mysql_error@4             1000dbea f   libmysql:LIBMYSQL.dll
 0001:0000cbf0       _mysql_real_connect@32     1000dbf0 f   libmysql:LIBMYSQL.dll
 0001:0000cbf6       _mysql_ssl_set@24          1000dbf6 f   libmysql:LIBMYSQL.dll
 0001:0000cbfc       _mysql_init@4              1000dbfc f   libmysql:LIBMYSQL.dll
 0001:0000cc02       _mysql_ping@4              1000dc02 f   libmysql:LIBMYSQL.dll
 0001:0000cc08       _mysql_close@4             1000dc08 f   libmysql:LIBMYSQL.dll
 0001:0000cc0e       _mysql_stmt_close@4        1000dc0e f   libmysql:LIBMYSQL.dll
 0001:0000cc14       _mysql_stmt_execute@4      1000dc14 f   libmysql:LIBMYSQL.dll
 0001:0000cc1a       _mysql_stmt_bind_param@8   1000dc1a f   libmysql:LIBMYSQL.dll
 0001:0000cc20       _mysql_stmt_param_count@4  1000dc20 f   libmysql:LIBMYSQL.dll
 0001:0000cc26       _mysql_stmt_error@4        1000dc26 f   libmysql:LIBMYSQL.dll
 0001:0000cc2c       _mysql_stmt_prepare@12     1000dc2c f   libmysql:LIBMYSQL.dll
 0001:0000cc32       _mysql_stmt_errno@4        1000dc32 f   libmysql:LIBMYSQL.dll
 0001:0000cc38       _mysql_stmt_affected_rows@4 1000dc38 f   libmysql:LIBMYSQL.dll
 0001:0000cc3e       _mysql_free_result@4       1000dc3e f   libmysql:LIBMYSQL.dll
 0001:0000cc44       _mysql_stmt_fetch@4        1000dc44 f   libmysql:LIBMYSQL.dll
 0001:0000cc4a       _mysql_stmt_bind_result@8  1000dc4a f   libmysql:LIBMYSQL.dll
 0001:0000cc50       _mysql_num_fields@4        1000dc50 f   libmysql:LIBMYSQL.dll
 0001:0000cc56       _mysql_stmt_result_metadata@4 1000dc56 f   libmysql:LIBMYSQL.dll
 0001:0000cc5c       _mysql_query@8             1000dc5c f   libmysql:LIBMYSQL.dll
 0001:0000cc62       _mysql_errno@4             1000dc62 f   libmysql:LIBMYSQL.dll
 0001:0000cc68       _mysql_stmt_store_result@4 1000dc68 f   libmysql:LIBMYSQL.dll
 0001:0000cc6e       _StringLengthWorkerA@12    1000dc6e f   strsafe:strsafe.obj
 0001:0000ccac       _StringLengthWorkerW@12    1000dcac f   strsafe:strsafe.obj
 0001:0000ccec       _StringExValidateSrcA@16   1000dcec f   strsafe:strsafe.obj
 0001:0000cd27       _StringExValidateSrcW@16   1000dd27 f   strsafe:strsafe.obj
 0001:0000cd62       _StringValidateDestA@16    1000dd62 f   strsafe:strsafe.obj
 0001:0000cd9a       _StringValidateDestW@16    1000dd9a f   strsafe:strsafe.obj
 0001:0000cdd2       _StringExValidateDestA@20  1000ddd2 f   strsafe:strsafe.obj
 0001:0000ce32       _StringExValidateDestW@20  1000de32 f   strsafe:strsafe.obj
 0001:0000ce92       _StringCopyWorkerA@20      1000de92 f   strsafe:strsafe.obj
 0001:0000cee1       _StringCopyWorkerW@20      1000dee1 f   strsafe:strsafe.obj
 0001:0000cf37       _StringVPrintfWorkerA@20   1000df37 f   strsafe:strsafe.obj
 0001:0000cf83       _StringVPrintfWorkerW@20   1000df83 f   strsafe:strsafe.obj
 0001:0000cfd1       _StringExHandleFillBehindNullA@12 1000dfd1 f   strsafe:strsafe.obj
 0001:0000cffc       _StringExHandleFillBehindNullW@12 1000dffc f   strsafe:strsafe.obj
 0001:0000d02b       _StringExHandleOtherFlagsA@24 1000e02b f   strsafe:strsafe.obj
 0001:0000d0be       _StringExHandleOtherFlagsW@24 1000e0be f   strsafe:strsafe.obj
 0001:0000d160       __CrtSetReportHookW2       1000e160 f   LIBCMTD:dbgrptw.obj
 0001:0000d480       __CrtDbgReportW            1000e480 f   LIBCMTD:dbgrptw.obj
 0001:0000d4c0       __CrtDbgReportWV           1000e4c0 f i LIBCMTD:dbgrptw.obj
 0001:0000d800       __invoke_watson_if_error   1000e800 f i LIBCMTD:dbgrptw.obj
 0001:0000d830       __invoke_watson_if_oneof   1000e830 f i LIBCMTD:dbgrptw.obj
 0001:0000d870       ___crtMessageWindowW       1000e870 f   LIBCMTD:dbgrptw.obj
 0001:0000dc70       ?_CrtDbgReportW@@YAHHPBGH00ZZ 1000ec70 f   LIBCMTD:dbgrptw.obj
 0001:0000dcb0       _memset                    1000ecb0 f   LIBCMTD:memset.obj
 0001:0000dd30       __aulldiv                  1000ed30 f   LIBCMTD:ulldiv.obj
 0001:0000dda0       __isalpha_l                1000eda0 f i LIBCMTD:_ctype.obj
 0001:0000de30       ??0_LocaleUpdate@@QAE@PAUlocaleinfo_struct@@@Z 1000ee30 f i LIBCMTD:_ctype.obj
 0001:0000df10       ??1_LocaleUpdate@@QAE@XZ   1000ef10 f i LIBCMTD:_ctype.obj
 0001:0000df40       ?GetLocaleT@_LocaleUpdate@@QAEPAUlocaleinfo_struct@@XZ 1000ef40 f i LIBCMTD:_ctype.obj
 0001:0000df50       _isalpha                   1000ef50 f i LIBCMTD:_ctype.obj
 0001:0000df90       __isupper_l                1000ef90 f i LIBCMTD:_ctype.obj
 0001:0000e010       _isupper                   1000f010 f i LIBCMTD:_ctype.obj
 0001:0000e040       __islower_l                1000f040 f i LIBCMTD:_ctype.obj
 0001:0000e0c0       _islower                   1000f0c0 f i LIBCMTD:_ctype.obj
 0001:0000e0f0       __isdigit_l                1000f0f0 f i LIBCMTD:_ctype.obj
 0001:0000e170       _isdigit                   1000f170 f i LIBCMTD:_ctype.obj
 0001:0000e1a0       __isxdigit_l               1000f1a0 f i LIBCMTD:_ctype.obj
 0001:0000e230       _isxdigit                  1000f230 f i LIBCMTD:_ctype.obj
 0001:0000e270       __isspace_l                1000f270 f i LIBCMTD:_ctype.obj
 0001:0000e2f0       _isspace                   1000f2f0 f i LIBCMTD:_ctype.obj
 0001:0000e320       __ispunct_l                1000f320 f i LIBCMTD:_ctype.obj
 0001:0000e3a0       _ispunct                   1000f3a0 f i LIBCMTD:_ctype.obj
 0001:0000e3d0       __isalnum_l                1000f3d0 f i LIBCMTD:_ctype.obj
 0001:0000e460       _isalnum                   1000f460 f i LIBCMTD:_ctype.obj
 0001:0000e4a0       __isprint_l                1000f4a0 f i LIBCMTD:_ctype.obj
 0001:0000e530       _isprint                   1000f530 f i LIBCMTD:_ctype.obj
 0001:0000e570       __isgraph_l                1000f570 f i LIBCMTD:_ctype.obj
 0001:0000e600       _isgraph                   1000f600 f i LIBCMTD:_ctype.obj
 0001:0000e640       __iscntrl_l                1000f640 f i LIBCMTD:_ctype.obj
 0001:0000e6c0       _iscntrl                   1000f6c0 f i LIBCMTD:_ctype.obj
 0001:0000e6f0       ___isascii                 1000f6f0 f i LIBCMTD:_ctype.obj
 0001:0000e700       ___toascii                 1000f700 f i LIBCMTD:_ctype.obj
 0001:0000e710       __iscsymf_l                1000f710 f i LIBCMTD:_ctype.obj
 0001:0000e750       ___iscsymf                 1000f750 f i LIBCMTD:_ctype.obj
 0001:0000e790       __iscsym_l                 1000f790 f i LIBCMTD:_ctype.obj
 0001:0000e7d0       ___iscsym                  1000f7d0 f i LIBCMTD:_ctype.obj
 0001:0000e810       _strlen                    1000f810 f   LIBCMTD:strlen.obj
 0001:0000e8a0       @__security_check_cookie@4 1000f8a0 f   LIBCMTD:secchk.obj
 0001:0000e8b0       _memcpy                    1000f8b0 f   LIBCMTD:memcpy.obj
 0001:0000ec20       __alloca_probe             1000fc20     LIBCMTD:chkstk.obj
 0001:0000ec20       __chkstk                   1000fc20 f   LIBCMTD:chkstk.obj
 0001:0000ec50       __CRT_INIT@12              1000fc50 f   LIBCMTD:dllcrt0.obj
 0001:0000ef30       __set_osplatform           1000ff30 f i LIBCMTD:dllcrt0.obj
 0001:0000ef40       __set_osver                1000ff40 f i LIBCMTD:dllcrt0.obj
 0001:0000ef50       __set_winver               1000ff50 f i LIBCMTD:dllcrt0.obj
 0001:0000ef60       __set_winmajor             1000ff60 f i LIBCMTD:dllcrt0.obj
 0001:0000ef70       __set_winminor             1000ff70 f i LIBCMTD:dllcrt0.obj
 0001:0000ef80       __DllMainCRTStartup@12     1000ff80 f   LIBCMTD:dllcrt0.obj
 0001:0000f160       __vsnprintf_l              10010160 f   LIBCMTD:vsnprint.obj
 0001:0000f300       __vsnprintf                10010300 f   LIBCMTD:vsnprint.obj
 0001:0000f320       __vsnwprintf_l             10010320 f   LIBCMTD:vsnwprnt.obj
 0001:0000f520       __vsnwprintf               10010520 f   LIBCMTD:vsnwprnt.obj
 0001:0000f540       __mtinitlocks              10010540 f   LIBCMTD:mlock.obj
 0001:0000f5d0       __mtdeletelocks            100105d0 f   LIBCMTD:mlock.obj
 0001:0000f690       __mtinitlocknum            10010690 f   LIBCMTD:mlock.obj
 0001:0000f7e0       __lock                     100107e0 f   LIBCMTD:mlock.obj
 0001:0000f820       __unlock                   10010820 f   LIBCMTD:mlock.obj
 0001:0000f840       __lockerr_exit             10010840 f   LIBCMTD:mlock.obj
 0001:0000f860       _malloc                    10010860 f   LIBCMTD:dbgheap.obj
 0001:0000f890       __malloc_dbg               10010890 f   LIBCMTD:dbgheap.obj
 0001:0000f8c0       __nh_malloc                100108c0 f   LIBCMTD:dbgheap.obj
 0001:0000f8e0       __nh_malloc_dbg            100108e0 f   LIBCMTD:dbgheap.obj
 0001:0000f950       __heap_alloc               10010950 f   LIBCMTD:dbgheap.obj
 0001:0000f970       __heap_alloc_dbg           10010970 f   LIBCMTD:dbgheap.obj
 0001:0000fd10       _calloc                    10010d10 f   LIBCMTD:dbgheap.obj
 0001:0000fd40       __calloc_dbg               10010d40 f   LIBCMTD:dbgheap.obj
 0001:0000fe00       _realloc                   10010e00 f   LIBCMTD:dbgheap.obj
 0001:0000fe30       __recalloc                 10010e30 f   LIBCMTD:dbgheap.obj
 0001:0000fed0       __realloc_dbg              10010ed0 f   LIBCMTD:dbgheap.obj
 0001:000104a0       __recalloc_dbg             100114a0 f   LIBCMTD:dbgheap.obj
 0001:00010550       __expand                   10011550 f   LIBCMTD:dbgheap.obj
 0001:00010580       __expand_dbg               10011580 f   LIBCMTD:dbgheap.obj
 0001:00010690       _free                      10011690 f   LIBCMTD:dbgheap.obj
 0001:000106b0       __free_nolock              100116b0 f   LIBCMTD:dbgheap.obj
 0001:000106d0       __free_dbg                 100116d0 f   LIBCMTD:dbgheap.obj
 0001:00010750       __free_dbg_nolock          10011750 f   LIBCMTD:dbgheap.obj
 0001:00010b80       __msize                    10011b80 f   LIBCMTD:dbgheap.obj
 0001:00010ba0       __msize_dbg                10011ba0 f   LIBCMTD:dbgheap.obj
 0001:00010d90       __CrtSetBreakAlloc         10011d90 f   LIBCMTD:dbgheap.obj
 0001:00010db0       __CrtSetDbgBlockType       10011db0 f   LIBCMTD:dbgheap.obj
 0001:00010ea0       __CrtSetAllocHook          10011ea0 f   LIBCMTD:dbgheap.obj
 0001:00010ec0       __CrtGetAllocHook          10011ec0 f   LIBCMTD:dbgheap.obj
 0001:00010f20       __CrtCheckMemory           10011f20 f   LIBCMTD:dbgheap.obj
 0001:000112a0       __CrtSetDbgFlag            100122a0 f   LIBCMTD:dbgheap.obj
 0001:000113f0       __CrtDoForAllClientObjects 100123f0 f   LIBCMTD:dbgheap.obj
 0001:00011510       __CrtIsValidPointer        10012510 f   LIBCMTD:dbgheap.obj
 0001:00011520       __CrtIsValidHeapPointer    10012520 f   LIBCMTD:dbgheap.obj
 0001:00011610       __CrtIsMemoryBlock         10012610 f   LIBCMTD:dbgheap.obj
 0001:00011780       __CrtReportBlockType       10012780 f   LIBCMTD:dbgheap.obj
 0001:000117b0       __CrtSetDumpClient         100127b0 f   LIBCMTD:dbgheap.obj
 0001:000117d0       __CrtGetDumpClient         100127d0 f   LIBCMTD:dbgheap.obj
 0001:000117e0       __CrtMemCheckpoint         100127e0 f   LIBCMTD:dbgheap.obj
 0001:000119c0       __CrtMemDifference         100129c0 f   LIBCMTD:dbgheap.obj
 0001:00011be0       __CrtMemDumpAllObjectsSince 10012be0 f   LIBCMTD:dbgheap.obj
 0001:000120d0       __CrtDumpMemoryLeaks       100130d0 f   LIBCMTD:dbgheap.obj
 0001:00012140       __CrtMemDumpStatistics     10013140 f   LIBCMTD:dbgheap.obj
 0001:00012250       __aligned_malloc           10013250 f   LIBCMTD:dbgheap.obj
 0001:00012270       __aligned_malloc_dbg       10013270 f   LIBCMTD:dbgheap.obj
 0001:00012290       __aligned_realloc          10013290 f   LIBCMTD:dbgheap.obj
 0001:000122b0       __aligned_recalloc         100132b0 f   LIBCMTD:dbgheap.obj
 0001:000122e0       __aligned_realloc_dbg      100132e0 f   LIBCMTD:dbgheap.obj
 0001:00012310       __aligned_recalloc_dbg     10013310 f   LIBCMTD:dbgheap.obj
 0001:00012340       __aligned_offset_malloc    10013340 f   LIBCMTD:dbgheap.obj
 0001:00012360       __aligned_offset_malloc_dbg 10013360 f   LIBCMTD:dbgheap.obj
 0001:00012500       __aligned_offset_realloc   10013500 f   LIBCMTD:dbgheap.obj
 0001:00012530       __aligned_offset_recalloc  10013530 f   LIBCMTD:dbgheap.obj
 0001:00012560       __aligned_offset_realloc_dbg 10013560 f   LIBCMTD:dbgheap.obj
 0001:00012830       __aligned_offset_recalloc_dbg 10013830 f   LIBCMTD:dbgheap.obj
 0001:000128e0       __aligned_free             100138e0 f   LIBCMTD:dbgheap.obj
 0001:00012900       __aligned_free_dbg         10013900 f   LIBCMTD:dbgheap.obj
 0001:000129b0       __CrtSetDebugFillThreshold 100139b0 f   LIBCMTD:dbgheap.obj
 0001:000129d0       __CrtSetCheckCount         100139d0 f   LIBCMTD:dbgheap.obj
 0001:000129f0       __CrtGetCheckCount         100139f0 f   LIBCMTD:dbgheap.obj
 0001:00012a00       __CrtDbgBreak              10013a00 f   LIBCMTD:dbgrptt.obj
 0001:00012a10       __CrtSetReportMode         10013a10 f   LIBCMTD:dbgrptt.obj
 0001:00012b50       __CrtSetReportFile         10013b50 f   LIBCMTD:dbgrptt.obj
 0001:00012c40       __CrtSetReportHook         10013c40 f   LIBCMTD:dbgrptt.obj
 0001:00012c60       __CrtGetReportHook         10013c60 f   LIBCMTD:dbgrptt.obj
 0001:00012c70       __VCrtDbgReportA           10013c70 f   LIBCMTD:dbgrptt.obj
 0001:00013480       __VCrtDbgReportW           10014480 f   LIBCMTD:dbgrptt.obj
 0001:00013d90       __initp_misc_invarg        10014d90 f   LIBCMTD:invarg.obj
 0001:00013da0       __invalid_parameter        10014da0 f   LIBCMTD:invarg.obj
 0001:00013e10       __invoke_watson            10014e10 f   LIBCMTD:invarg.obj
 0001:00013f50       __set_invalid_parameter_handler 10014f50 f   LIBCMTD:invarg.obj
 0001:00013f90       __get_invalid_parameter_handler 10014f90 f   LIBCMTD:invarg.obj
 0001:00013fc0       ?_invalid_parameter@@YAXPBG00II@Z 10014fc0 f   LIBCMTD:invarg.obj
 0001:00013ff0       ?_invoke_watson@@YAXPBG00II@Z 10014ff0 f   LIBCMTD:invarg.obj
 0001:00014020       __dosmaperr                10015020 f   LIBCMTD:dosmap.obj
 0001:00014050       __get_errno_from_oserr     10015050 f   LIBCMTD:dosmap.obj
 0001:000140d0       __set_errno                100150d0 f   LIBCMTD:dosmap.obj
 0001:00014100       __get_errno                10015100 f   LIBCMTD:dosmap.obj
 0001:00014180       __set_doserrno             10015180 f   LIBCMTD:dosmap.obj
 0001:000141b0       __get_doserrno             100151b0 f   LIBCMTD:dosmap.obj
 0001:00014230       __errno                    10015230 f   LIBCMTD:dosmap.obj
 0001:00014260       ___doserrno                10015260 f   LIBCMTD:dosmap.obj
 0001:00014290       __except_handler4          10015290 f   LIBCMTD:chandler4.obj
 0001:000144b0       _strcpy_s                  100154b0 f   LIBCMTD:strcpy_s.obj
 0001:00014790       _strcat_s                  10015790 f   LIBCMTD:strcat_s.obj
 0001:00014b70       __wcstombs_l_helper        10015b70 f   LIBCMTD:wcstombs.obj
 0001:000150c0       __wcstombs_l               100160c0 f   LIBCMTD:wcstombs.obj
 0001:000150e0       _wcstombs                  100160e0 f   LIBCMTD:wcstombs.obj
 0001:00015100       __wcstombs_s_l             10016100 f   LIBCMTD:wcstombs.obj
 0001:000153c0       _wcstombs_s                100163c0 f   LIBCMTD:wcstombs.obj
 0001:000153f0       __cinit                    100163f0 f   LIBCMTD:crt0dat.obj
 0001:00015490       _exit                      10016490 f   LIBCMTD:crt0dat.obj
 0001:000154b0       __exit                     100164b0 f   LIBCMTD:crt0dat.obj
 0001:000154d0       __cexit                    100164d0 f   LIBCMTD:crt0dat.obj
 0001:000154f0       __c_exit                   100164f0 f   LIBCMTD:crt0dat.obj
 0001:00015510       __amsg_exit                10016510 f   LIBCMTD:crt0dat.obj
 0001:00015550       ___freeCrtMemory           10016550 f   LIBCMTD:crt0dat.obj
 0001:000157f0       ___crtCorExitProcess       100167f0 f   LIBCMTD:crt0dat.obj
 0001:00015830       ___crtExitProcess          10016830 f   LIBCMTD:crt0dat.obj
 0001:00015850       __lockexit                 10016850 f   LIBCMTD:crt0dat.obj
 0001:00015860       __unlockexit               10016860 f   LIBCMTD:crt0dat.obj
 0001:00015870       __init_pointers            10016870 f   LIBCMTD:crt0dat.obj
 0001:00015930       __initterm_e               10016930 f   LIBCMTD:crt0dat.obj
 0001:00015970       __get_osplatform           10016970 f   LIBCMTD:crt0dat.obj
 0001:00015a60       __get_osver                10016a60 f   LIBCMTD:crt0dat.obj
 0001:00015b50       __get_winver               10016b50 f   LIBCMTD:crt0dat.obj
 0001:00015c40       __get_winmajor             10016c40 f   LIBCMTD:crt0dat.obj
 0001:00015d30       __get_winminor             10016d30 f   LIBCMTD:crt0dat.obj
 0001:00015e20       __get_wpgmptr              10016e20 f   LIBCMTD:crt0dat.obj
 0001:00015f10       __get_pgmptr               10016f10 f   LIBCMTD:crt0dat.obj
 0001:00016000       __initp_misc_winsig        10017000 f   LIBCMTD:winsig.obj
 0001:00016030       _signal                    10017030 f   LIBCMTD:winsig.obj
 0001:000164d0       _raise                     100174d0 f   LIBCMTD:winsig.obj
 0001:00016840       ___get_sigabrt             10017840 f   LIBCMTD:winsig.obj
 0001:00016860       ___fpecode                 10017860 f   LIBCMTD:winsig.obj
 0001:00016870       ___pxcptinfoptrs           10017870 f   LIBCMTD:winsig.obj
 0001:00016880       ___crtMessageBoxW          10017880 f   LIBCMTD:crtmboxw.obj
 0001:00016ae0       __swprintf                 10017ae0 f   LIBCMTD:swprintf.obj
 0001:00016ca0       ___swprintf_l              10017ca0 f   LIBCMTD:swprintf.obj
 0001:00016cd0       _swprintf_s                10017cd0 f   LIBCMTD:swprintf.obj
 0001:00016d00       __snwprintf_s              10017d00 f   LIBCMTD:swprintf.obj
 0001:00016d30       __swprintf_p               10017d30 f   LIBCMTD:swprintf.obj
 0001:00016d60       __swprintf_s_l             10017d60 f   LIBCMTD:swprintf.obj
 0001:00016d90       __snwprintf_s_l            10017d90 f   LIBCMTD:swprintf.obj
 0001:00016dc0       __swprintf_p_l             10017dc0 f   LIBCMTD:swprintf.obj
 0001:00016df0       __scwprintf                10017df0 f   LIBCMTD:swprintf.obj
 0001:00016e10       __scwprintf_p              10017e10 f   LIBCMTD:swprintf.obj
 0001:00016e30       __scwprintf_l              10017e30 f   LIBCMTD:swprintf.obj
 0001:00016e60       __scwprintf_p_l            10017e60 f   LIBCMTD:swprintf.obj
 0001:00016e90       _wcsncpy_s                 10017e90 f   LIBCMTD:wcsncpy_s.obj
 0001:00017290       _wcslen                    10018290 f   LIBCMTD:wcslen.obj
 0001:000172c0       _wcscpy_s                  100182c0 f   LIBCMTD:wcscpy_s.obj
 0001:000175a0       __VEC_memzero              100185a0 f   LIBCMTD:p4_memset.obj
 0001:00017690       __sse2_mathfcns_init       10018690 f   LIBCMTD:mathfcns.obj
 0001:000176b0       __set_SSE2_enable          100186b0 f   LIBCMTD:mathfcns.obj
 0001:000176d0       __chvalidator              100186d0 f   LIBCMTD:isctype.obj
 0001:00017720       __chvalidator_l            10018720 f   LIBCMTD:isctype.obj
 0001:000177d0       __isctype_l                100187d0 f   LIBCMTD:isctype.obj
 0001:000178e0       __isctype                  100188e0 f   LIBCMTD:isctype.obj
 0001:00017920       ___updatetmbcinfo          10018920 f   LIBCMTD:mbctype.obj
 0001:00017a30       __setmbcp                  10018a30 f   LIBCMTD:mbctype.obj
 0001:00017dd0       __setmbcp_nolock           10018dd0 f   LIBCMTD:mbctype.obj
 0001:00018590       __getmbcp                  10019590 f   LIBCMTD:mbctype.obj
 0001:00018600       ___initmbctable            10019600 f   LIBCMTD:mbctype.obj
 0001:00018630       ____setlc_active_func      10019630 f   LIBCMTD:setlocal.obj
 0001:00018640       ____unguarded_readlc_active_add_func 10019640 f   LIBCMTD:setlocal.obj
 0001:00018650       ___freetlocinfo            10019650 f   LIBCMTD:setlocal.obj
 0001:00018930       ___addlocaleref            10019930 f   LIBCMTD:setlocal.obj
 0001:00018a50       ___removelocaleref         10019a50 f   LIBCMTD:setlocal.obj
 0001:00018b80       ___updatetlocinfo          10019b80 f   LIBCMTD:setlocal.obj
 0001:00018cd0       __configthreadlocale       10019cd0 f   LIBCMTD:setlocal.obj
 0001:00018de0       __locterm                  10019de0 f   LIBCMTD:setlocal.obj
 0001:00018e70       __free_locale              10019e70 f   LIBCMTD:setlocal.obj
 0001:00018f80       ___free_locale             10019f80 f   LIBCMTD:setlocal.obj
 0001:00018fa0       __create_locale            10019fa0 f   LIBCMTD:setlocal.obj
 0001:000191c0       ___create_locale           1001a1c0 f   LIBCMTD:setlocal.obj
 0001:000191e0       __get_current_locale       1001a1e0 f   LIBCMTD:setlocal.obj
 0001:000192d0       ___get_current_locale      1001a2d0 f   LIBCMTD:setlocal.obj
 0001:000192e0       _setlocale                 1001a2e0 f   LIBCMTD:setlocal.obj
 0001:0001a1f0       __expandlocale             1001b1f0 f   LIBCMTD:setlocal.obj
 0001:0001a4a0       ___init_dummy              1001b4a0 f   LIBCMTD:setlocal.obj
 0001:0001a4b0       __strcats                  1001b4b0 f   LIBCMTD:setlocal.obj
 0001:0001a530       ___lc_strtolc              1001b530 f   LIBCMTD:setlocal.obj
 0001:0001a730       ___lc_lctostr              1001b730 f   LIBCMTD:setlocal.obj
 0001:0001a7c0       __encode_pointer           1001b7c0 f   LIBCMTD:tidtable.obj
 0001:0001a850       __encoded_null             1001b850 f   LIBCMTD:tidtable.obj
 0001:0001a860       __decode_pointer           1001b860 f   LIBCMTD:tidtable.obj
 0001:0001a8f0       ___crtTlsAlloc@4           1001b8f0 f   LIBCMTD:tidtable.obj
 0001:0001a900       ___fls_getvalue@4          1001b900 f   LIBCMTD:tidtable.obj
 0001:0001a920       ___get_flsindex            1001b920 f   LIBCMTD:tidtable.obj
 0001:0001a930       ___set_flsgetvalue         1001b930 f   LIBCMTD:tidtable.obj
 0001:0001a970       ___fls_setvalue@8          1001b970 f   LIBCMTD:tidtable.obj
 0001:0001a990       __mtinit                   1001b990 f   LIBCMTD:tidtable.obj
 0001:0001aba0       __mtterm                   1001bba0 f   LIBCMTD:tidtable.obj
 0001:0001ac00       __initptd                  1001bc00 f   LIBCMTD:tidtable.obj
 0001:0001ad30       __getptd_noexit            1001bd30 f   LIBCMTD:tidtable.obj
 0001:0001adf0       __getptd                   1001bdf0 f   LIBCMTD:tidtable.obj
 0001:0001ae20       __freefls@4                1001be20 f   LIBCMTD:tidtable.obj
 0001:0001b010       __freeptd                  1001c010 f   LIBCMTD:tidtable.obj
 0001:0001b090       ___threadid                1001c090 f   LIBCMTD:tidtable.obj
 0001:0001b0a0       ___threadhandle            1001c0a0 f   LIBCMTD:tidtable.obj
 0001:0001b0b0       ___report_gsfailure        1001c0b0 f   LIBCMTD:gs_report.obj
 0001:0001b1c0       __VEC_memcpy               1001c1c0 f   LIBCMTD:p4_memcpy.obj
 0001:0001b340       __ioinit                   1001c340 f   LIBCMTD:ioinit.obj
 0001:0001b7c0       __ioterm                   1001c7c0 f   LIBCMTD:ioinit.obj
 0001:0001b860       __setenvp                  1001c860 f   LIBCMTD:stdenvp.obj
 0001:0001ba00       __setargv                  1001ca00 f   LIBCMTD:stdargv.obj
 0001:0001bb20       __set_pgmptr               1001cb20 f i LIBCMTD:stdargv.obj
 0001:0001be90       ___crtGetEnvironmentStringsA 1001ce90 f   LIBCMTD:a_env.obj
 0001:0001c0b0       __RTC_Initialize           1001d0b0 f   LIBCMTD:initsect.obj
 0001:0001c0e0       __RTC_Terminate            1001d0e0 f   LIBCMTD:initsect.obj
 0001:0001c110       ___heap_select             1001d110 f   LIBCMTD:heapinit.obj
 0001:0001c1a0       __heap_init                1001d1a0 f   LIBCMTD:heapinit.obj
 0001:0001c220       __heap_term                1001d220 f   LIBCMTD:heapinit.obj
 0001:0001c2c0       __get_heap_handle          1001d2c0 f   LIBCMTD:heapinit.obj
 0001:0001c300       ___security_init_cookie    1001d300 f   LIBCMTD:gs_support.obj
 0001:0001c420       __initp_misc_winxfltr      1001d420 f   LIBCMTD:winxfltr.obj
 0001:0001c430       ___CppXcptFilter           1001d430 f   LIBCMTD:winxfltr.obj
 0001:0001c460       __XcptFilter               1001d460 f   LIBCMTD:winxfltr.obj
 0001:0001c6a0       __flsbuf                   1001d6a0 f   LIBCMTD:_flsbuf.obj
 0001:0001c960       __output_l                 1001d960 f   LIBCMTD:output.obj
 0001:0001ddd0       _get_int_arg               1001edd0 f i LIBCMTD:output.obj
 0001:0001ddf0       _get_int64_arg             1001edf0 f i LIBCMTD:output.obj
 0001:0001de10       _get_short_arg             1001ee10 f i LIBCMTD:output.obj
 0001:0001de30       __woutput_l                1001ee30 f   LIBCMTD:woutput.obj
 0001:0001f000       __initp_misc_initcrit      10020000 f   LIBCMTD:initcrit.obj
 0001:0001f010       ___crtInitCritSecAndSpinCount 10020010 f   LIBCMTD:initcrit.obj
 0001:0001f180       __FF_MSGBANNER             10020180 f   LIBCMTD:crt0msg.obj
 0001:0001f1d0       __NMSG_WRITE               100201d0 f   LIBCMTD:crt0msg.obj
 0001:0001f460       __GET_RTERRMSG             10020460 f   LIBCMTD:crt0msg.obj
 0001:0001f4a0       __initp_heap_handler       100204a0 f   LIBCMTD:handler.obj
 0001:0001f4b0       ?_set_new_handler@@YAP6AHI@ZP6AHI@Z@Z 100204b0 f   LIBCMTD:handler.obj
 0001:0001f500       ?_set_new_handler@@YAP6AHI@ZH@Z 10020500 f   LIBCMTD:handler.obj
 0001:0001f540       ?_query_new_handler@@YAP6AHI@ZXZ 10020540 f   LIBCMTD:handler.obj
 0001:0001f560       __callnewh                 10020560 f   LIBCMTD:handler.obj
 0001:0001f5a0       _V6_HeapAlloc              100205a0 f   LIBCMTD:malloc.obj
 0001:0001f630       __malloc_base              10020630 f   LIBCMTD:malloc.obj
 0001:0001f6c0       __heap_alloc_base          100206c0 f i LIBCMTD:malloc.obj
 0001:0001f780       __CrtSetReportHook2        10020780 f   LIBCMTD:dbgrpt.obj
 0001:0001faa0       __CrtDbgReport             10020aa0 f   LIBCMTD:dbgrpt.obj
 0001:0001fae0       __CrtDbgReportV            10020ae0 f i LIBCMTD:dbgrpt.obj
 0001:0001fb10       ___crtMessageWindowA       10020b10 f   LIBCMTD:dbgrpt.obj
 0001:0001ff10       __CrtDefaultAllocHook      10020f10 f   LIBCMTD:dbghook.obj
 0001:0001ff20       __crt_debugger_hook        10020f20 f   LIBCMTD:dbghook.obj
 0001:0001ff30       __expand_base              10020f30 f   LIBCMTD:expand.obj
 0001:00020100       __realloc_base             10021100 f   LIBCMTD:realloc.obj
 0001:000204a0       __recalloc_base            100214a0 f   LIBCMTD:realloc.obj
 0001:00020540       __free_base                10021540 f   LIBCMTD:free.obj
 0001:00020660       __heapchk                  10021660 f   LIBCMTD:heapchk.obj
 0001:00020730       __heapset                  10021730 f   LIBCMTD:heapchk.obj
 0001:00020740       __get_sbh_threshold        10021740 f   LIBCMTD:sbheap.obj
 0001:00020790       __set_sbh_threshold        10021790 f   LIBCMTD:sbheap.obj
 0001:00020920       __set_amblksiz             10021920 f   LIBCMTD:sbheap.obj
 0001:00020a20       __get_amblksiz             10021a20 f   LIBCMTD:sbheap.obj
 0001:00020b10       ___sbh_heap_init           10021b10 f   LIBCMTD:sbheap.obj
 0001:00020b80       ___sbh_find_block          10021b80 f   LIBCMTD:sbheap.obj
 0001:00020be0       ___sbh_verify_block        10021be0 f   LIBCMTD:sbheap.obj
 0001:00020c40       ___sbh_free_block          10021c40 f   LIBCMTD:sbheap.obj
 0001:00021200       ___sbh_alloc_block         10022200 f   LIBCMTD:sbheap.obj
 0001:00021720       ___sbh_alloc_new_region    10022720 f   LIBCMTD:sbheap.obj
 0001:00021830       ___sbh_alloc_new_group     10022830 f   LIBCMTD:sbheap.obj
 0001:00021a20       ___sbh_resize_block        10022a20 f   LIBCMTD:sbheap.obj
 0001:00021ff0       ___sbh_heapmin             10022ff0 f   LIBCMTD:sbheap.obj
 0001:00022120       ___sbh_heap_check          10023120 f   LIBCMTD:sbheap.obj
 0001:00022610       _sprintf                   10023610 f   LIBCMTD:sprintf.obj
 0001:00022790       __sprintf_l                10023790 f   LIBCMTD:sprintf.obj
 0001:000227c0       _sprintf_s                 100237c0 f   LIBCMTD:sprintf.obj
 0001:000227f0       __sprintf_s_l              100237f0 f   LIBCMTD:sprintf.obj
 0001:00022820       __snprintf_s               10023820 f   LIBCMTD:sprintf.obj
 0001:00022850       __snprintf_s_l             10023850 f   LIBCMTD:sprintf.obj
 0001:00022880       __sprintf_p                10023880 f   LIBCMTD:sprintf.obj
 0001:000228b0       __sprintf_p_l              100238b0 f   LIBCMTD:sprintf.obj
 0001:000228e0       __scprintf                 100238e0 f   LIBCMTD:sprintf.obj
 0001:00022900       __scprintf_p               10023900 f   LIBCMTD:sprintf.obj
 0001:00022920       __scprintf_l               10023920 f   LIBCMTD:sprintf.obj
 0001:00022950       __scprintf_p_l             10023950 f   LIBCMTD:sprintf.obj
 0001:00022980       __mbstowcs_l_helper        10023980 f   LIBCMTD:mbstowcs.obj
 0001:00022d30       __mbstowcs_l               10023d30 f   LIBCMTD:mbstowcs.obj
 0001:00022d50       _mbstowcs                  10023d50 f   LIBCMTD:mbstowcs.obj
 0001:00022da0       __mbstowcs_s_l             10023da0 f   LIBCMTD:mbstowcs.obj
 0001:000230a0       _mbstowcs_s                100240a0 f   LIBCMTD:mbstowcs.obj
 0001:000230d0       __vsnprintf_helper         100240d0 f   LIBCMTD:vsnprnc.obj
 0001:000232a0       __vsnprintf_c              100242a0 f   LIBCMTD:vsnprnc.obj
 0001:000232f0       __vsnprintf_c_l            100242f0 f   LIBCMTD:vsnprnc.obj
 0001:00023340       __vsprintf_s_l             10024340 f   LIBCMTD:vsnprnc.obj
 0001:000235a0       _vsprintf_s                100245a0 f   LIBCMTD:vsnprnc.obj
 0001:000235c0       __vsnprintf_s_l            100245c0 f   LIBCMTD:vsnprnc.obj
 0001:00023960       __vsnprintf_s              10024960 f   LIBCMTD:vsnprnc.obj
 0001:00023990       __vsprintf_p               10024990 f   LIBCMTD:vsnprnc.obj
 0001:000239e0       __vsprintf_p_l             100249e0 f   LIBCMTD:vsnprnc.obj
 0001:00023a30       __itoa_s                   10024a30 f   LIBCMTD:xtoas.obj
 0001:00023df0       __ltoa_s                   10024df0 f   LIBCMTD:xtoas.obj
 0001:00023e30       __ultoa_s                  10024e30 f   LIBCMTD:xtoas.obj
 0001:00023e50       __i64toa_s                 10024e50 f   LIBCMTD:xtoas.obj
 0001:00024250       __ui64toa_s                10025250 f   LIBCMTD:xtoas.obj
 0001:00024270       _wcscat_s                  10025270 f   LIBCMTD:wcscat_s.obj
 0001:00024660       __vswprintf_helper         10025660 f   LIBCMTD:vswprnc.obj
 0001:00024890       __vswprintf_c              10025890 f   LIBCMTD:vswprnc.obj
 0001:000248e0       __vswprintf_c_l            100258e0 f   LIBCMTD:vswprnc.obj
 0001:00024930       __vswprintf_s_l            10025930 f   LIBCMTD:vswprnc.obj
 0001:00024ba0       _vswprintf_s               10025ba0 f   LIBCMTD:vswprnc.obj
 0001:00024bc0       __vsnwprintf_s_l           10025bc0 f   LIBCMTD:vswprnc.obj
 0001:00024f70       __vsnwprintf_s             10025f70 f   LIBCMTD:vswprnc.obj
 0001:00024fa0       __vswprintf_p              10025fa0 f   LIBCMTD:vswprnc.obj
 0001:00024ff0       __vswprintf_p_l            10025ff0 f   LIBCMTD:vswprnc.obj
 0001:00025040       __itow_s                   10026040 f   LIBCMTD:xtows.obj
 0001:00025420       __ltow_s                   10026420 f   LIBCMTD:xtows.obj
 0001:00025460       __ultow_s                  10026460 f   LIBCMTD:xtows.obj
 0001:00025480       __i64tow_s                 10026480 f   LIBCMTD:xtows.obj
 0001:00025890       __ui64tow_s                10026890 f   LIBCMTD:xtows.obj
 0001:000258b0       __local_unwind4            100268b0 f   LIBCMTD:exsup4.obj
 0001:00025986       __seh_longjmp_unwind4@4    10026986 f   LIBCMTD:exsup4.obj
 0001:000259a2       @_EH4_CallFilterFunc@8     100269a2 f   LIBCMTD:exsup4.obj
 0001:000259b9       @_EH4_TransferToHandler@8  100269b9 f   LIBCMTD:exsup4.obj
 0001:000259d2       @_EH4_GlobalUnwind@4       100269d2 f   LIBCMTD:exsup4.obj
 0001:000259ec       @_EH4_LocalUnwind@16       100269ec f   LIBCMTD:exsup4.obj
 0001:00025a10       __ValidateImageBase        10026a10 f   LIBCMTD:pesect.obj
 0001:00025a70       __FindPESection            10026a70 f   LIBCMTD:pesect.obj
 0001:00025af0       __IsNonwritableInCurrentImage 10026af0 f   LIBCMTD:pesect.obj
 0001:00025c00       __onexit                   10026c00 f   LIBCMTD:onexit.obj
 0001:00025dd0       _atexit                    10026dd0 f   LIBCMTD:onexit.obj
 0001:00025df0       ___onexitinit              10026df0 f   LIBCMTD:onexit.obj
 0001:00025e50       __initp_misc_cfltcvt_tab   10026e50 f   LIBCMTD:cmiscdat.obj
 0001:00025e90       __initp_eh_hooks           10026e90 f   LIBCMTD:hooks.obj
 0001:00025eb0       ?terminate@@YAXXZ          10026eb0 f   LIBCMTD:hooks.obj
 0001:00025f30       ?unexpected@@YAXXZ         10026f30 f   LIBCMTD:hooks.obj
 0001:00025f60       ?_inconsistency@@YAXXZ     10026f60 f   LIBCMTD:hooks.obj
 0001:00025ff0       __initp_misc_rand_s        10026ff0 f   LIBCMTD:rand_s.obj
 0001:00026000       _rand_s                    10027000 f   LIBCMTD:rand_s.obj
 0001:00026220       ___getlocaleinfo           10027220 f   LIBCMTD:inithelp.obj
 0001:000264c0       __initp_misc_purevirt      100274c0 f   LIBCMTD:inithelp.obj
 0001:000264d0       __vswprintf_l              100274d0 f   LIBCMTD:vswprint.obj
 0001:000266a0       __vswprintf                100276a0 f   LIBCMTD:vswprint.obj
 0001:000266c0       ___vswprintf_l             100276c0 f   LIBCMTD:vswprint.obj
 0001:000266e0       __vscwprintf_helper        100276e0 f   LIBCMTD:vswprint.obj
 0001:000267a0       __vscwprintf               100277a0 f   LIBCMTD:vswprint.obj
 0001:000267c0       __vscwprintf_l             100277c0 f   LIBCMTD:vswprint.obj
 0001:000267e0       __vscwprintf_p             100277e0 f   LIBCMTD:vswprint.obj
 0001:00026800       __vscwprintf_p_l           10027800 f   LIBCMTD:vswprint.obj
 0001:00026820       __get_sse2_info            10027820 f   LIBCMTD:cpu_disp.obj
 0001:00026940       ___sse2_available_init     10027940 f   LIBCMTD:cpu_disp.obj
 0001:00026960       ___crtGetStringTypeA       10027960 f   LIBCMTD:a_str.obj
 0001:00026bf0       __MarkAllocaS              10027bf0 f i LIBCMTD:a_str.obj
 0001:00026c10       __freea                    10027c10 f i LIBCMTD:a_str.obj
 0001:00026c80       __isleadbyte_l             10027c80 f i LIBCMTD:_wctype.obj
 0001:00026cd0       _isleadbyte                10027cd0 f i LIBCMTD:_wctype.obj
 0001:00026cf0       __iswalpha_l               10027cf0 f i LIBCMTD:_wctype.obj
 0001:00026d10       _iswalpha                  10027d10 f i LIBCMTD:_wctype.obj
 0001:00026d30       __iswupper_l               10027d30 f i LIBCMTD:_wctype.obj
 0001:00026d50       _iswupper                  10027d50 f i LIBCMTD:_wctype.obj
 0001:00026d70       __iswlower_l               10027d70 f i LIBCMTD:_wctype.obj
 0001:00026d90       _iswlower                  10027d90 f i LIBCMTD:_wctype.obj
 0001:00026db0       __iswdigit_l               10027db0 f i LIBCMTD:_wctype.obj
 0001:00026dd0       _iswdigit                  10027dd0 f i LIBCMTD:_wctype.obj
 0001:00026df0       __iswxdigit_l              10027df0 f i LIBCMTD:_wctype.obj
 0001:00026e10       _iswxdigit                 10027e10 f i LIBCMTD:_wctype.obj
 0001:00026e30       __iswspace_l               10027e30 f i LIBCMTD:_wctype.obj
 0001:00026e50       _iswspace                  10027e50 f i LIBCMTD:_wctype.obj
 0001:00026e70       __iswpunct_l               10027e70 f i LIBCMTD:_wctype.obj
 0001:00026e90       _iswpunct                  10027e90 f i LIBCMTD:_wctype.obj
 0001:00026eb0       __iswalnum_l               10027eb0 f i LIBCMTD:_wctype.obj
 0001:00026ed0       _iswalnum                  10027ed0 f i LIBCMTD:_wctype.obj
 0001:00026ef0       __iswprint_l               10027ef0 f i LIBCMTD:_wctype.obj
 0001:00026f10       _iswprint                  10027f10 f i LIBCMTD:_wctype.obj
 0001:00026f30       __iswgraph_l               10027f30 f i LIBCMTD:_wctype.obj
 0001:00026f50       _iswgraph                  10027f50 f i LIBCMTD:_wctype.obj
 0001:00026f70       __iswcntrl_l               10027f70 f i LIBCMTD:_wctype.obj
 0001:00026f90       _iswcntrl                  10027f90 f i LIBCMTD:_wctype.obj
 0001:00026fb0       _iswascii                  10027fb0 f i LIBCMTD:_wctype.obj
 0001:00026fd0       __iswcsym_l                10027fd0 f i LIBCMTD:_wctype.obj
 0001:00027010       ___iswcsym                 10028010 f i LIBCMTD:_wctype.obj
 0001:00027050       __iswcsymf_l               10028050 f i LIBCMTD:_wctype.obj
 0001:00027090       ___iswcsymf                10028090 f i LIBCMTD:_wctype.obj
 0001:000270d0       ?_JumpToContinuation@@YGXPAXPAUEHRegistrationNode@@@Z 100280d0 f   LIBCMTD:trnsctrl.obj
 0001:00027110       ?_CallMemberFunction0@@YGXPAX0@Z 10028110 f   LIBCMTD:trnsctrl.obj
 0001:00027120       ?_CallMemberFunction1@@YGXPAX00@Z 10028120 f   LIBCMTD:trnsctrl.obj
 0001:00027130       ?_CallMemberFunction2@@YGXPAX00H@Z 10028130 f   LIBCMTD:trnsctrl.obj
 0001:00027140       ?_UnwindNestedFrames@@YGXPAUEHRegistrationNode@@PAUEHExceptionRecord@@@Z 10028140 f   LIBCMTD:trnsctrl.obj
 0001:000271a0       ___CxxFrameHandler         100281a0 f   LIBCMTD:trnsctrl.obj
 0001:000271e0       ___CxxFrameHandler3        100281e0 f   LIBCMTD:trnsctrl.obj
 0001:00027220       ___CxxFrameHandler2        10028220 f   LIBCMTD:trnsctrl.obj
 0001:00027260       ___CxxLongjmpUnwind@4      10028260 f   LIBCMTD:trnsctrl.obj
 0001:00027290       ?_CallCatchBlock2@@YAPAXPAUEHRegistrationNode@@PBU_s_FuncInfo@@PAXHK@Z 10028290 f   LIBCMTD:trnsctrl.obj
 0001:00027350       ?_CallSETranslator@@YAHPAUEHExceptionRecord@@PAUEHRegistrationNode@@PAX2PBU_s_FuncInfo@@H1@Z 10028350 f   LIBCMTD:trnsctrl.obj
 0001:000274f0       ?_GetRangeOfTrysToCheck@@YAPBU_s_TryBlockMapEntry@@PBU_s_FuncInfo@@HHPAI1@Z 100284f0 f   LIBCMTD:trnsctrl.obj
 0001:00027580       __CreateFrameInfo          10028580 f   LIBCMTD:trnsctrl.obj
 0001:000275b0       __IsExceptionObjectToBeDestroyed 100285b0 f   LIBCMTD:trnsctrl.obj
 0001:000275e0       __FindAndUnlinkFrame       100285e0 f   LIBCMTD:trnsctrl.obj
 0001:00027640       ___crtLCMapStringA         10028640 f   LIBCMTD:a_map.obj
 0001:00027bf0       ___pwctype_func            10028bf0 f   LIBCMTD:ctype.obj
 0001:00027c00       ___pctype_func             10028c00 f   LIBCMTD:ctype.obj
 0001:00027c50       ___init_time               10028c50 f   LIBCMTD:inittime.obj
 0001:00028370       ___free_lc_time            10029370 f   LIBCMTD:inittime.obj
 0001:00028680       ___init_numeric            10029680 f   LIBCMTD:initnum.obj
 0001:000289d0       ___free_lconv_num          100299d0 f   LIBCMTD:initnum.obj
 0001:00028a40       ___init_monetary           10029a40 f   LIBCMTD:initmon.obj
 0001:00028f40       ___free_lconv_mon          10029f40 f   LIBCMTD:initmon.obj
 0001:00029030       ___init_ctype              1002a030 f   LIBCMTD:initctyp.obj
 0001:000295e0       ____mb_cur_max_func        1002a5e0 f   LIBCMTD:initctyp.obj
 0001:00029630       ____mb_cur_max_l_func      1002a630 f   LIBCMTD:initctyp.obj
 0001:00029660       ____lc_codepage_func       1002a660 f   LIBCMTD:initctyp.obj
 0001:000296b0       ____lc_collate_cp_func     1002a6b0 f   LIBCMTD:initctyp.obj
 0001:00029700       ____lc_handle_func         1002a700 f   LIBCMTD:initctyp.obj
 0001:00029750       ___init_collate            1002a750 f   LIBCMTD:initcoll.obj
 0001:00029760       __Getdays_l                1002a760 f   LIBCMTD:strftime.obj
 0001:00029920       __Getdays                  1002a920 f   LIBCMTD:strftime.obj
 0001:00029930       __Getmonths_l              1002a930 f   LIBCMTD:strftime.obj
 0001:00029af0       __Getmonths                1002aaf0 f   LIBCMTD:strftime.obj
 0001:00029b00       __Gettnames_l              1002ab00 f   LIBCMTD:strftime.obj
 0001:0002a070       __Gettnames                1002b070 f   LIBCMTD:strftime.obj
 0001:0002a080       __strftime_l               1002b080 f   LIBCMTD:strftime.obj
 0001:0002a0b0       _strftime                  1002b0b0 f   LIBCMTD:strftime.obj
 0001:0002a0e0       __Strftime                 1002b0e0 f   LIBCMTD:strftime.obj
 0001:0002a110       __Strftime_l               1002b110 f   LIBCMTD:strftime.obj
 0001:0002c230       _localeconv                1002d230 f   LIBCMTD:lconv.obj
 0001:0002c280       _strcmp                    1002d280 f   LIBCMTD:strcmp.obj
 0001:0002c310       _strncpy_s                 1002d310 f   LIBCMTD:strncpy_s.obj
 0001:0002c700       _strcspn                   1002d700 f   LIBCMTD:strcspn.obj
 0001:0002c750       _strncmp                   1002d750 f   LIBCMTD:strncmp.obj
 0001:0002c8c0       _strpbrk                   1002d8c0 f   LIBCMTD:strpbrk.obj
 0001:0002c900       _memcmp                    1002d900 f   LIBCMTD:memcmp.obj
 0001:0002d370       ___get_qualified_locale    1002e370 f   LIBCMTD:getqloc.obj
 0001:0002e1e0       __ismbbkalnum_l            1002f1e0 f   LIBCMTD:ismbbyte.obj
 0001:0002e200       __ismbbkalnum              1002f200 f   LIBCMTD:ismbbyte.obj
 0001:0002e220       __ismbbkprint_l            1002f220 f   LIBCMTD:ismbbyte.obj
 0001:0002e240       __ismbbkprint              1002f240 f   LIBCMTD:ismbbyte.obj
 0001:0002e260       __ismbbkpunct_l            1002f260 f   LIBCMTD:ismbbyte.obj
 0001:0002e280       __ismbbkpunct              1002f280 f   LIBCMTD:ismbbyte.obj
 0001:0002e2a0       __ismbbalnum_l             1002f2a0 f   LIBCMTD:ismbbyte.obj
 0001:0002e2c0       __ismbbalnum               1002f2c0 f   LIBCMTD:ismbbyte.obj
 0001:0002e2e0       __ismbbalpha_l             1002f2e0 f   LIBCMTD:ismbbyte.obj
 0001:0002e300       __ismbbalpha               1002f300 f   LIBCMTD:ismbbyte.obj
 0001:0002e320       __ismbbgraph_l             1002f320 f   LIBCMTD:ismbbyte.obj
 0001:0002e340       __ismbbgraph               1002f340 f   LIBCMTD:ismbbyte.obj
 0001:0002e360       __ismbbprint_l             1002f360 f   LIBCMTD:ismbbyte.obj
 0001:0002e380       __ismbbprint               1002f380 f   LIBCMTD:ismbbyte.obj
 0001:0002e3a0       __ismbbpunct_l             1002f3a0 f   LIBCMTD:ismbbyte.obj
 0001:0002e3c0       __ismbbpunct               1002f3c0 f   LIBCMTD:ismbbyte.obj
 0001:0002e3e0       __ismbblead_l              1002f3e0 f   LIBCMTD:ismbbyte.obj
 0001:0002e400       __ismbblead                1002f400 f   LIBCMTD:ismbbyte.obj
 0001:0002e420       __ismbbtrail_l             1002f420 f   LIBCMTD:ismbbyte.obj
 0001:0002e440       __ismbbtrail               1002f440 f   LIBCMTD:ismbbyte.obj
 0001:0002e460       __ismbbkana_l              1002f460 f   LIBCMTD:ismbbyte.obj
 0001:0002e4d0       __ismbbkana                1002f4d0 f   LIBCMTD:ismbbyte.obj
 0001:0002e5b0       __lseeki64                 1002f5b0 f   LIBCMTD:lseeki64.obj
 0001:0002e800       __lseeki64_nolock          1002f800 f   LIBCMTD:lseeki64.obj
 0001:0002e8f0       __write                    1002f8f0 f   LIBCMTD:write.obj
 0001:0002eb10       __write_nolock             1002fb10 f   LIBCMTD:write.obj
 0001:0002f530       __getbuf                   10030530 f   LIBCMTD:_getbuf.obj
 0001:0002f5f0       __isatty                   100305f0 f   LIBCMTD:isatty.obj
 0001:0002f6d0       ___iob_func                100306d0 f   LIBCMTD:_file.obj
 0001:0002f6e0       ___initstdio               100306e0 f   LIBCMTD:_file.obj
 0001:0002f830       ___endstdio                10030830 f   LIBCMTD:_file.obj
 0001:0002f860       __lock_file                10030860 f   LIBCMTD:_file.obj
 0001:0002f8a0       __lock_file2               100308a0 f   LIBCMTD:_file.obj
 0001:0002f8d0       __unlock_file              100308d0 f   LIBCMTD:_file.obj
 0001:0002f910       __unlock_file2             10030910 f   LIBCMTD:_file.obj
 0001:0002f940       __fileno                   10030940 f   LIBCMTD:fileno.obj
 0001:0002f9b0       _printf                    100309b0 f   LIBCMTD:printf.obj
 0001:0002faf0       __printf_l                 10030af0 f   LIBCMTD:printf.obj
 0001:0002fb20       __printf_s_l               10030b20 f   LIBCMTD:printf.obj
 0001:0002fb50       _printf_s                  10030b50 f   LIBCMTD:printf.obj
 0001:0002fb70       __printf_p_l               10030b70 f   LIBCMTD:printf.obj
 0001:0002fba0       __printf_p                 10030ba0 f   LIBCMTD:printf.obj
 0001:0002fbc0       __set_printf_count_output  10030bc0 f   LIBCMTD:printf.obj
 0001:0002fc10       __get_printf_count_output  10030c10 f   LIBCMTD:printf.obj
 0001:0002fc30       __wctomb_s_l               10030c30 f   LIBCMTD:wctomb.obj
 0001:0002ff30       _wctomb_s                  10030f30 f   LIBCMTD:wctomb.obj
 0001:0002ff50       __wctomb_l                 10030f50 f   LIBCMTD:wctomb.obj
 0001:0002ffd0       _wctomb                    10030fd0 f   LIBCMTD:wctomb.obj
 0001:00030020       __aullrem                  10031020 f   LIBCMTD:ullrem.obj
 0001:000300a0       __mbtowc_l                 100310a0 f   LIBCMTD:mbtowc.obj
 0001:000302c0       _mbtowc                    100312c0 f   LIBCMTD:mbtowc.obj
 0001:000302e0       _fputwc                    100312e0 f   LIBCMTD:fputwc.obj
 0001:000303e0       __fputwc_nolock            100313e0 f   LIBCMTD:fputwc.obj
 0001:000307c0       _putwc                     100317c0 f   LIBCMTD:fputwc.obj
 0001:000307e0       __set_error_mode           100317e0 f   LIBCMTD:errmode.obj
 0001:000308a0       ___set_app_type            100318a0 f   LIBCMTD:errmode.obj
 0001:000308b0       ___get_app_type            100318b0 f   LIBCMTD:errmode.obj
 0001:000308c0       ___crtMessageBoxA          100318c0 f   LIBCMTD:crtmbox.obj
 0001:00030b20       __mbsnbcpy_s               10031b20 f   LIBCMTD:mbsnbcpy_s.obj
 0001:00030b40       _memmove                   10031b40 f   LIBCMTD:memmove.obj
 0001:00030eb0       __vsprintf_l               10031eb0 f   LIBCMTD:vsprintf.obj
 0001:00031020       _vsprintf                  10032020 f   LIBCMTD:vsprintf.obj
 0001:00031040       __vscprintf_helper         10032040 f   LIBCMTD:vsprintf.obj
 0001:00031100       __vscprintf                10032100 f   LIBCMTD:vsprintf.obj
 0001:00031120       __vscprintf_l              10032120 f   LIBCMTD:vsprintf.obj
 0001:00031140       __vscprintf_p              10032140 f   LIBCMTD:vsprintf.obj
 0001:00031160       __vscprintf_p_l            10032160 f   LIBCMTD:vsprintf.obj
 0001:00031180       __output_s_l               10032180 f   LIBCMTD:outputs.obj
 0001:00032730       __validate_param_reuseA    10033730 f   LIBCMTD:outputp.obj
 0001:000329a0       __output_p_l               100339a0 f   LIBCMTD:outputp.obj
 0001:00036580       _get_crtdouble_arg         10037580 f i LIBCMTD:outputp.obj
 0001:000365a0       __woutput_s_l              100375a0 f   LIBCMTD:woutputs.obj
 0001:000378a0       __validate_param_reuseW    100388a0 f   LIBCMTD:woutputp.obj
 0001:00037b10       __woutput_p_l              10038b10 f   LIBCMTD:woutputp.obj
 0001:0003b240       __global_unwind2           1003c240 f   LIBCMTD:exsup.obj
 0001:0003b2a5       __local_unwind2            1003c2a5 f   LIBCMTD:exsup.obj
 0001:0003b329       __abnormal_termination     1003c329 f   LIBCMTD:exsup.obj
 0001:0003b34c       __NLG_Notify1              1003c34c f   LIBCMTD:exsup.obj
 0001:0003b355       __NLG_Notify               1003c355 f   LIBCMTD:exsup.obj
 0001:0003b36c       __NLG_Dispatch2            1003c36c     LIBCMTD:exsup.obj
 0001:0003b36c       __NLG_Dispatch             1003c36c     LIBCMTD:exsup.obj
 0001:0003b374       __NLG_Call                 1003c374 f   LIBCMTD:exsup.obj
 0001:0003b376       __NLG_Return2              1003c376     LIBCMTD:exsup.obj
 0001:0003b380       __fptrap                   1003c380 f   LIBCMTD:crt0fp.obj
 0001:0003b390       _abort                     1003c390 f   LIBCMTD:abort.obj
 0001:0003b4d0       __set_abort_behavior       1003c4d0 f   LIBCMTD:abort.obj
 0001:0003b500       ___crtGetLocaleInfoW       1003c500 f   LIBCMTD:w_loc.obj
 0001:0003b6d0       ___crtGetLocaleInfoA       1003c6d0 f   LIBCMTD:a_loc.obj
 0001:0003b8b0       ___ansicp                  1003c8b0 f   LIBCMTD:convrtcp.obj
 0001:0003b910       ___convertcp               1003c910 f   LIBCMTD:convrtcp.obj
 0001:0003bb50       __iswctype_l               1003cb50 f   LIBCMTD:iswctype.obj
 0001:0003bc00       _iswctype                  1003cc00 f   LIBCMTD:iswctype.obj
 0001:0003bc90       _is_wctype                 1003cc90 f   LIBCMTD:iswctype.obj
 0001:0003bcb0       ___InternalCxxFrameHandler 1003ccb0 f   LIBCMTD:frame.obj
 0001:0003c2a0       ??0bad_exception@std@@QAE@PBD@Z 1003d2a0 f i LIBCMTD:frame.obj
 0001:0003c2d0       ??1bad_exception@std@@UAE@XZ 1003d2d0 f i LIBCMTD:frame.obj
 0001:0003c2f0       ??_Gbad_exception@std@@UAEPAXI@Z 1003d2f0 f i LIBCMTD:frame.obj
 0001:0003c2f0       ??_Ebad_exception@std@@UAEPAXI@Z 1003d2f0 f i LIBCMTD:frame.obj
 0001:0003c320       ??0bad_exception@std@@QAE@ABV01@@Z 1003d320 f i LIBCMTD:frame.obj
 0001:0003c4d0       ___TypeMatch               1003d4d0 f   LIBCMTD:frame.obj
 0001:0003c580       ___FrameUnwindFilter       1003d580 f   LIBCMTD:frame.obj
 0001:0003c5f0       ___FrameUnwindToState      1003d5f0 f   LIBCMTD:frame.obj
 0001:0003cb30       ___BuildCatchObjectHelper  1003db30 f   LIBCMTD:frame.obj
 0001:0003cda0       ___BuildCatchObject        1003dda0 f   LIBCMTD:frame.obj
 0001:0003ceb0       ___DestructExceptionObject 1003deb0 f   LIBCMTD:frame.obj
 0001:0003cf60       ___AdjustPointer           1003df60 f   LIBCMTD:frame.obj
 0001:0003cfb0       ?__uncaught_exception@@YA_NXZ 1003dfb0 f   LIBCMTD:frame.obj
 0001:0003cfd0       ___CxxExceptionFilter      1003dfd0 f   LIBCMTD:frame.obj
 0001:0003d1c0       ___CxxRegisterExceptionObject 1003e1c0 f   LIBCMTD:frame.obj
 0001:0003d2f0       ___CxxDetectRethrow        1003e2f0 f   LIBCMTD:frame.obj
 0001:0003d370       ___CxxUnregisterExceptionObject 1003e370 f   LIBCMTD:frame.obj
 0001:0003d4f0       ___CxxQueryExceptionSize   1003e4f0 f   LIBCMTD:frame.obj
 0001:0003d500       ___CxxCallUnwindDtor       1003e500 f   LIBCMTD:frame.obj
 0001:0003d580       ___CxxCallUnwindDelDtor    1003e580 f   LIBCMTD:frame.obj
 0001:0003d600       ___CxxCallUnwindStdDelDtor 1003e600 f   LIBCMTD:frame.obj
 0001:0003d680       ___CxxCallUnwindVecDtor    1003e680 f   LIBCMTD:frame.obj
 0001:0003d8a0       ?_is_exception_typeof@@YAHABVtype_info@@PAU_EXCEPTION_POINTERS@@@Z 1003e8a0 f   LIBCMTD:frame.obj
 0001:0003d980       __CallSettingFrame@12      1003e980 f   LIBCMTD:lowhelpr.obj
 0001:0003d9a7       __NLG_Return               1003e9a7     LIBCMTD:lowhelpr.obj
 0001:0003d9d0       __get_daylight             1003e9d0 f   LIBCMTD:timeset.obj
 0001:0003da50       __get_dstbias              1003ea50 f   LIBCMTD:timeset.obj
 0001:0003dad0       __get_timezone             1003ead0 f   LIBCMTD:timeset.obj
 0001:0003db50       __get_tzname               1003eb50 f   LIBCMTD:timeset.obj
 0001:0003dd20       ___daylight                1003ed20 f   LIBCMTD:timeset.obj
 0001:0003dd30       ___dstbias                 1003ed30 f   LIBCMTD:timeset.obj
 0001:0003dd40       ___timezone                1003ed40 f   LIBCMTD:timeset.obj
 0001:0003dd50       ___tzname                  1003ed50 f   LIBCMTD:timeset.obj
 0001:0003dd60       ___tzset                   1003ed60 f   LIBCMTD:tzset.obj
 0001:0003ddf0       __tzset                    1003edf0 f   LIBCMTD:tzset.obj
 0001:0003e3a0       __set_daylight             1003f3a0 f i LIBCMTD:tzset.obj
 0001:0003e3b0       __set_dstbias              1003f3b0 f i LIBCMTD:tzset.obj
 0001:0003e3c0       __set_timezone             1003f3c0 f i LIBCMTD:tzset.obj
 0001:0003e3d0       __isindst                  1003f3d0 f   LIBCMTD:tzset.obj
 0001:0003ea30       __stricmp_l                1003fa30 f   LIBCMTD:stricmp.obj
 0001:0003ebe0       ___ascii_stricmp           1003fbe0 f   LIBCMTD:stricmp.obj
 0001:0003ec50       __stricmp                  1003fc50 f   LIBCMTD:stricmp.obj
 0001:0003ed60       __strnicmp_l               1003fd60 f   LIBCMTD:strnicmp.obj
 0001:0003efa0       __strnicmp                 1003ffa0 f   LIBCMTD:strnicmp.obj
 0001:0003f130       _atol                      10040130 f   LIBCMTD:atox.obj
 0001:0003f150       __atol_l                   10040150 f   LIBCMTD:atox.obj
 0001:0003f170       _atoi                      10040170 f   LIBCMTD:atox.obj
 0001:0003f190       __atoi_l                   10040190 f   LIBCMTD:atox.obj
 0001:0003f1b0       __atoi64                   100401b0 f   LIBCMTD:atox.obj
 0001:0003f1d0       __atoi64_l                 100401d0 f   LIBCMTD:atox.obj
 0001:0003f1f0       __alloc_osfhnd             100401f0 f   LIBCMTD:osfinfo.obj
 0001:0003f4a0       __set_osfhnd               100404a0 f   LIBCMTD:osfinfo.obj
 0001:0003f570       __free_osfhnd              10040570 f   LIBCMTD:osfinfo.obj
 0001:0003f660       __get_osfhandle            10040660 f   LIBCMTD:osfinfo.obj
 0001:0003f7c0       __open_osfhandle           100407c0 f   LIBCMTD:osfinfo.obj
 0001:0003f9f0       ___lock_fhandle            100409f0 f   LIBCMTD:osfinfo.obj
 0001:0003faf0       __unlock_fhandle           10040af0 f   LIBCMTD:osfinfo.obj
 0001:0003fb20       __putwch                   10040b20 f   LIBCMTD:putwch.obj
 0001:0003fbb0       __putwch_nolock            10040bb0 f   LIBCMTD:putwch.obj
 0001:0003fcb0       __cputws                   10040cb0 f   LIBCMTD:putwch.obj
 0001:0003fdf0       _DebuggerKnownHandle       10040df0 f   LIBCMTD:error.obj
 0001:0003fe90       ?_RTC_Failure@@YAXPAXH@Z   10040e90 f   LIBCMTD:error.obj
 0001:000401c0       ?_RTC_StackFailure@@YAXPAXPBD@Z 100411c0 f   LIBCMTD:error.obj
 0001:000402e0       ?_RTC_AllocaFailure@@YAXPAXPAU_RTC_ALLOCA_NODE@@H@Z 100412e0 f   LIBCMTD:error.obj
 0001:000404a0       __RTC_UninitUse            100414a0 f   LIBCMTD:error.obj
 0001:000405b0       __fcloseall                100415b0 f   LIBCMTD:closeall.obj
 0001:000406e0       _fflush                    100416e0 f   LIBCMTD:fflush.obj
 0001:00040780       __fflush_nolock            10041780 f   LIBCMTD:fflush.obj
 0001:000407e0       __flush                    100417e0 f   LIBCMTD:fflush.obj
 0001:000408a0       __flushall                 100418a0 f   LIBCMTD:fflush.obj
 0001:00040a50       __stbuf                    10041a50 f   LIBCMTD:_sftbuf.obj
 0001:00040bb0       __ftbuf                    10041bb0 f   LIBCMTD:_sftbuf.obj
 0001:00040c40       _vprintf_helper            10041c40 f   LIBCMTD:vprintf.obj
 0001:00040d60       __vprintf_l                10041d60 f   LIBCMTD:vprintf.obj
 0001:00040d80       __vprintf_s_l              10041d80 f   LIBCMTD:vprintf.obj
 0001:00040da0       __vprintf_p_l              10041da0 f   LIBCMTD:vprintf.obj
 0001:00040dc0       _vprintf                   10041dc0 f   LIBCMTD:vprintf.obj
 0001:00040de0       _vprintf_s                 10041de0 f   LIBCMTD:vprintf.obj
 0001:00040e00       __vprintf_p                10041e00 f   LIBCMTD:vprintf.obj
 0001:00040e20       __flswbuf                  10041e20 f   LIBCMTD:_flswbuf.obj
 0001:00041100       __mbsnbcpy_s_l             10042100 f   LIBCMTD:mbsnbcpy_s_l.obj
 0001:00041780       _strtol                    10042780 f   LIBCMTD:strtol.obj
 0001:00041cb0       __strtol_l                 10042cb0 f   LIBCMTD:strtol.obj
 0001:00041cd0       _strtoul                   10042cd0 f   LIBCMTD:strtol.obj
 0001:00041d20       __strtoul_l                10042d20 f   LIBCMTD:strtol.obj
 0001:00041d40       _wcstol                    10042d40 f   LIBCMTD:wcstol.obj
 0001:000421c0       __wcstol_l                 100431c0 f   LIBCMTD:wcstol.obj
 0001:000421e0       _wcstoul                   100431e0 f   LIBCMTD:wcstol.obj
 0001:00042230       __wcstoul_l                10043230 f   LIBCMTD:wcstol.obj
 0001:00042250       ___crtGetStringTypeW       10043250 f   LIBCMTD:w_str.obj
 0001:00042550       ?__CxxUnhandledExceptionFilter@@YGJPAU_EXCEPTION_POINTERS@@@Z 10043550 f   LIBCMTD:unhandld.obj
 0001:00042600       ?__CxxSetUnhandledExceptionFilter@@YAHXZ 10043600 f   LIBCMTD:unhandld.obj
 0001:00042630       ?__CxxRestoreUnhandledExceptionFilter@@YAXXZ 10043630 f   LIBCMTD:unhandld.obj
 0001:00042670       ?_ValidateRead@@YAHPBXI@Z  10043670 f   LIBCMTD:validate.obj
 0001:00042690       ?_ValidateWrite@@YAHPAXI@Z 10043690 f   LIBCMTD:validate.obj
 0001:000426b0       ?_ValidateExecute@@YAHP6GHXZ@Z 100436b0 f   LIBCMTD:validate.obj
 0001:000426d0       __CxxThrowException@8      100436d0 f   LIBCMTD:throw.obj
 0001:00042730       ?name@type_info@@QBEPBDPAU__type_info_node@@@Z 10043730 f   LIBCMTD:typinfo.obj
 0001:00042750       ??1type_info@@UAE@XZ       10043750 f   LIBCMTD:typinfo.obj
 0001:00042770       ??_Etype_info@@UAEPAXI@Z   10043770 f i LIBCMTD:typinfo.obj
 0001:00042770       ??_Gtype_info@@UAEPAXI@Z   10043770 f i LIBCMTD:typinfo.obj
 0001:000427a0       ?_name_internal_method@type_info@@QBEPBDPAU__type_info_node@@@Z 100437a0 f   LIBCMTD:typinfo.obj
 0001:000427c0       ?_type_info_dtor_internal_method@type_info@@QAEXXZ 100437c0 f   LIBCMTD:typinfo.obj
 0001:000427e0       ??8type_info@@QBE_NABV0@@Z 100437e0 f   LIBCMTD:typinfo.obj
 0001:00042810       ??9type_info@@QBE_NABV0@@Z 10043810 f   LIBCMTD:typinfo.obj
 0001:00042840       ?before@type_info@@QBEHABV1@@Z 10043840 f   LIBCMTD:typinfo.obj
 0001:00042870       ?raw_name@type_info@@QBEPBDXZ 10043870 f   LIBCMTD:typinfo.obj
 0001:00042890       ??0type_info@@AAE@ABV0@@Z  10043890 f   LIBCMTD:typinfo.obj
 0001:000428b0       ??4type_info@@AAEAAV0@ABV0@@Z 100438b0 f   LIBCMTD:typinfo.obj
 0001:000428c0       ??0exception@std@@QAE@XZ   100438c0 f   LIBCMTD:stdexcpt.obj
 0001:000428f0       ??_Gexception@std@@UAEPAXI@Z 100438f0 f i LIBCMTD:stdexcpt.obj
 0001:000428f0       ??_Eexception@std@@UAEPAXI@Z 100438f0 f i LIBCMTD:stdexcpt.obj
 0001:00042920       ??0exception@std@@QAE@ABQBD@Z 10043920 f   LIBCMTD:stdexcpt.obj
 0001:000429b0       ??0exception@std@@QAE@ABQBDH@Z 100439b0 f   LIBCMTD:stdexcpt.obj
 0001:000429e0       ??0exception@std@@QAE@ABV01@@Z 100439e0 f   LIBCMTD:stdexcpt.obj
 0001:00042a80       ??4exception@std@@QAEAAV01@ABV01@@Z 10043a80 f   LIBCMTD:stdexcpt.obj
 0001:00042b20       ??1exception@std@@UAE@XZ   10043b20 f   LIBCMTD:stdexcpt.obj
 0001:00042b50       ?what@exception@std@@UBEPBDXZ 10043b50 f   LIBCMTD:stdexcpt.obj
 0001:00042b80       ??0bad_cast@std@@QAE@PBD@Z 10043b80 f   LIBCMTD:stdexcpt.obj
 0001:00042bb0       ??_Ebad_cast@std@@UAEPAXI@Z 10043bb0 f i LIBCMTD:stdexcpt.obj
 0001:00042bb0       ??_Gbad_cast@std@@UAEPAXI@Z 10043bb0 f i LIBCMTD:stdexcpt.obj
 0001:00042be0       ??0bad_cast@std@@QAE@ABV01@@Z 10043be0 f   LIBCMTD:stdexcpt.obj
 0001:00042c10       ??1bad_cast@std@@UAE@XZ    10043c10 f   LIBCMTD:stdexcpt.obj
 0001:00042c30       ??0bad_typeid@std@@QAE@PBD@Z 10043c30 f   LIBCMTD:stdexcpt.obj
 0001:00042c60       ??_Gbad_typeid@std@@UAEPAXI@Z 10043c60 f i LIBCMTD:stdexcpt.obj
 0001:00042c60       ??_Ebad_typeid@std@@UAEPAXI@Z 10043c60 f i LIBCMTD:stdexcpt.obj
 0001:00042c90       ??0bad_typeid@std@@QAE@ABV01@@Z 10043c90 f   LIBCMTD:stdexcpt.obj
 0001:00042cc0       ??1bad_typeid@std@@UAE@XZ  10043cc0 f   LIBCMTD:stdexcpt.obj
 0001:00042ce0       ??0__non_rtti_object@std@@QAE@PBD@Z 10043ce0 f   LIBCMTD:stdexcpt.obj
 0001:00042d10       ??_E__non_rtti_object@std@@UAEPAXI@Z 10043d10 f i LIBCMTD:stdexcpt.obj
 0001:00042d10       ??_G__non_rtti_object@std@@UAEPAXI@Z 10043d10 f i LIBCMTD:stdexcpt.obj
 0001:00042d40       ??0__non_rtti_object@std@@QAE@ABV01@@Z 10043d40 f   LIBCMTD:stdexcpt.obj
 0001:00042d70       ??1__non_rtti_object@std@@UAE@XZ 10043d70 f   LIBCMTD:stdexcpt.obj
 0001:00042d90       ??3@YAXPAX@Z               10043d90 f   LIBCMTD:dbgdel.obj
 0001:00042e80       _getenv                    10043e80 f   LIBCMTD:getenv.obj
 0001:00042fd0       __getenv_helper_nolock     10043fd0 f   LIBCMTD:getenv.obj
 0001:000430f0       _getenv_s                  100440f0 f   LIBCMTD:getenv.obj
 0001:00043320       __dupenv_s                 10044320 f   LIBCMTD:getenv.obj
 0001:00043340       __dupenv_s_dbg             10044340 f   LIBCMTD:getenv.obj
 0001:00043590       __tolower                  10044590 f   LIBCMTD:tolower.obj
 0001:000435a0       __tolower_l                100445a0 f   LIBCMTD:tolower.obj
 0001:00043780       _tolower                   10044780 f   LIBCMTD:tolower.obj
 0001:000437d0       ___ascii_strnicmp          100447d0 f   LIBCMTD:_strnicm.obj
 0001:00043840       __strtoi64                 10044840 f   LIBCMTD:strtoq.obj
 0001:00043db0       __strtoi64_l               10044db0 f   LIBCMTD:strtoq.obj
 0001:00043dd0       __strtoui64                10044dd0 f   LIBCMTD:strtoq.obj
 0001:00043e20       __strtoui64_l              10044e20 f   LIBCMTD:strtoq.obj
 0001:00043e40       ___initconin               10044e40 f   LIBCMTD:initcon.obj
 0001:00043e70       ___initconout              10044e70 f   LIBCMTD:initcon.obj
 0001:00043ea0       ___termcon                 10044ea0 f   LIBCMTD:initcon.obj
 0001:00043ef0       ?_RTC_GetSrcLine@@YAHPAEPA_WKPAH1K@Z 10044ef0 f   LIBCMTD:pdblkup.obj
 0001:00044380       __RTC_NumErrors            10045380 f   LIBCMTD:userapi.obj
 0001:00044390       __RTC_GetErrDesc           10045390 f   LIBCMTD:userapi.obj
 0001:000443b0       __RTC_SetErrorType         100453b0 f   LIBCMTD:userapi.obj
 0001:000443e0       __RTC_SetErrorFunc         100453e0 f   LIBCMTD:userapi.obj
 0001:00044400       __RTC_SetErrorFuncW        10045400 f   LIBCMTD:userapi.obj
 0001:00044420       ?_RTC_GetErrorFunc@@YAP6AHHPBDH00ZZPBX@Z 10045420 f   LIBCMTD:userapi.obj
 0001:00044430       ?_RTC_GetErrorFuncW@@YAP6AHHPB_WH00ZZPBX@Z 10045430 f   LIBCMTD:userapi.obj
 0001:00044440       _fclose                    10045440 f   LIBCMTD:fclose.obj
 0001:00044550       __fclose_nolock            10045550 f   LIBCMTD:fclose.obj
 0001:00044650       __commit                   10045650 f   LIBCMTD:commit.obj
 0001:00044870       __wchartodigit             10045870 f   LIBCMTD:wchtodig.obj
 0001:00044b90       ?_Type_info_dtor@type_info@@CAXPAV1@@Z 10045b90 f   LIBCMTD:typname.obj
 0001:00044ca0       ?_Name_base@type_info@@CAPBDPBV1@PAU__type_info_node@@@Z 10045ca0 f   LIBCMTD:typname.obj
 0001:00044e40       ?_Type_info_dtor_internal@type_info@@CAXPAV1@@Z 10045e40 f   LIBCMTD:typname.obj
 0001:00044f50       ___unDNameHelper           10045f50 f   LIBCMTD:typname.obj
 0001:00044f90       ?_Name_base_internal@type_info@@CAPBDPBV1@PAU__type_info_node@@@Z 10045f90 f   LIBCMTD:typname.obj
 0001:00045130       ___clean_type_info_names_internal 10046130 f   LIBCMTD:typname.obj
 0001:000451e0       _strnlen                   100461e0 f   LIBCMTD:strlen_s.obj
 0001:00045220       __mbsnbicoll_l             10046220 f   LIBCMTD:mbsnbico.obj
 0001:00045460       __mbsnbicoll               10046460 f   LIBCMTD:mbsnbico.obj
 0001:00045480       ___wtomb_environ           10046480 f   LIBCMTD:wtombenv.obj
 0001:00045570       __allmul                   10046570 f   LIBCMTD:llmul.obj
 0001:000455b0       __close                    100465b0 f   LIBCMTD:close.obj
 0001:000457c0       __close_nolock             100467c0 f   LIBCMTD:close.obj
 0001:00045890       __freebuf                  10046890 f   LIBCMTD:_freebuf.obj
 0001:00045920       ___unDName                 10046920 f   LIBCMTD:undname.obj
 0001:00045a00       ?Constructor@HeapManager@@QAEXP6APAXI@ZP6AXPAX@Z@Z 10046a00 f i LIBCMTD:undname.obj
 0001:00045a40       ?Destructor@HeapManager@@QAEXXZ 10046a40 f i LIBCMTD:undname.obj
 0001:00045a90       ___unDNameEx               10046a90 f   LIBCMTD:undname.obj
 0001:00045b70       ??0UnDecorator@@QAE@PADPBDHP6APADJ@ZK@Z 10046b70 f i LIBCMTD:undname.obj
 0001:00045c10       ??BUnDecorator@@QAEPADXZ   10046c10 f i LIBCMTD:undname.obj
 0001:00045e40       ?dbGetString@DName@@QBEPADXZ 10046e40 f   LIBCMTD:undname.obj
 0001:00045e60       ?getDecoratedName@UnDecorator@@CA?AVDName@@XZ 10046e60 f   LIBCMTD:undname.obj
 0001:00046170       ?getSymbolName@UnDecorator@@CA?AVDName@@XZ 10047170 f i LIBCMTD:undname.obj
 0001:000461e0       ?getZName@UnDecorator@@CA?AVDName@@_N@Z 100471e0 f   LIBCMTD:undname.obj
 0001:00046450       ?getOperatorName@UnDecorator@@CA?AVDName@@_NPA_N@Z 10047450 f i LIBCMTD:undname.obj
 0001:00046d60       ?getStringEncoding@UnDecorator@@CA?AVDName@@PADH@Z 10047d60 f   LIBCMTD:undname.obj
 0001:00046e60       ?getScope@UnDecorator@@CA?AVDName@@XZ 10047e60 f   LIBCMTD:undname.obj
 0001:00047240       ?getSignedDimension@UnDecorator@@CA?AVDName@@XZ 10048240 f   LIBCMTD:undname.obj
 0001:000472c0       ?getDimension@UnDecorator@@CA?AVDName@@_N@Z 100482c0 f   LIBCMTD:undname.obj
 0001:00047570       ?getNumberOfDimensions@UnDecorator@@CAHXZ 10048570 f   LIBCMTD:undname.obj
 0001:00047670       ?getTemplateName@UnDecorator@@CA?AVDName@@_N@Z 10048670 f   LIBCMTD:undname.obj
 0001:00047850       ?getTemplateArgumentList@UnDecorator@@CA?AVDName@@XZ 10048850 f   LIBCMTD:undname.obj
 0001:00047ad0       ?getTemplateConstant@UnDecorator@@CA?AVDName@@XZ 10048ad0 f   LIBCMTD:undname.obj
 0001:00047f60       ?composeDeclaration@UnDecorator@@CA?AVDName@@ABV2@@Z 10048f60 f i LIBCMTD:undname.obj
 0001:00049560       ?getTypeEncoding@UnDecorator@@CAHXZ 1004a560 f i LIBCMTD:undname.obj
 0001:00049ef0       ?getBasedType@UnDecorator@@CA?AVDName@@XZ 1004aef0 f   LIBCMTD:undname.obj
 0001:00049fb0       ?getScopedName@UnDecorator@@CA?AVDName@@XZ 1004afb0 f   LIBCMTD:undname.obj
 0001:0004a0d0       ?getCallingConvention@UnDecorator@@CA?AVDName@@XZ 1004b0d0 f   LIBCMTD:undname.obj
 0001:0004a230       ?getReturnType@UnDecorator@@CA?AVDName@@PAV2@@Z 1004b230 f   LIBCMTD:undname.obj
 0001:0004a280       ?getDataType@UnDecorator@@CA?AVDName@@PAV2@@Z 1004b280 f   LIBCMTD:undname.obj
 0001:0004a390       ?getPrimaryDataType@UnDecorator@@CA?AVDName@@ABV2@@Z 1004b390 f   LIBCMTD:undname.obj
 0001:0004a630       ?getArgumentTypes@UnDecorator@@CA?AVDName@@XZ 1004b630 f   LIBCMTD:undname.obj
 0001:0004a790       ?getArgumentList@UnDecorator@@CA?AVDName@@XZ 1004b790 f   LIBCMTD:undname.obj
 0001:0004a8c0       ?getThrowTypes@UnDecorator@@CA?AVDName@@XZ 1004b8c0 f   LIBCMTD:undname.obj
 0001:0004a970       ?getBasicDataType@UnDecorator@@CA?AVDName@@ABV2@@Z 1004b970 f   LIBCMTD:undname.obj
 0001:0004aec0       ?getECSUDataType@UnDecorator@@CA?AVDName@@XZ 1004bec0 f   LIBCMTD:undname.obj
 0001:0004b090       ?getECSUName@UnDecorator@@CA?AVDName@@XZ 1004c090 f i LIBCMTD:undname.obj
 0001:0004b0b0       ?getEnumType@UnDecorator@@CA?AVDName@@XZ 1004c0b0 f i LIBCMTD:undname.obj
 0001:0004b200       ?getFunctionIndirectType@UnDecorator@@CA?AVDName@@ABV2@@Z 1004c200 f   LIBCMTD:undname.obj
 0001:0004b640       ?getPtrRefType@UnDecorator@@CA?AVDName@@ABV2@0D@Z 1004c640 f   LIBCMTD:undname.obj
 0001:0004b7a0       ?getExtendedDataIndirectType@UnDecorator@@CA?AVDName@@AADAA_NH@Z 1004c7a0 f   LIBCMTD:undname.obj
 0001:0004b930       ?getDataIndirectType@UnDecorator@@CA?AVDName@@ABV2@D0H@Z 1004c930 f   LIBCMTD:undname.obj
 0001:0004c020       ?getPtrRefDataType@UnDecorator@@CA?AVDName@@ABV2@H@Z 1004d020 f i LIBCMTD:undname.obj
 0001:0004c160       ?getArrayType@UnDecorator@@CA?AVDName@@ABV2@@Z 1004d160 f i LIBCMTD:undname.obj
 0001:0004c380       ?getLexicalFrame@UnDecorator@@CA?AVDName@@XZ 1004d380 f i LIBCMTD:undname.obj
 0001:0004c3c0       ?getThisType@UnDecorator@@CA?AVDName@@XZ 1004d3c0 f i LIBCMTD:undname.obj
 0001:0004c3f0       ?getPointerType@UnDecorator@@CA?AVDName@@ABV2@0@Z 1004d3f0 f i LIBCMTD:undname.obj
 0001:0004c410       ?getPointerTypeArray@UnDecorator@@CA?AVDName@@ABV2@0@Z 1004d410 f i LIBCMTD:undname.obj
 0001:0004c430       ?getReferenceType@UnDecorator@@CA?AVDName@@ABV2@0@Z 1004d430 f i LIBCMTD:undname.obj
 0001:0004c450       ?getDisplacement@UnDecorator@@CA?AVDName@@XZ 1004d450 f i LIBCMTD:undname.obj
 0001:0004c470       ?getCallIndex@UnDecorator@@CA?AVDName@@XZ 1004d470 f i LIBCMTD:undname.obj
 0001:0004c490       ?getGuardNumber@UnDecorator@@CA?AVDName@@XZ 1004d490 f i LIBCMTD:undname.obj
 0001:0004c4b0       ?getVbTableType@UnDecorator@@CA?AVDName@@ABV2@@Z 1004d4b0 f i LIBCMTD:undname.obj
 0001:0004c4d0       ?getVCallThunkType@UnDecorator@@CA?AVDName@@XZ 1004d4d0 f i LIBCMTD:undname.obj
 0001:0004c530       ?getVfTableType@UnDecorator@@CA?AVDName@@ABV2@@Z 1004d530 f i LIBCMTD:undname.obj
 0001:0004c6f0       ?getStorageConvention@UnDecorator@@CA?AVDName@@XZ 1004d6f0 f i LIBCMTD:undname.obj
 0001:0004c710       ?getDataIndirectType@UnDecorator@@CA?AVDName@@XZ 1004d710 f i LIBCMTD:undname.obj
 0001:0004c740       ?getVdispMapType@UnDecorator@@CA?AVDName@@ABV2@@Z 1004d740 f i LIBCMTD:undname.obj
 0001:0004c7b0       ?getExternalDataType@UnDecorator@@CA?AVDName@@ABV2@@Z 1004d7b0 f i LIBCMTD:undname.obj
 0001:0004c840       ?doMSKeywords@UnDecorator@@SAHXZ 1004d840 f i LIBCMTD:undname.obj
 0001:0004c860       ?doPtr64@UnDecorator@@SAHXZ 1004d860 f i LIBCMTD:undname.obj
 0001:0004c880       ?doFunctionReturns@UnDecorator@@SAHXZ 1004d880 f i LIBCMTD:undname.obj
 0001:0004c8a0       ?doAllocationModel@UnDecorator@@SAHXZ 1004d8a0 f i LIBCMTD:undname.obj
 0001:0004c8c0       ?doAllocationLanguage@UnDecorator@@SAHXZ 1004d8c0 f i LIBCMTD:undname.obj
 0001:0004c8e0       ?doThisTypes@UnDecorator@@SAHXZ 1004d8e0 f i LIBCMTD:undname.obj
 0001:0004c900       ?doAccessSpecifiers@UnDecorator@@SAHXZ 1004d900 f i LIBCMTD:undname.obj
 0001:0004c920       ?doThrowTypes@UnDecorator@@SAHXZ 1004d920 f i LIBCMTD:undname.obj
 0001:0004c940       ?doMemberTypes@UnDecorator@@SAHXZ 1004d940 f i LIBCMTD:undname.obj
 0001:0004c960       ?doNameOnly@UnDecorator@@SAHXZ 1004d960 f i LIBCMTD:undname.obj
 0001:0004c970       ?doTypeOnly@UnDecorator@@SAHXZ 1004d970 f i LIBCMTD:undname.obj
 0001:0004c980       ?haveTemplateParameters@UnDecorator@@SAHXZ 1004d980 f i LIBCMTD:undname.obj
 0001:0004c990       ?doEcsu@UnDecorator@@SAHXZ 1004d990 f i LIBCMTD:undname.obj
 0001:0004c9b0       ?doEllipsis@UnDecorator@@SAHXZ 1004d9b0 f i LIBCMTD:undname.obj
 0001:0004c9d0       ?UScore@UnDecorator@@SAPBDW4Tokens@@@Z 1004d9d0 f   LIBCMTD:undname.obj
 0001:0004ca00       ?doUnderScore@UnDecorator@@SAHXZ 1004da00 f i LIBCMTD:undname.obj
 0001:0004ca20       ??2@YAPAXIAAVHeapManager@@H@Z 1004da20 f i LIBCMTD:undname.obj
 0001:0004ca40       ?getMemory@HeapManager@@QAEPAXIH@Z 1004da40 f   LIBCMTD:undname.obj
 0001:0004cb50       ??0Block@HeapManager@@QAE@XZ 1004db50 f i LIBCMTD:undname.obj
 0001:0004cb70       ??H@YA?AVDName@@DABV0@@Z   1004db70 f i LIBCMTD:undname.obj
 0001:0004cba0       ??H@YA?AVDName@@W4DNameStatus@@ABV0@@Z 1004dba0 f i LIBCMTD:undname.obj
 0001:0004cbd0       ??H@YA?AVDName@@PBDABV0@@Z 1004dbd0 f i LIBCMTD:undname.obj
 0001:0004cc00       ??0DName@@QAE@XZ           1004dc00 f i LIBCMTD:undname.obj
 0001:0004ccb0       ??0DName@@QAE@D@Z          1004dcb0 f   LIBCMTD:undname.obj
 0001:0004cd80       ??0DName@@QAE@ABV0@@Z      1004dd80 f i LIBCMTD:undname.obj
 0001:0004cee0       ??0DName@@QAE@PAV0@@Z      1004dee0 f   LIBCMTD:undname.obj
 0001:0004d000       ??0DName@@QAE@PBD@Z        1004e000 f   LIBCMTD:undname.obj
 0001:0004d0d0       ??0DName@@QAE@AAPBDD@Z     1004e0d0 f   LIBCMTD:undname.obj
 0001:0004d380       ?doNoIdentCharCheck@UnDecorator@@SAHXZ 1004e380 f i LIBCMTD:undname.obj
 0001:0004d390       ??0DName@@QAE@_K@Z         1004e390 f   LIBCMTD:undname.obj
 0001:0004d4c0       ??0DName@@QAE@_J@Z         1004e4c0 f   LIBCMTD:undname.obj
 0001:0004d630       ??0DName@@QAE@W4DNameStatus@@@Z 1004e630 f   LIBCMTD:undname.obj
 0001:0004d750       ?isValid@DName@@QBEHXZ     1004e750 f   LIBCMTD:undname.obj
 0001:0004d790       ?isEmpty@DName@@QBEHXZ     1004e790 f   LIBCMTD:undname.obj
 0001:0004d7d0       ?status@DName@@QBE?AW4DNameStatus@@XZ 1004e7d0 f i LIBCMTD:undname.obj
 0001:0004d7f0       ?clearStatus@DName@@QAEXXZ 1004e7f0 f i LIBCMTD:undname.obj
 0001:0004d810       ?setPtrRef@DName@@QAEAAV1@XZ 1004e810 f i LIBCMTD:undname.obj
 0001:0004d830       ?isPtrRef@DName@@QBEHXZ    1004e830 f i LIBCMTD:undname.obj
 0001:0004d850       ?isUDC@DName@@QBEHXZ       1004e850 f i LIBCMTD:undname.obj
[...]
 0003:0000b1a8       ?__pMyUnhandledExceptionFilter@@3PAXA 100801a8     LIBCMTD:throw.obj
 0003:0000b1b0       ??_R0?AVtype_info@@@8      100801b0     LIBCMTD:typinfo.obj
 0003:0000b1cc       ??_R0?AVbad_cast@std@@@8   100801cc     LIBCMTD:stdexcpt.obj
 0003:0000b1e8       ??_R0?AVbad_typeid@std@@@8 100801e8     LIBCMTD:stdexcpt.obj
 0003:0000b208       ??_R0?AV__non_rtti_object@std@@@8 10080208     LIBCMTD:stdexcpt.obj
 0003:0000b230       __coninpfh                 10080230     LIBCMTD:initcon.obj
 0003:0000b234       __confh                    10080234     LIBCMTD:initcon.obj
 0003:0000b260       ??_R0?AVDNameNode@@@8      10080260     LIBCMTD:undname.obj
 0003:0000b278       ??_R0?AVcharNode@@@8       10080278     LIBCMTD:undname.obj
 0003:0000b290       ??_R0?AVpcharNode@@@8      10080290     LIBCMTD:undname.obj
 0003:0000b2a8       ??_R0?AVpDNameNode@@@8     100802a8     LIBCMTD:undname.obj
 0003:0000b2c4       ??_R0?AVDNameStatusNode@@@8 100802c4     LIBCMTD:undname.obj
 0003:0000b7b4       __aenvptr                  100807b4     LIBCMTD:dllcrt0.obj
 0003:0000b7b8       __wenvptr                  100807b8     LIBCMTD:dllcrt0.obj
 0003:0000b7bc       ___error_mode              100807bc     LIBCMTD:dllcrt0.obj
 0003:0000b7c0       ___app_type                100807c0     LIBCMTD:dllcrt0.obj
 0003:0000b944       ?_pfnDumpClient@@3P6AXPAXI@ZA 10080944     LIBCMTD:dbgheap.obj
 0003:0000b94c       ___crtDebugCheckCount      1008094c     LIBCMTD:dbgheap.obj
 0003:0000b954       ___pInvalidArgHandler      10080954     LIBCMTD:invarg.obj
 0003:0000b958       __umaskval                 10080958     LIBCMTD:crt0dat.obj
 0003:0000b95c       __osplatform               1008095c     LIBCMTD:crt0dat.obj
 0003:0000b960       __osver                    10080960     LIBCMTD:crt0dat.obj
 0003:0000b964       __winver                   10080964     LIBCMTD:crt0dat.obj
 0003:0000b968       __winmajor                 10080968     LIBCMTD:crt0dat.obj
 0003:0000b96c       __winminor                 1008096c     LIBCMTD:crt0dat.obj
 0003:0000b970       ___argc                    10080970     LIBCMTD:crt0dat.obj
 0003:0000b974       ___argv                    10080974     LIBCMTD:crt0dat.obj
 0003:0000b978       ___wargv                   10080978     LIBCMTD:crt0dat.obj
 0003:0000b97c       __environ                  1008097c     LIBCMTD:crt0dat.obj
 0003:0000b980       ___initenv                 10080980     LIBCMTD:crt0dat.obj
 0003:0000b984       __wenviron                 10080984     LIBCMTD:crt0dat.obj
 0003:0000b988       ___winitenv                10080988     LIBCMTD:crt0dat.obj
 0003:0000b98c       __pgmptr                   1008098c     LIBCMTD:crt0dat.obj
 0003:0000b990       __wpgmptr                  10080990     LIBCMTD:crt0dat.obj
 0003:0000b994       __exitflag                 10080994     LIBCMTD:crt0dat.obj
 0003:0000b998       __C_Termination_Done       10080998     LIBCMTD:crt0dat.obj
 0003:0000b99c       __C_Exit_Done              1008099c     LIBCMTD:crt0dat.obj
 0003:0000b9d0       ___mbulinfo                100809d0     LIBCMTD:mbctype.obj
 0003:0000b9dc       ___mbcodepage              100809dc     LIBCMTD:mbctype.obj
 0003:0000b9e0       ___ismbcodepage            100809e0     LIBCMTD:mbctype.obj
 0003:0000b9e4       ___mblcid                  100809e4     LIBCMTD:mbctype.obj
 0003:0000b9e8       ___locale_changed          100809e8     LIBCMTD:setlocal.obj
 0003:0000b9ec       ___lc_handle               100809ec     LIBCMTD:nlsdata2.obj
 0003:0000ba04       ___lc_codepage             10080a04     LIBCMTD:nlsdata2.obj
 0003:0000ba08       ___lc_collate_cp           10080a08     LIBCMTD:nlsdata2.obj
 0003:0000ba0c       _gpFlsAlloc                10080a0c     LIBCMTD:tidtable.obj
 0003:0000ba10       _gpFlsGetValue             10080a10     LIBCMTD:tidtable.obj
 0003:0000ba14       _gpFlsSetValue             10080a14     LIBCMTD:tidtable.obj
 0003:0000ba18       _gpFlsFree                 10080a18     LIBCMTD:tidtable.obj
 0003:0000be54       __crtheap                  10080e54     LIBCMTD:heapinit.obj
 0003:0000c174       __newmode                  10081174     LIBCMTD:_newmode.obj
 0003:0000c178       ?_pnhHeap@@3P6AHI@ZA       10081178     LIBCMTD:handler.obj
 0003:0000c17c       ___sbh_pHeaderDefer        1008117c     LIBCMTD:sbheap.obj
 0003:0000c180       ?__pInconsistency@@3P6AXXZA 10081180     LIBCMTD:hooks.obj
 0003:0000c190       ___pPurecall               10081190     LIBCMTD:inithelp.obj
 0003:0000c19c       ___lconv_static_null       1008119c     LIBCMTD:lconv.obj
 0003:0000c1a0       __cflush                   100811a0     LIBCMTD:_file.obj
 0003:0000c280       ?wsprintffp@@3P6AHPADPBDZZA 10081280     LIBCMTD:error.obj
 0003:0000c284       __stdbuf                   10081284     LIBCMTD:_sftbuf.obj
 0003:0000c2c8       ?pArgList@UnDecorator@@0PAVReplicator@@A 100812c8     LIBCMTD:undname.obj
 0003:0000c2cc       ?pZNameList@UnDecorator@@0PAVReplicator@@A 100812cc     LIBCMTD:undname.obj
 0003:0000c2d0       ?pTemplateArgList@UnDecorator@@0PAVReplicator@@A 100812d0     LIBCMTD:undname.obj
 0003:0000c2d4       ?gName@UnDecorator@@0PBDB  100812d4     LIBCMTD:undname.obj
 0003:0000c2d8       ?name@UnDecorator@@0PBDB   100812d8     LIBCMTD:undname.obj
 0003:0000c2dc       ?outputString@UnDecorator@@0PADA 100812dc     LIBCMTD:undname.obj
 0003:0000c2e0       ?maxStringLength@UnDecorator@@0HA 100812e0     LIBCMTD:undname.obj
 0003:0000c2e4       ?disableFlags@UnDecorator@@0KA 100812e4     LIBCMTD:undname.obj
 0003:0000c2e8       ?m_pGetParameter@UnDecorator@@0P6APADJ@ZA 100812e8     LIBCMTD:undname.obj
 0003:0000c2ec       ?fExplicitTemplateParams@UnDecorator@@0_NA 100812ec     LIBCMTD:undname.obj
 0003:0000c2ed       ?fGetTemplateArgumentList@UnDecorator@@0_NA 100812ed     LIBCMTD:undname.obj
 0003:0000c360       _procTable                 10081360     <common>
 0003:0000c3c0       _dbConfigLock              100813c0     <common>
 0003:0000c440       _dbConfigPool              10081440     <common>
 0003:0000c480       _dbConfigServer            10081480     <common>
 0003:0000c4b0       ___piob                    100814b0     <common>
 0003:0000c800       __bufin                    10081800     <common>
 0003:0000d800       __nstream                  10082800     <common>
 0003:0000d804       ___sbh_initialized         10082804     <common>
 0003:0000d818       ___sbh_cntHeaderList       10082818     <common>
 0003:0000d81c       ___sbh_pHeaderList         1008281c     <common>
 0003:0000d820       ___sbh_threshold           10082820     <common>
 0003:0000d824       ___sbh_pHeaderScan         10082824     <common>
 0003:0000d828       ___sbh_sizeHeaderList      10082828     <common>
 0003:0000d82c       ___sbh_indGroupDefer       1008282c     <common>
 0003:0000d830       __debugger_hook_dummy      10082830     <common>
 0003:0000d83c       ___active_heap             1008283c     <common>
 0003:0000d848       __nhandle                  10082848     <common>
 0003:0000d8a0       ___pioinfo                 100828a0     <common>
 0003:0000d9a0       ___setlc_active            100829a0     <common>
 0003:0000d9b0       ___unguarded_readlc_active 100829b0     <common>
 0003:0000d9b4       ___use_sse2_mathfcns       100829b4     <common>
 0003:0000d9c4       ___sse2_available          100829c4     <common>
 0003:0000d9c8       ___env_initialized         100829c8     <common>
 0003:0000d9d8       ___onexitend               100829d8     <common>
 0003:0000d9dc       ___onexitbegin             100829dc     <common>
 0003:0000d9e0       ___mbctype_initialized     100829e0     <common>
 0003:0000d9e4       __FPinit                   100829e4     <common>
 0003:0000d9e8       ___dyn_tls_init_callback   100829e8     <common>
 0003:0000d9ec       __pfnReportHook            100829ec     <common>
 0003:0000d9fc       __pReportHookListW         100829fc     <common>
 0003:0000da00       __pReportHookList          10082a00     <common>
 0003:0000da04       __acmdln                   10082a04     <common>
 0004:00000000       __IMPORT_DESCRIPTOR_RPCRT4 10083000     rpcrt4:RPCRT4.dll
 0004:00000014       __IMPORT_DESCRIPTOR_LIBMYSQL 10083014     libmysql:LIBMYSQL.dll
 0004:00000028       __IMPORT_DESCRIPTOR_KERNEL32 10083028     kernel32:KERNEL32.dll
 0004:0000003c       __NULL_IMPORT_DESCRIPTOR   1008303c     rpcrt4:RPCRT4.dll
 0004:00000344       __imp__GetFileType@4       10083344     kernel32:KERNEL32.dll
 0004:00000348       __imp__SetEnvironmentVariableA@8 10083348     kernel32:KERNEL32.dll
 0004:0000034c       __imp__CompareStringW@24   1008334c     kernel32:KERNEL32.dll
 0004:00000350       __imp__CompareStringA@24   10083350     kernel32:KERNEL32.dll
 0004:00000354       __imp__VirtualQuery@12     10083354     kernel32:KERNEL32.dll
 0004:00000358       __imp__lstrlenA@4          10083358     kernel32:KERNEL32.dll
 0004:0000035c       __imp__RaiseException@16   1008335c     kernel32:KERNEL32.dll
 0004:00000360       __imp__GetConsoleOutputCP@0 10083360     kernel32:KERNEL32.dll
 0004:00000364       __imp__WriteConsoleA@20    10083364     kernel32:KERNEL32.dll
 0004:00000368       __imp__SetStdHandle@8      10083368     kernel32:KERNEL32.dll
 0004:0000036c       __imp__GetTimeZoneInformation@4 1008336c     kernel32:KERNEL32.dll
 0004:00000370       __imp__GetLocaleInfoW@16   10083370     kernel32:KERNEL32.dll
 0004:00000374       __imp__GetConsoleMode@8    10083374     kernel32:KERNEL32.dll
 0004:00000378       __imp__GetConsoleCP@0      10083378     kernel32:KERNEL32.dll
 0004:0000037c       __imp__GetUserDefaultLCID@0 1008337c     kernel32:KERNEL32.dll
 0004:00000380       __imp__EnumSystemLocalesA@8 10083380     kernel32:KERNEL32.dll
 0004:00000384       __imp__IsValidCodePage@4   10083384     kernel32:KERNEL32.dll
 0004:00000388       __imp__IsValidLocale@8     10083388     kernel32:KERNEL32.dll
 0004:0000038c       __imp__GetLocaleInfoA@16   1008338c     kernel32:KERNEL32.dll
 0004:00000390       __imp__GetDateFormatA@24   10083390     kernel32:KERNEL32.dll
 0004:00000394       __imp__GetTimeFormatA@24   10083394     kernel32:KERNEL32.dll
 0004:00000398       __imp__LCMapStringW@24     10083398     kernel32:KERNEL32.dll
 0004:0000039c       __imp__LCMapStringA@24     1008339c     kernel32:KERNEL32.dll
 0004:000003a0       __imp__GetStringTypeW@16   100833a0     kernel32:KERNEL32.dll
 0004:000003a4       __imp__GetStringTypeA@20   100833a4     kernel32:KERNEL32.dll
 0004:000003a8       __imp__LoadLibraryA@4      100833a8     kernel32:KERNEL32.dll
 0004:000003ac       __imp__InterlockedExchange@8 100833ac     kernel32:KERNEL32.dll
 0004:000003b0       __imp__FreeLibrary@4       100833b0     kernel32:KERNEL32.dll
 0004:000003b4       __imp__RtlUnwind@16        100833b4     kernel32:KERNEL32.dll
 0004:000003b8       __imp__MultiByteToWideChar@24 100833b8     kernel32:KERNEL32.dll
 0004:000003bc       __imp__VirtualAlloc@16     100833bc     kernel32:KERNEL32.dll
 0004:000003c0       __imp__CreateSemaphoreA@16 100833c0     kernel32:KERNEL32.dll
 0004:000003c4       __imp__CloseHandle@4       100833c4     kernel32:KERNEL32.dll
 0004:000003c8       __imp__ReleaseSemaphore@12 100833c8     kernel32:KERNEL32.dll
 0004:000003cc       __imp__EnterCriticalSection@4 100833cc     kernel32:KERNEL32.dll
 0004:000003d0       __imp__InterlockedDecrement@4 100833d0     kernel32:KERNEL32.dll
 0004:000003d4       __imp__WaitForSingleObject@8 100833d4     kernel32:KERNEL32.dll
 0004:000003d8       __imp__LeaveCriticalSection@4 100833d8     kernel32:KERNEL32.dll
 0004:000003dc       __imp__InterlockedIncrement@4 100833dc     kernel32:KERNEL32.dll
 0004:000003e0       __imp__SetLastError@4      100833e0     kernel32:KERNEL32.dll
 0004:000003e4       __imp__GetSystemTimeAsFileTime@4 100833e4     kernel32:KERNEL32.dll
 0004:000003e8       __imp__GetLastError@0      100833e8     kernel32:KERNEL32.dll
 0004:000003ec       __imp__OutputDebugStringA@4 100833ec     kernel32:KERNEL32.dll
 0004:000003f0       __imp__GetCurrentThreadId@0 100833f0     kernel32:KERNEL32.dll
 0004:000003f4       __imp__CreateFileA@28      100833f4     kernel32:KERNEL32.dll
 0004:000003f8       __imp__ReadFile@20         100833f8     kernel32:KERNEL32.dll
 0004:000003fc       __imp__SetFilePointer@16   100833fc     kernel32:KERNEL32.dll
 0004:00000400       __imp__GetFileSize@8       10083400     kernel32:KERNEL32.dll
 0004:00000404       __imp__CopyFileA@12        10083404     kernel32:KERNEL32.dll
 0004:00000408       __imp__DeleteFileA@4       10083408     kernel32:KERNEL32.dll
 0004:0000040c       __imp__FlushFileBuffers@4  1008340c     kernel32:KERNEL32.dll
 0004:00000410       __imp__SetEndOfFile@4      10083410     kernel32:KERNEL32.dll
 0004:00000414       __imp__WriteFile@20        10083414     kernel32:KERNEL32.dll
 0004:00000418       __imp__DeleteCriticalSection@4 10083418     kernel32:KERNEL32.dll
 0004:0000041c       __imp__InitializeCriticalSectionAndSpinCount@8 1008341c     kernel32:KERNEL32.dll
 0004:00000420       __imp__GetModuleFileNameW@12 10083420     kernel32:KERNEL32.dll
 0004:00000424       __imp__GetCommandLineA@0   10083424     kernel32:KERNEL32.dll
 0004:00000428       __imp__HeapFree@12         10083428     kernel32:KERNEL32.dll
 0004:0000042c       __imp__GetVersionExA@4     1008342c     kernel32:KERNEL32.dll
 0004:00000430       __imp__HeapAlloc@12        10083430     kernel32:KERNEL32.dll
 0004:00000434       __imp__GetProcessHeap@0    10083434     kernel32:KERNEL32.dll
 0004:00000438       __imp__FatalAppExitA@8     10083438     kernel32:KERNEL32.dll
 0004:0000043c       __imp__HeapValidate@12     1008343c     kernel32:KERNEL32.dll
 0004:00000440       __imp__IsBadReadPtr@8      10083440     kernel32:KERNEL32.dll
 0004:00000444       __imp__DebugBreak@0        10083444     kernel32:KERNEL32.dll
 0004:00000448       __imp__GetStdHandle@4      10083448     kernel32:KERNEL32.dll
 0004:0000044c       __imp__WriteConsoleW@20    1008344c     kernel32:KERNEL32.dll
 0004:00000450       __imp__OutputDebugStringW@4 10083450     kernel32:KERNEL32.dll
 0004:00000454       __imp__TerminateProcess@8  10083454     kernel32:KERNEL32.dll
 0004:00000458       __imp__GetCurrentProcess@0 10083458     kernel32:KERNEL32.dll
 0004:0000045c       __imp__UnhandledExceptionFilter@4 1008345c     kernel32:KERNEL32.dll
 0004:00000460       __imp__SetUnhandledExceptionFilter@4 10083460     kernel32:KERNEL32.dll
 0004:00000464       __imp__IsDebuggerPresent@0 10083464     kernel32:KERNEL32.dll
 0004:00000468       __imp__WideCharToMultiByte@32 10083468     kernel32:KERNEL32.dll
 0004:0000046c       __imp__GetProcAddress@8    1008346c     kernel32:KERNEL32.dll
 0004:00000470       __imp__GetModuleHandleA@4  10083470     kernel32:KERNEL32.dll
 0004:00000474       __imp__ExitProcess@4       10083474     kernel32:KERNEL32.dll
 0004:00000478       __imp__SetConsoleCtrlHandler@8 10083478     kernel32:KERNEL32.dll
 0004:0000047c       __imp__LoadLibraryW@4      1008347c     kernel32:KERNEL32.dll
 0004:00000480       __imp__GetACP@0            10083480     kernel32:KERNEL32.dll
 0004:00000484       __imp__GetOEMCP@0          10083484     kernel32:KERNEL32.dll
 0004:00000488       __imp__GetCPInfo@8         10083488     kernel32:KERNEL32.dll
 0004:0000048c       __imp__TlsGetValue@4       1008348c     kernel32:KERNEL32.dll
 0004:00000490       __imp__TlsAlloc@0          10083490     kernel32:KERNEL32.dll
 0004:00000494       __imp__TlsSetValue@8       10083494     kernel32:KERNEL32.dll
 0004:00000498       __imp__TlsFree@4           10083498     kernel32:KERNEL32.dll
 0004:0000049c       __imp__GetCurrentThread@0  1008349c     kernel32:KERNEL32.dll
 0004:000004a0       __imp__SetHandleCount@4    100834a0     kernel32:KERNEL32.dll
 0004:000004a4       __imp__GetStartupInfoA@4   100834a4     kernel32:KERNEL32.dll
 0004:000004a8       __imp__GetModuleFileNameA@12 100834a8     kernel32:KERNEL32.dll
 0004:000004ac       __imp__FreeEnvironmentStringsA@4 100834ac     kernel32:KERNEL32.dll
 0004:000004b0       __imp__GetEnvironmentStrings@0 100834b0     kernel32:KERNEL32.dll
 0004:000004b4       __imp__FreeEnvironmentStringsW@4 100834b4     kernel32:KERNEL32.dll
 0004:000004b8       __imp__GetEnvironmentStringsW@0 100834b8     kernel32:KERNEL32.dll
 0004:000004bc       __imp__HeapDestroy@4       100834bc     kernel32:KERNEL32.dll
 0004:000004c0       __imp__HeapCreate@12       100834c0     kernel32:KERNEL32.dll
 0004:000004c4       __imp__VirtualFree@12      100834c4     kernel32:KERNEL32.dll
 0004:000004c8       __imp__QueryPerformanceCounter@4 100834c8     kernel32:KERNEL32.dll
 0004:000004cc       __imp__GetTickCount@0      100834cc     kernel32:KERNEL32.dll
 0004:000004d0       __imp__GetCurrentProcessId@0 100834d0     kernel32:KERNEL32.dll
 0004:000004d4       __imp__InitializeCriticalSection@4 100834d4     kernel32:KERNEL32.dll
 0004:000004d8       __imp__HeapReAlloc@16      100834d8     kernel32:KERNEL32.dll
 0004:000004dc       \177KERNEL32_NULL_THUNK_DATA 100834dc     kernel32:KERNEL32.dll
 0004:00000558       __imp__mysql_stmt_store_result@4 10083558     libmysql:LIBMYSQL.dll
 0004:0000055c       __imp__mysql_errno@4       1008355c     libmysql:LIBMYSQL.dll
 0004:00000560       __imp__mysql_query@8       10083560     libmysql:LIBMYSQL.dll
 0004:00000564       __imp__mysql_stmt_result_metadata@4 10083564     libmysql:LIBMYSQL.dll
 0004:00000568       __imp__mysql_num_fields@4  10083568     libmysql:LIBMYSQL.dll
 0004:0000056c       __imp__mysql_stmt_bind_result@8 1008356c     libmysql:LIBMYSQL.dll
 0004:00000570       __imp__mysql_stmt_fetch@4  10083570     libmysql:LIBMYSQL.dll
 0004:00000574       __imp__mysql_free_result@4 10083574     libmysql:LIBMYSQL.dll
 0004:00000578       __imp__mysql_stmt_affected_rows@4 10083578     libmysql:LIBMYSQL.dll
 0004:0000057c       __imp__mysql_stmt_errno@4  1008357c     libmysql:LIBMYSQL.dll
 0004:00000580       __imp__mysql_stmt_prepare@12 10083580     libmysql:LIBMYSQL.dll
 0004:00000584       __imp__mysql_stmt_error@4  10083584     libmysql:LIBMYSQL.dll
 0004:00000588       __imp__mysql_stmt_param_count@4 10083588     libmysql:LIBMYSQL.dll
 0004:0000058c       __imp__mysql_stmt_bind_param@8 1008358c     libmysql:LIBMYSQL.dll
 0004:00000590       __imp__mysql_stmt_execute@4 10083590     libmysql:LIBMYSQL.dll
 0004:00000594       __imp__mysql_stmt_close@4  10083594     libmysql:LIBMYSQL.dll
 0004:00000598       __imp__mysql_close@4       10083598     libmysql:LIBMYSQL.dll
 0004:0000059c       __imp__mysql_ping@4        1008359c     libmysql:LIBMYSQL.dll
 0004:000005a0       __imp__mysql_init@4        100835a0     libmysql:LIBMYSQL.dll
 0004:000005a4       __imp__mysql_ssl_set@24    100835a4     libmysql:LIBMYSQL.dll
 0004:000005a8       __imp__mysql_real_connect@32 100835a8     libmysql:LIBMYSQL.dll
 0004:000005ac       __imp__mysql_error@4       100835ac     libmysql:LIBMYSQL.dll
 0004:000005b0       __imp__mysql_stmt_init@4   100835b0     libmysql:LIBMYSQL.dll
 0004:000005b4       __imp__mysql_get_server_info@4 100835b4     libmysql:LIBMYSQL.dll
 0004:000005b8       __imp__mysql_get_host_info@4 100835b8     libmysql:LIBMYSQL.dll
 0004:000005bc       __imp__mysql_get_client_info@0 100835bc     libmysql:LIBMYSQL.dll
 0004:000005c0       \177LIBMYSQL_NULL_THUNK_DATA 100835c0     libmysql:LIBMYSQL.dll
 0004:00000600       __imp__UuidCreate@4        10083600     rpcrt4:RPCRT4.dll
 0004:00000604       __imp__UuidToStringA@8     10083604     rpcrt4:RPCRT4.dll
 0004:00000608       __imp__RpcStringFreeA@4    10083608     rpcrt4:RPCRT4.dll
 0004:0000060c       \177RPCRT4_NULL_THUNK_DATA 1008360c     rpcrt4:RPCRT4.dll

 entry point at        0001:0000ef80

